1657  clock_gettime(CLOCK_MONOTONIC, {tv_sec=4625, tv_nsec=171878551}) = 0
1657  futex(0xb0f006e8, FUTEX_UNLOCK_PI_PRIVATE) = 0
1657  poll([{fd=3, events=POLLIN}, {fd=9, events=POLLIN}, {fd=11, events=POLLIN}], 3, 673 <unfinished ...>
1652  <... futex resumed> )             = 0
1652  getpid()                          = 1649
1652  getpid()                          = 1649
1652  write(4, "W", 1 <unfinished ...>
1657  <... poll resumed> )              = 1 ([{fd=3, revents=POLLIN}])
1657  futex(0xb0f006e8, FUTEX_LOCK_PI_PRIVATE, NULL <unfinished ...>
1652  <... write resumed> )             = 1
1652  futex(0xb0f006e8, FUTEX_UNLOCK_PI_PRIVATE <unfinished ...>
1657  <... futex resumed> )             = 0
1657  write(7, "\1\0\0\0\0\0\0\0", 8)   = 8
1649  <... nanosleep resumed> NULL)     = 0
1649  nanosleep({tv_sec=0, tv_nsec=20000000},  <unfinished ...>
1657  read(3, "W", 10)                  = 1
1657  clock_gettime(CLOCK_MONOTONIC, {tv_sec=4625, tv_nsec=181679253}) = 0
1657  futex(0xb0f006e8, FUTEX_UNLOCK_PI_PRIVATE) = 0
1657  poll([{fd=3, events=POLLIN}, {fd=9, events=POLLIN}, {fd=11, events=POLLIN}], 3, 663 <unfinished ...>
1652  <... futex resumed> )             = 0
1652  futex(0xb6efbb4c, FUTEX_WAKE_OP_PRIVATE, 1, 1, 0xb6efbb48, FUTEX_OP_SET<<28|0<<12|FUTEX_OP_CMP_GT<<24|0x1 <unfinished ...>
1658  <... futex resumed> )             = 0
1658  futex(0xb6efbb2c, FUTEX_WAIT_PRIVATE, 2, NULL <unfinished ...>
1652  <... futex resumed> )             = 1
1652  futex(0xb6efbb2c, FUTEX_WAKE_PRIVATE, 1 <unfinished ...>
1658  <... futex resumed> )             = 0
1658  futex(0xb6efbb2c, FUTEX_WAKE_PRIVATE, 1) = 0
1658  futex(0xb6efbb4c, FUTEX_WAIT_PRIVATE, 59, NULL <unfinished ...>
1652  <... futex resumed> )             = 1
1652  futex(0xb6efbb4c, FUTEX_WAKE_OP_PRIVATE, 1, 1, 0xb6efbb48, FUTEX_OP_SET<<28|0<<12|FUTEX_OP_CMP_GT<<24|0x1 <unfinished ...>
1658  <... futex resumed> )             = 0
1658  futex(0xb6efbb2c, FUTEX_WAIT_PRIVATE, 2, NULL <unfinished ...>
1652  <... futex resumed> )             = 1
1652  futex(0xb6efbb2c, FUTEX_WAKE_PRIVATE, 1 <unfinished ...>
1658  <... futex resumed> )             = 0
1658  futex(0xb6efbb2c, FUTEX_WAKE_PRIVATE, 1) = 0
1658  futex(0xb6efbb4c, FUTEX_WAIT_PRIVATE, 61, NULL <unfinished ...>
1652  <... futex resumed> )             = 1
1652  write(5, "l\t95\n", 5)            = 5
1652  write(5, "a\t79\t 0 97 80 93 100 93\n", 24) = 24
1652  lseek(10, 0, SEEK_SET)            = 0
1652  read(10, "1656 (mbrola) S 1649", 20) = 20
1652  poll([{fd=6, events=POLLIN}, {fd=8, events=POLLIN}], 2, 0) = 1 ([{fd=6, revents=POLLIN}])
1652  read(6, "\6\16%\fh\vu\t4\7_\4\16\2x\375\353\367_\363\307\361\237\361\206\357e\352\247\345\367\344"..., 1050) = 1050
1652  lseek(10, 0, SEEK_SET)            = 0
1652  read(10, "1656 (mbrola) S 1649", 20) = 20
1652  poll([{fd=6, events=POLLIN}, {fd=8, events=POLLIN}], 2, 0) = 1 ([{fd=6, revents=POLLIN}])
1652  read(6, "\374\341[\340\224\336\330\335\25\336\217\337\233\342\233\346\312\352f\356@\362\230\3675\375\371\1\32\6\312\10"..., 1596) = 1596
1652  getpid()                          = 1649
1652  getpid()                          = 1649
1652  write(4, "W", 1 <unfinished ...>
1657  <... poll resumed> )              = 1 ([{fd=3, revents=POLLIN}])
1657  futex(0xb0f006e8, FUTEX_LOCK_PI_PRIVATE, NULL <unfinished ...>
1652  <... write resumed> )             = 1
1652  getpid()                          = 1649
1652  futex(0xb0f006e8, FUTEX_UNLOCK_PI_PRIVATE <unfinished ...>
1657  <... futex resumed> )             = 0
1657  write(7, "\1\0\0\0\0\0\0\0", 8)   = 8
1657  read(3, "W", 10)                  = 1
1657  clock_gettime(CLOCK_MONOTONIC, {tv_sec=4625, tv_nsec=200811672}) = 0
1649  <... nanosleep resumed> NULL)     = 0
1649  nanosleep({tv_sec=0, tv_nsec=20000000},  <unfinished ...>
1657  futex(0xb0f006e8, FUTEX_UNLOCK_PI_PRIVATE) = 0
1657  poll([{fd=3, events=POLLIN}, {fd=9, events=POLLIN}, {fd=11, events=POLLIN}], 3, 644 <unfinished ...>
1652  <... futex resumed> )             = 0
1652  futex(0xb0f05d54, FUTEX_WAIT_REQUEUE_PI_PRIVATE, 63, NULL, 0xb0f006e8 <unfinished ...>
1649  <... nanosleep resumed> NULL)     = 0
1649  nanosleep({tv_sec=0, tv_nsec=20000000},  <unfinished ...>
1657  <... poll resumed> )              = 1 ([{fd=11, revents=POLLIN}])
1649  <... nanosleep resumed> NULL)     = 0
1649  nanosleep({tv_sec=0, tv_nsec=20000000},  <unfinished ...>
1657  clock_gettime(CLOCK_MONOTONIC, {tv_sec=4625, tv_nsec=249943179}) = 0
1657  read(11, "\1\0\0\0\0\0\0\0", 8)   = 8
1657  futex(0xb0f05d54, FUTEX_CMP_REQUEUE_PI_PRIVATE, 1, 2147483647, 0xb0f006e8, 64) = 1
1657  read(3, 0xb18adb10, 10)           = -1 EAGAIN (Resource temporarily unavailable)
1657  clock_gettime(CLOCK_MONOTONIC, {tv_sec=4625, tv_nsec=251338136}) = 0
1657  futex(0xb0f006e8, FUTEX_UNLOCK_PI_PRIVATE) = 0
1657  poll([{fd=3, events=POLLIN}, {fd=9, events=POLLIN}, {fd=11, events=POLLIN}], 3, 594 <unfinished ...>
1652  <... futex resumed> )             = 0
1652  getpid()                          = 1649
1652  getpid()                          = 1649
1652  write(4, "W", 1 <unfinished ...>
1657  <... poll resumed> )              = 1 ([{fd=3, revents=POLLIN}])
1657  futex(0xb0f006e8, FUTEX_LOCK_PI_PRIVATE, NULL <unfinished ...>
1652  <... write resumed> )             = 1
1652  futex(0xb0f006e8, FUTEX_UNLOCK_PI_PRIVATE <unfinished ...>
1657  <... futex resumed> )             = 0
1657  write(7, "\1\0\0\0\0\0\0\0", 8)   = 8
1657  read(3, "W", 10)                  = 1
1657  clock_gettime(CLOCK_MONOTONIC, {tv_sec=4625, tv_nsec=261654823}) = 0
1657  futex(0xb0f006e8, FUTEX_UNLOCK_PI_PRIVATE) = 0
1657  poll([{fd=3, events=POLLIN}, {fd=9, events=POLLIN}, {fd=11, events=POLLIN}], 3, 583 <unfinished ...>
1652  <... futex resumed> )             = 0
1652  futex(0xb6efbb4c, FUTEX_WAKE_OP_PRIVATE, 1, 1, 0xb6efbb48, FUTEX_OP_SET<<28|0<<12|FUTEX_OP_CMP_GT<<24|0x1 <unfinished ...>
1658  <... futex resumed> )             = 0
1658  futex(0xb6efbb2c, FUTEX_WAIT_PRIVATE, 2, NULL <unfinished ...>
1652  <... futex resumed> )             = 1
1652  futex(0xb6efbb2c, FUTEX_WAKE_PRIVATE, 1 <unfinished ...>
1658  <... futex resumed> )             = 0
1658  futex(0xb6efbb2c, FUTEX_WAKE_PRIVATE, 1) = 0
1658  futex(0xb6efbb4c, FUTEX_WAIT_PRIVATE, 63, NULL <unfinished ...>
1652  <... futex resumed> )             = 1
1652  write(5, "Z\t95\n", 5 <unfinished ...>
1649  <... nanosleep resumed> NULL)     = 0
1649  nanosleep({tv_sec=0, tv_nsec=20000000},  <unfinished ...>
1652  <... write resumed> )             = 5
1652  lseek(10, 0, SEEK_SET)            = 0
1652  read(10, "1656 (mbrola) S 1649", 20) = 20
1652  poll([{fd=6, events=POLLIN}, {fd=8, events=POLLIN}], 2, 0) = 1 ([{fd=6, revents=POLLIN}])
1652  read(6, "`!# \207\35f\31y\23\300\f\37\6\6\377\364\367\271\362\371\355F\351\366\345#\344\203\342\253\342"..., 388) = 388
1652  lseek(10, 0, SEEK_SET)            = 0
1652  read(10, "1656 (mbrola) S 1649", 20) = 20
1652  poll([{fd=6, events=POLLIN}, {fd=8, events=POLLIN}], 2, 0) = 1 ([{fd=6, revents=POLLIN}])
1652  read(6,  <unfinished ...>
1656  <... write resumed> )             = 4096
1656  _llseek(3, 2568192, [2568192], SEEK_SET) = 0
1656  read(3, "\203\377b\377U\377v\377\200\377\250\377\0\0$\0\325\377\272\377\274\377\353\377\352\377\327\377\324\377\342\377"..., 4096) = 4096
1656  read(3, "v\377\237\0T\377\"\0#\1\220\377\360\376\256\0J\0\323\377K\377F\0?\0\204\0i\0^\0"..., 4096) = 4096
1656  _llseek(3, 4427776, [4427776], SEEK_SET) = 0
1656  read(3, "\320\377D\377\340\0\230\0\261\376\363\0\303\377\25\0\37\0\224\377\243\0(\0\360\377\25\0\320\377\211\0"..., 4096) = 4096
1656  read(3, "%\0\266\377\232\377\222\0\201\377\31\0b\377\273\0\215\377\220\377\255\0(\0$\376A\1:\0\"\377"..., 4096) = 4096
1656  write(1, ",!\277\36\374\33\254\34w\35\266\0327\31\225\35\305)q+\356$\346\32\362\23\314\16\255\7H\3"..., 4096 <unfinished ...>
1652  <... read resumed> "\317\372Z\377Z\3\343\7\"\f<\20\234\24=\30\222\33\0\35\200\34q\33\351\30\10\26\351\21\276\r"..., 2258) = 2258
1652  getpid()                          = 1649
1652  getpid()                          = 1649
1652  write(4, "W", 1 <unfinished ...>
1657  <... poll resumed> )              = 1 ([{fd=3, revents=POLLIN}])
1657  futex(0xb0f006e8, FUTEX_LOCK_PI_PRIVATE, NULL <unfinished ...>
1652  <... write resumed> )             = 1
1652  getpid()                          = 1649
1652  futex(0xb0f006e8, FUTEX_UNLOCK_PI_PRIVATE <unfinished ...>
1657  <... futex resumed> )             = 0
1657  write(7, "\1\0\0\0\0\0\0\0", 8)   = 8
1657  read(3, "W", 10)                  = 1
1657  clock_gettime(CLOCK_MONOTONIC, {tv_sec=4625, tv_nsec=289984962}) = 0
1657  futex(0xb0f006e8, FUTEX_UNLOCK_PI_PRIVATE) = 0
1649  <... nanosleep resumed> NULL)     = 0
1649  nanosleep({tv_sec=0, tv_nsec=20000000},  <unfinished ...>
1657  poll([{fd=3, events=POLLIN}, {fd=9, events=POLLIN}, {fd=11, events=POLLIN}], 3, 555 <unfinished ...>
1652  <... futex resumed> )             = 0
1652  futex(0xb0f05d54, FUTEX_WAIT_REQUEUE_PI_PRIVATE, 65, NULL, 0xb0f006e8 <unfinished ...>
1649  <... nanosleep resumed> NULL)     = 0
1649  nanosleep({tv_sec=0, tv_nsec=20000000}, NULL) = 0
1649  nanosleep({tv_sec=0, tv_nsec=20000000},  <unfinished ...>
1657  <... poll resumed> )              = 1 ([{fd=11, revents=POLLIN}])
1657  clock_gettime(CLOCK_MONOTONIC, {tv_sec=4625, tv_nsec=337198528}) = 0
1657  read(11, "\1\0\0\0\0\0\0\0", 8)   = 8
1657  futex(0xb0f05d54, FUTEX_CMP_REQUEUE_PI_PRIVATE, 1, 2147483647, 0xb0f006e8, 66) = 1
1657  read(3, 0xb18adb10, 10)           = -1 EAGAIN (Resource temporarily unavailable)
1657  clock_gettime(CLOCK_MONOTONIC, {tv_sec=4625, tv_nsec=338581486}) = 0
1657  futex(0xb0f006e8, FUTEX_UNLOCK_PI_PRIVATE) = 0
1657  poll([{fd=3, events=POLLIN}, {fd=9, events=POLLIN}, {fd=11, events=POLLIN}], 3, 507 <unfinished ...>
1652  <... futex resumed> )             = 0
1652  getpid()                          = 1649
1652  getpid()                          = 1649
1652  write(4, "W", 1 <unfinished ...>
1657  <... poll resumed> )              = 1 ([{fd=3, revents=POLLIN}])
1657  futex(0xb0f006e8, FUTEX_LOCK_PI_PRIVATE, NULL <unfinished ...>
1652  <... write resumed> )             = 1
1652  futex(0xb0f006e8, FUTEX_UNLOCK_PI_PRIVATE <unfinished ...>
1657  <... futex resumed> )             = 0
1657  write(7, "\1\0\0\0\0\0\0\0", 8)   = 8
1657  read(3, "W", 10)                  = 1
1657  clock_gettime(CLOCK_MONOTONIC, {tv_sec=4625, tv_nsec=350443125}) = 0
1657  futex(0xb0f006e8, FUTEX_UNLOCK_PI_PRIVATE) = 0
1657  poll([{fd=3, events=POLLIN}, {fd=9, events=POLLIN}, {fd=11, events=POLLIN}], 3, 495 <unfinished ...>
1652  <... futex resumed> )             = 0
1652  futex(0xb6efbb4c, FUTEX_WAKE_OP_PRIVATE, 1, 1, 0xb6efbb48, FUTEX_OP_SET<<28|0<<12|FUTEX_OP_CMP_GT<<24|0x1 <unfinished ...>
1658  <... futex resumed> )             = 0
1658  futex(0xb6efbb2c, FUTEX_WAIT_PRIVATE, 2, NULL <unfinished ...>
1652  <... futex resumed> )             = 1
1652  futex(0xb6efbb2c, FUTEX_WAKE_PRIVATE, 1 <unfinished ...>
1658  <... futex resumed> )             = 0
1658  futex(0xb6efbb2c, FUTEX_WAKE_PRIVATE, 1) = 0
1658  futex(0xb6efbb4c, FUTEX_WAIT_PRIVATE, 65, NULL <unfinished ...>
1652  <... futex resumed> )             = 1
1652  lseek(10, 0, SEEK_SET <unfinished ...>
1649  <... nanosleep resumed> NULL)     = 0
1649  nanosleep({tv_sec=0, tv_nsec=20000000},  <unfinished ...>
1652  <... lseek resumed> )             = 0
1652  read(10, "1656 (mbrola) S 1649", 20) = 20
1652  poll([{fd=6, events=POLLIN}, {fd=8, events=POLLIN}], 2, 0) = 1 ([{fd=6, revents=POLLIN}])
1652  read(6,  <unfinished ...>
1656  <... write resumed> )             = 4096
1656  _llseek(3, 3211264, [3211264], SEEK_SET) = 0
1656  read(3, "w\1\262\1\345\1\355\1\254\1O\1\37\1.\1Z\1x\1j\1:\1\353\0\223\0P\0`\0"..., 4096) = 4096
1656  read(3, "\265\363\262\364\303\365F\3677\371\21\373w\374\307\375\235\377\37\2Z\4K\6\332\7:\tm\n\24\v"..., 4096) = 4096
1656  write(1, "\360\0\0\0\231\1\353\377\304\0\0\0\257\1\243\377g\0&\377\"\0j\0\367\376\215\377\31\0T\0"..., 4096 <unfinished ...>
1652  <... read resumed> "\37\375\262\376Q\1\321\376\340\374`\374\17\375\316\374a\375n\377\r\377\305\376\22\375\341\377\262\3d\2"..., 2478) = 2478
1652  lseek(10, 0, SEEK_SET)            = 0
1652  read(10, "1656 (mbrola) S 1649", 20) = 20
1652  poll([{fd=6, events=POLLIN}, {fd=8, events=POLLIN}], 2, 0) = 1 ([{fd=6, revents=POLLIN}])
1652  read(6, "a\377\242\376\375\375w\375a\375t\375\357\375\36\376\207\376\254\376\4\377\376\376\25\377\1\377\263\376\273\376"..., 168) = 168
1652  getpid()                          = 1649
1652  getpid()                          = 1649
1652  write(4, "W", 1 <unfinished ...>
1657  <... poll resumed> )              = 1 ([{fd=3, revents=POLLIN}])
1657  futex(0xb0f006e8, FUTEX_LOCK_PI_PRIVATE, NULL <unfinished ...>
1652  <... write resumed> )             = 1
1652  getpid()                          = 1649
1652  futex(0xb0f006e8, FUTEX_UNLOCK_PI_PRIVATE <unfinished ...>
1657  <... futex resumed> )             = 0
1657  write(7, "\1\0\0\0\0\0\0\0", 8)   = 8
1657  read(3, "W", 10)                  = 1
1657  clock_gettime(CLOCK_MONOTONIC, {tv_sec=4625, tv_nsec=368659572}) = 0
1657  futex(0xb0f006e8, FUTEX_UNLOCK_PI_PRIVATE) = 0
1657  poll([{fd=3, events=POLLIN}, {fd=9, events=POLLIN}, {fd=11, events=POLLIN}], 3, 476 <unfinished ...>
1652  <... futex resumed> )             = 0
1652  futex(0xb0f05d54, FUTEX_WAIT_REQUEUE_PI_PRIVATE, 67, NULL, 0xb0f006e8 <unfinished ...>
1649  <... nanosleep resumed> NULL)     = 0
1649  nanosleep({tv_sec=0, tv_nsec=20000000}, NULL) = 0
1649  nanosleep({tv_sec=0, tv_nsec=20000000}, NULL) = 0
1649  nanosleep({tv_sec=0, tv_nsec=20000000},  <unfinished ...>
1657  <... poll resumed> )              = 1 ([{fd=11, revents=POLLIN}])
1657  clock_gettime(CLOCK_MONOTONIC, {tv_sec=4625, tv_nsec=427637780}) = 0
1657  read(11, "\1\0\0\0\0\0\0\0", 8)   = 8
1657  futex(0xb0f05d54, FUTEX_CMP_REQUEUE_PI_PRIVATE, 1, 2147483647, 0xb0f006e8, 68) = 1
1657  read(3, 0xb18adb10, 10)           = -1 EAGAIN (Resource temporarily unavailable)
1657  clock_gettime(CLOCK_MONOTONIC, {tv_sec=4625, tv_nsec=429107735}) = 0
1657  futex(0xb0f006e8, FUTEX_UNLOCK_PI_PRIVATE) = 0
1657  poll([{fd=3, events=POLLIN}, {fd=9, events=POLLIN}, {fd=11, events=POLLIN}], 3, 416 <unfinished ...>
1652  <... futex resumed> )             = 0
1652  getpid()                          = 1649
1652  getpid()                          = 1649
1652  write(4, "W", 1 <unfinished ...>
1657  <... poll resumed> )              = 1 ([{fd=3, revents=POLLIN}])
1657  futex(0xb0f006e8, FUTEX_LOCK_PI_PRIVATE, NULL <unfinished ...>
1652  <... write resumed> )             = 1
1652  futex(0xb0f006e8, FUTEX_UNLOCK_PI_PRIVATE <unfinished ...>
1657  <... futex resumed> )             = 0
1657  write(7, "\1\0\0\0\0\0\0\0", 8)   = 8
1649  <... nanosleep resumed> NULL)     = 0
1649  nanosleep({tv_sec=0, tv_nsec=20000000},  <unfinished ...>
1657  read(3, "W", 10)                  = 1
1657  clock_gettime(CLOCK_MONOTONIC, {tv_sec=4625, tv_nsec=435938528}) = 0
1657  futex(0xb0f006e8, FUTEX_UNLOCK_PI_PRIVATE) = 0
1657  poll([{fd=3, events=POLLIN}, {fd=9, events=POLLIN}, {fd=11, events=POLLIN}], 3, 409 <unfinished ...>
1652  <... futex resumed> )             = 0
1652  futex(0xb6efbb4c, FUTEX_WAKE_OP_PRIVATE, 1, 1, 0xb6efbb48, FUTEX_OP_SET<<28|0<<12|FUTEX_OP_CMP_GT<<24|0x1 <unfinished ...>
1658  <... futex resumed> )             = 0
1658  futex(0xb6efbb2c, FUTEX_WAIT_PRIVATE, 2, NULL <unfinished ...>
1652  <... futex resumed> )             = 1
1652  futex(0xb6efbb2c, FUTEX_WAKE_PRIVATE, 1 <unfinished ...>
1658  <... futex resumed> )             = 0
1658  futex(0xb6efbb2c, FUTEX_WAKE_PRIVATE, 1) = 0
1658  futex(0xb6efbb4c, FUTEX_WAIT_PRIVATE, 67, NULL <unfinished ...>
1652  <... futex resumed> )             = 1
1652  write(5, "u\t97\t 0 103 80 96 100 96\n", 25) = 25
1652  lseek(10, 0, SEEK_SET)            = 0
1652  read(10, "1656 (mbrola) S 1649", 20) = 20
1652  poll([{fd=6, events=POLLIN}, {fd=8, events=POLLIN}], 2, 0) = 1 ([{fd=6, revents=POLLIN}])
1652  read(6, "9\7\317\6\37\6\r\6\254\5\241\5a\5B\5 \5\320\4\227\4V\4\374\3\242\3\373\2\203\2"..., 2646) = 2646
1652  getpid()                          = 1649
1652  getpid()                          = 1649
1652  write(4, "W", 1 <unfinished ...>
1657  <... poll resumed> )              = 1 ([{fd=3, revents=POLLIN}])
1657  futex(0xb0f006e8, FUTEX_LOCK_PI_PRIVATE, NULL <unfinished ...>
1652  <... write resumed> )             = 1
1652  getpid()                          = 1649
1652  futex(0xb0f006e8, FUTEX_UNLOCK_PI_PRIVATE <unfinished ...>
1657  <... futex resumed> )             = 0
1657  write(7, "\1\0\0\0\0\0\0\0", 8)   = 8
1657  read(3, "W", 10)                  = 1
1657  clock_gettime(CLOCK_MONOTONIC, {tv_sec=4625, tv_nsec=453868983}) = 0
1657  futex(0xb0f006e8, FUTEX_UNLOCK_PI_PRIVATE) = 0
1657  poll([{fd=3, events=POLLIN}, {fd=9, events=POLLIN}, {fd=11, events=POLLIN}], 3, 391 <unfinished ...>
1652  <... futex resumed> )             = 0
1652  futex(0xb0f05d54, FUTEX_WAIT_REQUEUE_PI_PRIVATE, 69, NULL, 0xb0f006e8 <unfinished ...>
1649  <... nanosleep resumed> NULL)     = 0
1649  nanosleep({tv_sec=0, tv_nsec=20000000}, NULL) = 0
1649  nanosleep({tv_sec=0, tv_nsec=20000000}, NULL) = 0
1649  nanosleep({tv_sec=0, tv_nsec=20000000},  <unfinished ...>
1657  <... poll resumed> )              = 1 ([{fd=11, revents=POLLIN}])
1657  clock_gettime(CLOCK_MONOTONIC, {tv_sec=4625, tv_nsec=513047185}) = 0
1657  read(11, "\1\0\0\0\0\0\0\0", 8)   = 8
1657  futex(0xb0f05d54, FUTEX_CMP_REQUEUE_PI_PRIVATE, 1, 2147483647, 0xb0f006e8, 70) = 1
1657  read(3, 0xb18adb10, 10)           = -1 EAGAIN (Resource temporarily unavailable)
1657  clock_gettime(CLOCK_MONOTONIC, {tv_sec=4625, tv_nsec=514340146}) = 0
1657  futex(0xb0f006e8, FUTEX_UNLOCK_PI_PRIVATE) = 0
1657  poll([{fd=3, events=POLLIN}, {fd=9, events=POLLIN}, {fd=11, events=POLLIN}], 3, 331 <unfinished ...>
1652  <... futex resumed> )             = 0
1652  getpid()                          = 1649
1652  getpid()                          = 1649
1652  write(4, "W", 1 <unfinished ...>
1657  <... poll resumed> )              = 1 ([{fd=3, revents=POLLIN}])
1657  futex(0xb0f006e8, FUTEX_LOCK_PI_PRIVATE, NULL <unfinished ...>
1652  <... write resumed> )             = 1
1649  <... nanosleep resumed> NULL)     = 0
1649  nanosleep({tv_sec=0, tv_nsec=20000000},  <unfinished ...>
1652  futex(0xb0f006e8, FUTEX_UNLOCK_PI_PRIVATE <unfinished ...>
1657  <... futex resumed> )             = 0
1657  write(7, "\1\0\0\0\0\0\0\0", 8)   = 8
1657  read(3, "W", 10)                  = 1
1657  clock_gettime(CLOCK_MONOTONIC, {tv_sec=4625, tv_nsec=524323842}) = 0
1657  futex(0xb0f006e8, FUTEX_UNLOCK_PI_PRIVATE) = 0
1657  poll([{fd=3, events=POLLIN}, {fd=9, events=POLLIN}, {fd=11, events=POLLIN}], 3, 321 <unfinished ...>
1652  <... futex resumed> )             = 0
1652  lseek(10, 0, SEEK_SET)            = 0
1652  read(10, "1656 (mbrola) S 1649", 20) = 20
1652  poll([{fd=6, events=POLLIN}, {fd=8, events=POLLIN}], 2, 0) = 1 ([{fd=6, revents=POLLIN}])
1652  read(6,  <unfinished ...>
1656  <... write resumed> )             = 4096
1656  _llseek(3, 2871296, [2871296], SEEK_SET) = 0
1656  read(3, "\\\6\315\5\250\5\221\5\364\4G\4V\3\220\0024\1)\0R\377\326\376\335\376\7\377a\377\355\377"..., 4096) = 4096
1656  read(3, ")\7\10\7G\5\220\5{\5k\4\233\1#\1\375\0c\1\341\377\32\376\177\374\261\373&\372\324\370"..., 4096) = 4096
1656  write(1, "\366\376\262\375\\\0^\3773\5\200\366\263\4\236\0007\376\225\375(\0047\375V\377\240\0\200\4\7\374"..., 4096 <unfinished ...>
1652  <... read resumed> "\7\24\10\21\230\r\340\t\307\5\221\2\365\377F\375v\372a\370\330\367\333\367\273\367:\367\220\366\254\366"..., 1250) = 1250
1652  lseek(10, 0, SEEK_SET)            = 0
1652  read(10, "1656 (mbrola) S 1649", 20) = 20
1652  poll([{fd=6, events=POLLIN}, {fd=8, events=POLLIN}], 2, 0) = 1 ([{fd=6, revents=POLLIN}])
1652  read(6, "\10\365%\362\345\357\350\355i\354>\353K\352\204\351\341\351F\353\22\355M\357D\361\27\364A\367\321\372"..., 1396) = 1396
1652  getpid()                          = 1649
1652  getpid()                          = 1649
1652  write(4, "W", 1 <unfinished ...>
1657  <... poll resumed> )              = 1 ([{fd=3, revents=POLLIN}])
1657  futex(0xb0f006e8, FUTEX_LOCK_PI_PRIVATE, NULL <unfinished ...>
1652  <... write resumed> )             = 1
1652  getpid()                          = 1649
1652  futex(0xb0f006e8, FUTEX_UNLOCK_PI_PRIVATE <unfinished ...>
1657  <... futex resumed> )             = 0
1657  write(7, "\1\0\0\0\0\0\0\0", 8)   = 8
1649  <... nanosleep resumed> NULL)     = 0
1649  nanosleep({tv_sec=0, tv_nsec=20000000},  <unfinished ...>
1657  read(3, "W", 10)                  = 1
1657  clock_gettime(CLOCK_MONOTONIC, {tv_sec=4625, tv_nsec=543483260}) = 0
1657  futex(0xb0f006e8, FUTEX_UNLOCK_PI_PRIVATE) = 0
1657  poll([{fd=3, events=POLLIN}, {fd=9, events=POLLIN}, {fd=11, events=POLLIN}], 3, 302 <unfinished ...>
1652  <... futex resumed> )             = 0
1652  futex(0xb0f05d54, FUTEX_WAIT_REQUEUE_PI_PRIVATE, 71, NULL, 0xb0f006e8 <unfinished ...>
1649  <... nanosleep resumed> NULL)     = 0
1649  nanosleep({tv_sec=0, tv_nsec=20000000}, NULL) = 0
1649  nanosleep({tv_sec=0, tv_nsec=20000000},  <unfinished ...>
1657  <... poll resumed> )              = 1 ([{fd=11, revents=POLLIN}])
1657  clock_gettime(CLOCK_MONOTONIC, {tv_sec=4625, tv_nsec=599136569}) = 0
1657  read(11, "\1\0\0\0\0\0\0\0", 8)   = 8
1657  futex(0xb0f05d54, FUTEX_CMP_REQUEUE_PI_PRIVATE, 1, 2147483647, 0xb0f006e8, 72) = 1
1657  read(3, 0xb18adb10, 10)           = -1 EAGAIN (Resource temporarily unavailable)
1657  clock_gettime(CLOCK_MONOTONIC, {tv_sec=4625, tv_nsec=600585525}) = 0
1657  futex(0xb0f006e8, FUTEX_UNLOCK_PI_PRIVATE) = 0
1657  poll([{fd=3, events=POLLIN}, {fd=9, events=POLLIN}, {fd=11, events=POLLIN}], 3, 245 <unfinished ...>
1652  <... futex resumed> )             = 0
1652  getpid()                          = 1649
1652  getpid()                          = 1649
1652  write(4, "W", 1 <unfinished ...>
1657  <... poll resumed> )              = 1 ([{fd=3, revents=POLLIN}])
1657  futex(0xb0f006e8, FUTEX_LOCK_PI_PRIVATE, NULL <unfinished ...>
1652  <... write resumed> )             = 1
1649  <... nanosleep resumed> NULL)     = 0
1649  nanosleep({tv_sec=0, tv_nsec=20000000},  <unfinished ...>
1652  futex(0xb0f006e8, FUTEX_UNLOCK_PI_PRIVATE <unfinished ...>
1657  <... futex resumed> )             = 0
1657  write(7, "\1\0\0\0\0\0\0\0", 8)   = 8
1657  read(3, "W", 10)                  = 1
1657  clock_gettime(CLOCK_MONOTONIC, {tv_sec=4625, tv_nsec=607189324}) = 0
1657  futex(0xb0f006e8, FUTEX_UNLOCK_PI_PRIVATE) = 0
1657  poll([{fd=3, events=POLLIN}, {fd=9, events=POLLIN}, {fd=11, events=POLLIN}], 3, 238 <unfinished ...>
1652  <... futex resumed> )             = 0
1652  futex(0xb6efbb4c, FUTEX_WAKE_OP_PRIVATE, 1, 1, 0xb6efbb48, FUTEX_OP_SET<<28|0<<12|FUTEX_OP_CMP_GT<<24|0x1 <unfinished ...>
1658  <... futex resumed> )             = 0
1658  futex(0xb6efbb2c, FUTEX_WAIT_PRIVATE, 2, NULL <unfinished ...>
1652  <... futex resumed> )             = 1
1652  futex(0xb6efbb2c, FUTEX_WAKE_PRIVATE, 1 <unfinished ...>
1658  <... futex resumed> )             = 0
1658  futex(0xb6efbb2c, FUTEX_WAKE_PRIVATE, 1) = 0
1658  futex(0xb6efbb4c, FUTEX_WAIT_PRIVATE, 69, NULL <unfinished ...>
1652  <... futex resumed> )             = 1
1652  write(5, "h\t126\n", 6)           = 6
1652  lseek(10, 0, SEEK_SET)            = 0
1652  read(10, "1656 (mbrola) S 1649", 20) = 20
1652  poll([{fd=6, events=POLLIN}, {fd=8, events=POLLIN}], 2, 0) = 1 ([{fd=6, revents=POLLIN}])
1652  read(6, "\230\26\314\26\237\26\246\25\263\24@\23\340\0210\21^\20:\17~\r\276\v*\n\373\10\335\7\224\6"..., 1644) = 1644
1652  lseek(10, 0, SEEK_SET)            = 0
1652  read(10, "1656 (mbrola) S 1649", 20) = 20
1652  poll([{fd=6, events=POLLIN}, {fd=8, events=POLLIN}], 2, 0) = 1 ([{fd=6, revents=POLLIN}])
1652  read(6,  <unfinished ...>
1656  <... write resumed> )             = 4096
1656  _llseek(3, 3305472, [3305472], SEEK_SET) = 0
1656  read(3, "w\377j\377d\377\206\377K\377m\377.\377;\377\356\376\376\376\324\376\302\376\311\376\265\376\275\376\242\376"..., 4096) = 4096
1656  read(3, "J\0\244\377\6\377\315\377C\0\334\377\34\377\324\376\"\376p\375\235\374\345\374\202\375\357\375#\375\\\374"..., 4096) = 4096
1656  write(1, "\7\2/\2\221\5\354\6.\4\234\1r\3\205\10^\7w\0\356\374X\0`\7\273\10\241\3\246\377"..., 4096 <unfinished ...>
1652  <... read resumed> "y\27\323\30\222\0332!\301!\16\33\331\0276\35\305!\353\37A\36\320 B\"\365\37\242\34r\32"..., 1002) = 1002
1652  getpid()                          = 1649
1652  getpid()                          = 1649
1652  write(4, "W", 1 <unfinished ...>
1649  <... nanosleep resumed> NULL)     = 0
1649  nanosleep({tv_sec=0, tv_nsec=20000000},  <unfinished ...>
1657  <... poll resumed> )              = 1 ([{fd=3, revents=POLLIN}])
1657  futex(0xb0f006e8, FUTEX_LOCK_PI_PRIVATE, NULL <unfinished ...>
1652  <... write resumed> )             = 1
1652  getpid()                          = 1649
1652  futex(0xb0f006e8, FUTEX_UNLOCK_PI_PRIVATE <unfinished ...>
1657  <... futex resumed> )             = 0
1657  write(7, "\1\0\0\0\0\0\0\0", 8)   = 8
1657  read(3, "W", 10)                  = 1
1657  clock_gettime(CLOCK_MONOTONIC, {tv_sec=4625, tv_nsec=631101598}) = 0
1657  futex(0xb0f006e8, FUTEX_UNLOCK_PI_PRIVATE) = 0
1657  poll([{fd=3, events=POLLIN}, {fd=9, events=POLLIN}, {fd=11, events=POLLIN}], 3, 214 <unfinished ...>
1652  <... futex resumed> )             = 0
1652  futex(0xb0f05d54, FUTEX_WAIT_REQUEUE_PI_PRIVATE, 73, NULL, 0xb0f006e8 <unfinished ...>
1649  <... nanosleep resumed> NULL)     = 0
1649  nanosleep({tv_sec=0, tv_nsec=20000000}, NULL) = 0
1649  nanosleep({tv_sec=0, tv_nsec=20000000},  <unfinished ...>
1657  <... poll resumed> )              = 1 ([{fd=11, revents=POLLIN}])
1657  clock_gettime(CLOCK_MONOTONIC, {tv_sec=4625, tv_nsec=679954114}) = 0
1657  read(11, "\1\0\0\0\0\0\0\0", 8)   = 8
1657  futex(0xb0f05d54, FUTEX_CMP_REQUEUE_PI_PRIVATE, 1, 2147483647, 0xb0f006e8, 74) = 1
1657  read(3, 0xb18adb10, 10)           = -1 EAGAIN (Resource temporarily unavailable)
1657  clock_gettime(CLOCK_MONOTONIC, {tv_sec=4625, tv_nsec=681386070}) = 0
1657  futex(0xb0f006e8, FUTEX_UNLOCK_PI_PRIVATE) = 0
1657  poll([{fd=3, events=POLLIN}, {fd=9, events=POLLIN}, {fd=11, events=POLLIN}], 3, 164 <unfinished ...>
1652  <... futex resumed> )             = 0
1652  getpid()                          = 1649
1652  getpid()                          = 1649
1652  write(4, "W", 1 <unfinished ...>
1657  <... poll resumed> )              = 1 ([{fd=3, revents=POLLIN}])
1657  futex(0xb0f006e8, FUTEX_LOCK_PI_PRIVATE, NULL <unfinished ...>
1652  <... write resumed> )             = 1
1652  futex(0xb0f006e8, FUTEX_UNLOCK_PI_PRIVATE <unfinished ...>
1657  <... futex resumed> )             = 0
1657  write(7, "\1\0\0\0\0\0\0\0", 8)   = 8
1657  read(3, "W", 10)                  = 1
1657  clock_gettime(CLOCK_MONOTONIC, {tv_sec=4625, tv_nsec=687946871}) = 0
1657  futex(0xb0f006e8, FUTEX_UNLOCK_PI_PRIVATE) = 0
1657  poll([{fd=3, events=POLLIN}, {fd=9, events=POLLIN}, {fd=11, events=POLLIN}], 3, 157 <unfinished ...>
1649  <... nanosleep resumed> NULL)     = 0
1649  nanosleep({tv_sec=0, tv_nsec=20000000},  <unfinished ...>
1652  <... futex resumed> )             = 0
1652  futex(0xb6efbb4c, FUTEX_WAKE_OP_PRIVATE, 1, 1, 0xb6efbb48, FUTEX_OP_SET<<28|0<<12|FUTEX_OP_CMP_GT<<24|0x1 <unfinished ...>
1658  <... futex resumed> )             = 0
1658  futex(0xb6efbb2c, FUTEX_WAIT_PRIVATE, 2, NULL <unfinished ...>
1652  <... futex resumed> )             = 1
1652  futex(0xb6efbb2c, FUTEX_WAKE_PRIVATE, 1 <unfinished ...>
1658  <... futex resumed> )             = 0
1658  futex(0xb6efbb2c, FUTEX_WAKE_PRIVATE, 1) = 0
1658  futex(0xb6efbb4c, FUTEX_WAIT_PRIVATE, 71, NULL <unfinished ...>
1652  <... futex resumed> )             = 1
1652  write(5, "d\t95\n", 5)            = 5
1652  lseek(10, 0, SEEK_SET)            = 0
1652  read(10, "1656 (mbrola) S 1649", 20) = 20
1652  poll([{fd=6, events=POLLIN}, {fd=8, events=POLLIN}], 2, 0) = 1 ([{fd=6, revents=POLLIN}])
1652  read(6, "Y\r}\t\33\5\373\10g\25- m#\306\"\330%\2*\354(Q%\373!\332\36R\23\20\n"..., 1206) = 1206
1652  lseek(10, 0, SEEK_SET)            = 0
1652  read(10, "1656 (mbrola) S 1649", 20) = 20
1652  poll([{fd=6, events=POLLIN}, {fd=8, events=POLLIN}], 2, 0) = 1 ([{fd=6, revents=POLLIN}])
1652  read(6, "\25\356\226\356\333\357\367\361\303\364#\370\304\374\6\2V\7\343\f\214\22-\27.\33*\36\r\36C\33"..., 1440) = 1440
1652  getpid()                          = 1649
1652  getpid()                          = 1649
1652  write(4, "W", 1 <unfinished ...>
1657  <... poll resumed> )              = 1 ([{fd=3, revents=POLLIN}])
1657  futex(0xb0f006e8, FUTEX_LOCK_PI_PRIVATE, NULL <unfinished ...>
1652  <... write resumed> )             = 1
1652  getpid()                          = 1649
1652  futex(0xb0f006e8, FUTEX_UNLOCK_PI_PRIVATE <unfinished ...>
1657  <... futex resumed> )             = 0
1657  write(7, "\1\0\0\0\0\0\0\0", 8)   = 8
1657  read(3, "W", 10)                  = 1
1657  clock_gettime(CLOCK_MONOTONIC, {tv_sec=4625, tv_nsec=711424158}) = 0
1657  futex(0xb0f006e8, FUTEX_UNLOCK_PI_PRIVATE) = 0
1657  poll([{fd=3, events=POLLIN}, {fd=9, events=POLLIN}, {fd=11, events=POLLIN}], 3, 134 <unfinished ...>
1652  <... futex resumed> )             = 0
1649  <... nanosleep resumed> NULL)     = 0
1649  nanosleep({tv_sec=0, tv_nsec=20000000},  <unfinished ...>
1652  futex(0xb0f05d54, FUTEX_WAIT_REQUEUE_PI_PRIVATE, 75, NULL, 0xb0f006e8 <unfinished ...>
1649  <... nanosleep resumed> NULL)     = 0
1649  nanosleep({tv_sec=0, tv_nsec=20000000}, NULL) = 0
1649  nanosleep({tv_sec=0, tv_nsec=20000000},  <unfinished ...>
1657  <... poll resumed> )              = 1 ([{fd=11, revents=POLLIN}])
1657  clock_gettime(CLOCK_MONOTONIC, {tv_sec=4625, tv_nsec=760280673}) = 0
1657  read(11, "\1\0\0\0\0\0\0\0", 8)   = 8
1657  futex(0xb0f05d54, FUTEX_CMP_REQUEUE_PI_PRIVATE, 1, 2147483647, 0xb0f006e8, 76) = 1
1657  read(3, 0xb18adb10, 10)           = -1 EAGAIN (Resource temporarily unavailable)
1657  clock_gettime(CLOCK_MONOTONIC, {tv_sec=4625, tv_nsec=761572634}) = 0
1657  futex(0xb0f006e8, FUTEX_UNLOCK_PI_PRIVATE) = 0
1657  poll([{fd=3, events=POLLIN}, {fd=9, events=POLLIN}, {fd=11, events=POLLIN}], 3, 84 <unfinished ...>
1652  <... futex resumed> )             = 0
1652  getpid()                          = 1649
1652  getpid()                          = 1649
1652  write(4, "W", 1 <unfinished ...>
1657  <... poll resumed> )              = 1 ([{fd=3, revents=POLLIN}])
1657  futex(0xb0f006e8, FUTEX_LOCK_PI_PRIVATE, NULL <unfinished ...>
1652  <... write resumed> )             = 1
1652  futex(0xb0f006e8, FUTEX_UNLOCK_PI_PRIVATE <unfinished ...>
1657  <... futex resumed> )             = 0
1657  write(7, "\1\0\0\0\0\0\0\0", 8)   = 8
1657  read(3, "W", 10)                  = 1
1657  clock_gettime(CLOCK_MONOTONIC, {tv_sec=4625, tv_nsec=769046407}) = 0
1657  futex(0xb0f006e8, FUTEX_UNLOCK_PI_PRIVATE) = 0
1657  poll([{fd=3, events=POLLIN}, {fd=9, events=POLLIN}, {fd=11, events=POLLIN}], 3, 76 <unfinished ...>
1652  <... futex resumed> )             = 0
1652  futex(0xb6efbb4c, FUTEX_WAKE_OP_PRIVATE, 1, 1, 0xb6efbb48, FUTEX_OP_SET<<28|0<<12|FUTEX_OP_CMP_GT<<24|0x1 <unfinished ...>
1658  <... futex resumed> )             = 0
1658  futex(0xb6efbb2c, FUTEX_WAIT_PRIVATE, 2, NULL <unfinished ...>
1652  <... futex resumed> )             = 1
1652  futex(0xb6efbb2c, FUTEX_WAKE_PRIVATE, 1 <unfinished ...>
1649  <... nanosleep resumed> NULL)     = 0
1649  nanosleep({tv_sec=0, tv_nsec=20000000},  <unfinished ...>
1658  <... futex resumed> )             = 0
1658  futex(0xb6efbb2c, FUTEX_WAKE_PRIVATE, 1) = 0
1658  futex(0xb6efbb4c, FUTEX_WAIT_PRIVATE, 73, NULL <unfinished ...>
1652  <... futex resumed> )             = 1
1652  futex(0xb6efbb4c, FUTEX_WAKE_OP_PRIVATE, 1, 1, 0xb6efbb48, FUTEX_OP_SET<<28|0<<12|FUTEX_OP_CMP_GT<<24|0x1 <unfinished ...>
1658  <... futex resumed> )             = 0
1658  futex(0xb6efbb2c, FUTEX_WAIT_PRIVATE, 2, NULL <unfinished ...>
1652  <... futex resumed> )             = 1
1652  futex(0xb6efbb2c, FUTEX_WAKE_PRIVATE, 1 <unfinished ...>
1658  <... futex resumed> )             = 0
1658  futex(0xb6efbb2c, FUTEX_WAKE_PRIVATE, 1) = 0
1658  futex(0xb6efbb4c, FUTEX_WAIT_PRIVATE, 75, NULL <unfinished ...>
1652  <... futex resumed> )             = 1
1652  write(5, "i\t76\t 0 96 80 92 100 92\n", 24) = 24
1652  write(5, "n\t90\t100 84\n\n", 13) = 13
1652  lseek(10, 0, SEEK_SET)            = 0
1652  read(10, "1656 (mbrola) S 1649", 20) = 20
1652  poll([{fd=6, events=POLLIN}, {fd=8, events=POLLIN}], 2, 0) = 1 ([{fd=6, revents=POLLIN}])
1652  read(6, "L\36\365!\347#\215$\253!l\34\226\26\330\20\242\f:\10\204\376\30\364B\357\313\355\312\351\323\345"..., 96) = 96
1652  lseek(10, 0, SEEK_SET)            = 0
1652  read(10, "1656 (mbrola) S 1649", 20) = 20
1652  poll([{fd=6, events=POLLIN}, {fd=8, events=POLLIN}], 2, 0) = 1 ([{fd=6, revents=POLLIN}])
1652  read(6,  <unfinished ...>
1656  <... write resumed> )             = 4096
1656  _llseek(3, 5603328, [5603328], SEEK_SET) = 0
1656  read(3, "\355\377\362\377\362\377\355\377\346\377\332\377\331\377\315\377\304\377\266\377\255\377\245\377\237\377\220\377\236\377\247\377"..., 4096) = 4096
1656  read(3, "\202\5\245\6\377\7\211\t\4\vG\fJ\r\20\16\177\16_\16\r\16\321\rt\r{\f\347\n\7\t"..., 4096) = 4096
1656  read(3, "\270\366f\365\\\364a\363\25\363-\363\220\363J\364\10\366\356\367K\372K\375\350\0I\4\6\10\230\v"..., 4096) = 4096
1649  <... nanosleep resumed> NULL)     = 0
1649  nanosleep({tv_sec=0, tv_nsec=20000000},  <unfinished ...>
1656  write(1, "\271\376\367\376|\376\34\376\2\376b\376N\377\241\375F\374\205\373\265\372\316\371\235\372\36\373\301\372Z\373"..., 4096 <unfinished ...>
1652  <... read resumed> "\276\24q\24\235\23h\21\363\r\212\t\4\6\211\2\347\3768\374\36\372'\370\2\366{\364\314\363I\364"..., 2550) = 2550
1652  getpid()                          = 1649
1652  getpid()                          = 1649
1652  write(4, "W", 1 <unfinished ...>
1657  <... poll resumed> )              = 1 ([{fd=3, revents=POLLIN}])
1657  futex(0xb0f006e8, FUTEX_LOCK_PI_PRIVATE, NULL <unfinished ...>
1652  <... write resumed> )             = 1
1652  getpid()                          = 1649
1652  futex(0xb0f006e8, FUTEX_UNLOCK_PI_PRIVATE <unfinished ...>
1657  <... futex resumed> )             = 0
1657  write(7, "\1\0\0\0\0\0\0\0", 8)   = 8
1657  futex(0xb0f05d50, FUTEX_WAIT_PRIVATE, 2, NULL <unfinished ...>
1652  <... futex resumed> )             = 0
1652  futex(0xb0f05d50, FUTEX_WAKE_PRIVATE, 1 <unfinished ...>
1657  <... futex resumed> )             = 0
1657  futex(0xb0f05d50, FUTEX_WAKE_PRIVATE, 1) = 0
1657  futex(0xb0f05d54, FUTEX_CMP_REQUEUE_PI_PRIVATE, 1, 2147483647, 0xb0f006e8, 78) = 0
1657  read(3, "W", 10)                  = 1
1657  clock_gettime(CLOCK_MONOTONIC, {tv_sec=4625, tv_nsec=809116190}) = 0
1657  futex(0xb0f006e8, FUTEX_UNLOCK_PI_PRIVATE) = 0
1657  poll([{fd=3, events=POLLIN}, {fd=9, events=POLLIN}, {fd=11, events=POLLIN}], 3, 36) = 1 ([{fd=11, revents=POLLIN}])
1657  clock_gettime(CLOCK_MONOTONIC, {tv_sec=4625, tv_nsec=810210157}) = 0
1657  read(11, "\1\0\0\0\0\0\0\0", 8)   = 8
1657  read(3, 0xb18adb10, 10)           = -1 EAGAIN (Resource temporarily unavailable)
1649  <... nanosleep resumed> NULL)     = 0
1649  nanosleep({tv_sec=0, tv_nsec=20000000},  <unfinished ...>
1657  clock_gettime(CLOCK_MONOTONIC, {tv_sec=4625, tv_nsec=815857986}) = 0
1657  poll([{fd=3, events=POLLIN}, {fd=9, events=POLLIN}, {fd=11, events=POLLIN}], 3, 29 <unfinished ...>
1652  <... futex resumed> )             = 1
1652  futex(0xb0f05d54, FUTEX_WAIT_REQUEUE_PI_PRIVATE, 77, NULL, 0xb0f006e8) = -1 EAGAIN (Resource temporarily unavailable)
1652  getpid()                          = 1649
1652  getpid()                          = 1649
1652  write(4, "W", 1 <unfinished ...>
1657  <... poll resumed> )              = 1 ([{fd=3, revents=POLLIN}])
1657  futex(0xb0f006e8, FUTEX_LOCK_PI_PRIVATE, NULL <unfinished ...>
1652  <... write resumed> )             = 1
1652  futex(0xb0f006e8, FUTEX_UNLOCK_PI_PRIVATE <unfinished ...>
1657  <... futex resumed> )             = 0
1657  write(7, "\1\0\0\0\0\0\0\0", 8)   = 8
1657  read(3, "W", 10)                  = 1
1657  clock_gettime(CLOCK_MONOTONIC, {tv_sec=4625, tv_nsec=819896864}) = 0
1657  futex(0xb0f006e8, FUTEX_UNLOCK_PI_PRIVATE) = 0
1657  poll([{fd=3, events=POLLIN}, {fd=9, events=POLLIN}, {fd=11, events=POLLIN}], 3, 25 <unfinished ...>
1652  <... futex resumed> )             = 0
1652  futex(0xb6efbb4c, FUTEX_WAKE_OP_PRIVATE, 1, 1, 0xb6efbb48, FUTEX_OP_SET<<28|0<<12|FUTEX_OP_CMP_GT<<24|0x1 <unfinished ...>
1658  <... futex resumed> )             = 0
1658  futex(0xb6efbb2c, FUTEX_WAIT_PRIVATE, 2, NULL <unfinished ...>
1652  <... futex resumed> )             = 1
1652  futex(0xb6efbb2c, FUTEX_WAKE_PRIVATE, 1 <unfinished ...>
1658  <... futex resumed> )             = 0
1658  futex(0xb6efbb2c, FUTEX_WAKE_PRIVATE, 1) = 0
1658  futex(0xb6efbb4c, FUTEX_WAIT_PRIVATE, 77, NULL <unfinished ...>
1652  <... futex resumed> )             = 1
1652  write(5, "f\t150\n", 6)           = 6
1652  lseek(10, 0, SEEK_SET)            = 0
1652  read(10, "1656 (mbrola) S 1649", 20) = 20
1652  poll([{fd=6, events=POLLIN}, {fd=8, events=POLLIN}], 2, 0) = 1 ([{fd=6, revents=POLLIN}])
1652  read(6, "|\364\251\366\306\370\353\372\373\374\\\377\264\0010\4\212\6\21\t\206\v\v\16\332\17\374\21\354\23\350\25"..., 490) = 490
1652  lseek(10, 0, SEEK_SET)            = 0
1652  read(10, "1656 (mbrola) S 1649", 20) = 20
1652  poll([{fd=6, events=POLLIN}, {fd=8, events=POLLIN}], 2, 0) = 1 ([{fd=6, revents=POLLIN}])
1652  read(6, "t\1)\2\312\0022\3M\3<\3+\0038\3c\3\340\3\313\4\251\5\353\5$\6\270\6|\7"..., 2156) = 2156
1652  getpid()                          = 1649
1652  getpid()                          = 1649
1652  write(4, "W", 1 <unfinished ...>
1657  <... poll resumed> )              = 1 ([{fd=3, revents=POLLIN}])
1657  futex(0xb0f006e8, FUTEX_LOCK_PI_PRIVATE, NULL <unfinished ...>
1652  <... write resumed> )             = 1
1652  getpid()                          = 1649
1652  futex(0xb0f006e8, FUTEX_UNLOCK_PI_PRIVATE <unfinished ...>
1657  <... futex resumed> )             = 0
1649  <... nanosleep resumed> NULL)     = 0
1649  nanosleep({tv_sec=0, tv_nsec=20000000},  <unfinished ...>
1657  write(7, "\1\0\0\0\0\0\0\0", 8)   = 8
1657  read(3, "W", 10)                  = 1
1657  clock_gettime(CLOCK_MONOTONIC, {tv_sec=4625, tv_nsec=839836259}) = 0
1657  futex(0xb0f006e8, FUTEX_UNLOCK_PI_PRIVATE) = 0
1657  poll([{fd=3, events=POLLIN}, {fd=9, events=POLLIN}, {fd=11, events=POLLIN}], 3, 5 <unfinished ...>
1652  <... futex resumed> )             = 0
1652  futex(0xb0f05d54, FUTEX_WAIT_REQUEUE_PI_PRIVATE, 79, NULL, 0xb0f006e8 <unfinished ...>
1657  <... poll resumed> )              = 0 (Timeout)
1657  clock_gettime(CLOCK_MONOTONIC, {tv_sec=4625, tv_nsec=852590872}) = 0
1657  getpid()                          = 1649
1657  gettimeofday({tv_sec=1536936047, tv_usec=83043}, NULL) = 0
1657  write(4, "W", 1)                  = 1
1657  clock_gettime(CLOCK_MONOTONIC, {tv_sec=4625, tv_nsec=853803835}) = 0
1657  write(4, "W", 1)                  = 1
1657  clock_gettime(CLOCK_MONOTONIC, {tv_sec=4625, tv_nsec=854403817}) = 0
1657  write(4, "W", 1)                  = 1
1657  read(3, "WWW", 10)                = 3
1657  write(7, "\1\0\0\0\0\0\0\0", 8 <unfinished ...>
1649  <... nanosleep resumed> NULL)     = 0
1649  nanosleep({tv_sec=0, tv_nsec=20000000},  <unfinished ...>
1657  <... write resumed> )             = 8
1657  gettimeofday({tv_sec=1536936047, tv_usec=89437}, NULL) = 0
1657  clock_gettime(CLOCK_MONOTONIC, {tv_sec=4625, tv_nsec=859868651}) = 0
1657  futex(0xb0f05d54, FUTEX_CMP_REQUEUE_PI_PRIVATE, 1, 2147483647, 0xb0f006e8, 80) = 1
1657  read(3, 0xb18adb10, 10)           = -1 EAGAIN (Resource temporarily unavailable)
1657  clock_gettime(CLOCK_MONOTONIC, {tv_sec=4625, tv_nsec=866108462}) = 0
1657  futex(0xb0f006e8, FUTEX_UNLOCK_PI_PRIVATE) = 0
1657  poll([{fd=3, events=POLLIN}, {fd=9, events=POLLIN}, {fd=11, events=POLLIN}], 3, 1489) = 1 ([{fd=11, revents=POLLIN}])
1657  futex(0xb0f006e8, FUTEX_LOCK_PI_PRIVATE, NULL <unfinished ...>
1652  <... futex resumed> )             = 0
1652  getpid()                          = 1649
1652  getpid()                          = 1649
1652  write(4, "W", 1)                  = 1
1652  getpid()                          = 1649
1652  futex(0xb0f006e8, FUTEX_UNLOCK_PI_PRIVATE <unfinished ...>
1657  <... futex resumed> )             = 0
1657  write(7, "\1\0\0\0\0\0\0\0", 8)   = 8
1657  read(3, "W", 10)                  = 1
1657  clock_gettime(CLOCK_MONOTONIC, {tv_sec=4625, tv_nsec=870415332}) = 0
1657  futex(0xb0f006e8, FUTEX_UNLOCK_PI_PRIVATE) = 0
1657  poll([{fd=3, events=POLLIN}, {fd=9, events=POLLIN}, {fd=11, events=POLLIN}], 3, 1484) = 1 ([{fd=11, revents=POLLIN}])
1657  clock_gettime(CLOCK_MONOTONIC, {tv_sec=4625, tv_nsec=876289154}) = 0
1657  read(11, "\1\0\0\0\0\0\0\0", 8)   = 8
1657  read(3, 0xb18adb10, 10)           = -1 EAGAIN (Resource temporarily unavailable)
1657  clock_gettime(CLOCK_MONOTONIC, {tv_sec=4625, tv_nsec=877178127}) = 0
1657  poll([{fd=3, events=POLLIN}, {fd=9, events=POLLIN}, {fd=11, events=POLLIN}], 3, 1478 <unfinished ...>
1652  <... futex resumed> )             = 0
1652  futex(0xb0f05d54, FUTEX_WAIT_REQUEUE_PI_PRIVATE, 81, NULL, 0xb0f006e8 <unfinished ...>
1649  <... nanosleep resumed> NULL)     = 0
1649  nanosleep({tv_sec=0, tv_nsec=20000000}, NULL) = 0
1649  nanosleep({tv_sec=0, tv_nsec=20000000}, NULL) = 0
1649  nanosleep({tv_sec=0, tv_nsec=20000000},  <unfinished ...>
1657  <... poll resumed> )              = 1 ([{fd=11, revents=POLLIN}])
1657  clock_gettime(CLOCK_MONOTONIC, {tv_sec=4625, tv_nsec=939404240}) = 0
1657  read(11, "\1\0\0\0\0\0\0\0", 8)   = 8
1657  futex(0xb0f05d54, FUTEX_CMP_REQUEUE_PI_PRIVATE, 1, 2147483647, 0xb0f006e8, 82) = 1
1657  read(3, 0xb18adb10, 10)           = -1 EAGAIN (Resource temporarily unavailable)
1657  clock_gettime(CLOCK_MONOTONIC, {tv_sec=4625, tv_nsec=940845196}) = 0
1657  futex(0xb0f006e8, FUTEX_UNLOCK_PI_PRIVATE <unfinished ...>
1649  <... nanosleep resumed> NULL)     = 0
1649  nanosleep({tv_sec=0, tv_nsec=20000000},  <unfinished ...>
1657  <... futex resumed> )             = 0
1657  poll([{fd=3, events=POLLIN}, {fd=9, events=POLLIN}, {fd=11, events=POLLIN}], 3, 1414 <unfinished ...>
1652  <... futex resumed> )             = 0
1652  getpid()                          = 1649
1652  getpid()                          = 1649
1652  write(4, "W", 1 <unfinished ...>
1657  <... poll resumed> )              = 1 ([{fd=3, revents=POLLIN}])
1657  futex(0xb0f006e8, FUTEX_LOCK_PI_PRIVATE, NULL <unfinished ...>
1652  <... write resumed> )             = 1
1652  futex(0xb0f006e8, FUTEX_UNLOCK_PI_PRIVATE <unfinished ...>
1657  <... futex resumed> )             = 0
1657  write(7, "\1\0\0\0\0\0\0\0", 8)   = 8
1657  read(3, "W", 10)                  = 1
1657  clock_gettime(CLOCK_MONOTONIC, {tv_sec=4625, tv_nsec=952170853}) = 0
1657  futex(0xb0f006e8, FUTEX_UNLOCK_PI_PRIVATE) = 0
1657  poll([{fd=3, events=POLLIN}, {fd=9, events=POLLIN}, {fd=11, events=POLLIN}], 3, 1403 <unfinished ...>
1652  <... futex resumed> )             = 0
1652  futex(0xb6efbb4c, FUTEX_WAKE_OP_PRIVATE, 1, 1, 0xb6efbb48, FUTEX_OP_SET<<28|0<<12|FUTEX_OP_CMP_GT<<24|0x1 <unfinished ...>
1658  <... futex resumed> )             = 0
1658  futex(0xb6efbb2c, FUTEX_WAIT_PRIVATE, 2, NULL <unfinished ...>
1652  <... futex resumed> )             = 1
1652  futex(0xb6efbb2c, FUTEX_WAKE_PRIVATE, 1 <unfinished ...>
1658  <... futex resumed> )             = 0
1658  futex(0xb6efbb2c, FUTEX_WAKE_PRIVATE, 1) = 0
1658  futex(0xb6efbb4c, FUTEX_WAIT_PRIVATE, 79, NULL <unfinished ...>
1652  <... futex resumed> )             = 1
1652  lseek(10, 0, SEEK_SET)            = 0
1652  read(10, "1656 (mbrola) S 1649", 20) = 20
1652  poll([{fd=6, events=POLLIN}, {fd=8, events=POLLIN}], 2, 0) = 1 ([{fd=6, revents=POLLIN}])
1652  read(6,  <unfinished ...>
1656  <... write resumed> )             = 4096
1656  _llseek(3, 1982464, [1982464], SEEK_SET) = 0
1656  read(3, "\306\376\221\376F\376\17\376-\376v\376\306\376\346\376\300\376\244\376\237\376\343\376F\377\214\377\277\377\343\377"..., 4096) = 4096
1656  read(3, "\32\0\7\0\332\377\235\377\204\377Z\377\t\377\204\376\336\375C\375\236\374\356\373I\373\312\372\200\372d\372"..., 4096) = 4096
1656  _llseek(3, 3698688, [3698688], SEEK_SET) = 0
1656  read(3,  <unfinished ...>
1649  <... nanosleep resumed> NULL)     = 0
1649  nanosleep({tv_sec=0, tv_nsec=20000000},  <unfinished ...>
1656  <... read resumed> "\210\0|\0|\0i\0]\0S\0J\0?\0:\0001\0\37\0\33\0\377\377\377\377\367\377\353\377"..., 4096) = 4096
1656  read(3, "\374\2\"\3H\3{\3y\3{\3Q\3&\3\324\2n\2\271\1\303\0\233\377\237\376\234\375\262\374"..., 4096) = 4096
1656  read(3, "\210\0\344\0\342\0\245\0e\0\243\377O\377\303\376\200\376:\375\254\373\374\371\30\370-\366\334\364[\364"..., 4096) = 4096
1656  write(1, "\263\364\236\365\36\367\222\370\310\370\20\372\301\371\26\371\340\367\352\370\275\371\26\373w\3727\372\255\371\37\372"..., 4096 <unfinished ...>
1652  <... read resumed> "\206\361\265\363 \366\371\370C\373x\375e\0\221\3\350\5m\7\372\t0\r\377\17J\22\356\23\306\24"..., 788) = 788
1652  lseek(10, 0, SEEK_SET)            = 0
1652  read(10, "1656 (mbrola) S 1649", 20) = 20
1652  poll([{fd=6, events=POLLIN}, {fd=8, events=POLLIN}], 2, 0) = 1 ([{fd=6, revents=POLLIN}])
1652  read(6, "\362\376\324\0\251\2\21\1\206\375E\372\331\373\216\376\337\377\246\375b\374\214\375\6\377o\377]\377\10\0"..., 1858) = 1858
1652  getpid()                          = 1649
1652  getpid()                          = 1649
1652  write(4, "W", 1 <unfinished ...>
1657  <... poll resumed> )              = 1 ([{fd=3, revents=POLLIN}])
1657  futex(0xb0f006e8, FUTEX_LOCK_PI_PRIVATE, NULL <unfinished ...>
1652  <... write resumed> )             = 1
1652  getpid()                          = 1649
1652  futex(0xb0f006e8, FUTEX_UNLOCK_PI_PRIVATE <unfinished ...>
1657  <... futex resumed> )             = 0
1657  write(7, "\1\0\0\0\0\0\0\0", 8)   = 8
1657  read(3, "W", 10)                  = 1
1657  clock_gettime(CLOCK_MONOTONIC, {tv_sec=4625, tv_nsec=980316999}) = 0
1657  futex(0xb0f006e8, FUTEX_UNLOCK_PI_PRIVATE) = 0
1657  poll([{fd=3, events=POLLIN}, {fd=9, events=POLLIN}, {fd=11, events=POLLIN}], 3, 1375 <unfinished ...>
1652  <... futex resumed> )             = 0
1652  futex(0xb0f05d54, FUTEX_WAIT_REQUEUE_PI_PRIVATE, 83, NULL, 0xb0f006e8 <unfinished ...>
1649  <... nanosleep resumed> NULL)     = 0
1649  nanosleep({tv_sec=0, tv_nsec=20000000}, NULL) = 0
1649  nanosleep({tv_sec=0, tv_nsec=20000000}, NULL) = 0
1649  nanosleep({tv_sec=0, tv_nsec=20000000},  <unfinished ...>
1657  <... poll resumed> )              = 1 ([{fd=11, revents=POLLIN}])
1657  clock_gettime(CLOCK_MONOTONIC, {tv_sec=4626, tv_nsec=27348573}) = 0
1657  read(11, "\1\0\0\0\0\0\0\0", 8)   = 8
1657  futex(0xb0f05d54, FUTEX_CMP_REQUEUE_PI_PRIVATE, 1, 2147483647, 0xb0f006e8, 84) = 1
1657  read(3, 0xb18adb10, 10)           = -1 EAGAIN (Resource temporarily unavailable)
1657  clock_gettime(CLOCK_MONOTONIC, {tv_sec=4626, tv_nsec=28721531}) = 0
1657  futex(0xb0f006e8, FUTEX_UNLOCK_PI_PRIVATE) = 0
1657  poll([{fd=3, events=POLLIN}, {fd=9, events=POLLIN}, {fd=11, events=POLLIN}], 3, 1326 <unfinished ...>
1652  <... futex resumed> )             = 0
1652  getpid()                          = 1649
1652  getpid()                          = 1649
1652  write(4, "W", 1 <unfinished ...>
1657  <... poll resumed> )              = 1 ([{fd=3, revents=POLLIN}])
1657  futex(0xb0f006e8, FUTEX_LOCK_PI_PRIVATE, NULL <unfinished ...>
1652  <... write resumed> )             = 1
1652  futex(0xb0f006e8, FUTEX_UNLOCK_PI_PRIVATE <unfinished ...>
1657  <... futex resumed> )             = 0
1657  write(7, "\1\0\0\0\0\0\0\0", 8)   = 8
1657  read(3, "W", 10)                  = 1
1657  clock_gettime(CLOCK_MONOTONIC, {tv_sec=4626, tv_nsec=39313210}) = 0
1657  futex(0xb0f006e8, FUTEX_UNLOCK_PI_PRIVATE) = 0
1657  poll([{fd=3, events=POLLIN}, {fd=9, events=POLLIN}, {fd=11, events=POLLIN}], 3, 1316 <unfinished ...>
1652  <... futex resumed> )             = 0
1652  futex(0xb6efbb4c, FUTEX_WAKE_OP_PRIVATE, 1, 1, 0xb6efbb48, FUTEX_OP_SET<<28|0<<12|FUTEX_OP_CMP_GT<<24|0x1 <unfinished ...>
1658  <... futex resumed> )             = 0
1658  futex(0xb6efbb2c, FUTEX_WAIT_PRIVATE, 2, NULL <unfinished ...>
1652  <... futex resumed> )             = 1
1652  futex(0xb6efbb2c, FUTEX_WAKE_PRIVATE, 1 <unfinished ...>
1658  <... futex resumed> )             = 0
1658  futex(0xb6efbb2c, FUTEX_WAKE_PRIVATE, 1) = 0
1658  futex(0xb6efbb4c, FUTEX_WAIT_PRIVATE, 81, NULL <unfinished ...>
1652  <... futex resumed> )             = 1
1652  write(5, "i\t97\t 0 103 80 96 100 96\n", 25) = 25
1652  lseek(10, 0, SEEK_SET)            = 0
1652  read(10, "1656 (mbrola) S 1649", 20) = 20
1652  poll([{fd=6, events=POLLIN}, {fd=8, events=POLLIN}], 2, 0) = 1 ([{fd=6, revents=POLLIN}])
1652  read(6, "^\3\217\3\304\3:\4\306\4]\5\353\5\356\5a\5!\5P\5\376\5\313\0061\7\302\6Z\6"..., 1182) = 1182
1649  <... nanosleep resumed> NULL)     = 0
1649  nanosleep({tv_sec=0, tv_nsec=20000000},  <unfinished ...>
1652  lseek(10, 0, SEEK_SET)            = 0
1652  read(10, "1656 (mbrola) S 1649", 20) = 20
1652  poll([{fd=6, events=POLLIN}, {fd=8, events=POLLIN}], 2, 0) = 1 ([{fd=6, revents=POLLIN}])
1652  read(6,  <unfinished ...>
1656  <... write resumed> )             = 4096
1656  _llseek(3, 1875968, [1875968], SEEK_SET) = 0
1656  read(3, "r\0\\\1\236\2*\1I\377p\376\374\374C\374\\\374s\372\5\370S\367\\\366\373\364\252\365\362\366"..., 4096) = 4096
1656  read(3, "a\2\312\1H\1M\1\267\1U\2\336\2\247\3\253\4(\5\325\5\256\6/\7\256\7/\10y\10"..., 4096) = 4096
1656  read(3, "\272\375n\374q\373\221\372\326\371\27\372~\372~\372\327\372(\373\274\373\7\375\241\376\257\0\363\2E\5"..., 4096) = 4096
1656  _llseek(3, 679936, [679936], SEEK_SET) = 0
