1652  <... futex resumed> )             = 0
1652  futex(0xb6efbb4c, FUTEX_WAKE_OP_PRIVATE, 1, 1, 0xb6efbb48, FUTEX_OP_SET<<28|0<<12|FUTEX_OP_CMP_GT<<24|0x1 <unfinished ...>
1658  <... futex resumed> )             = 0
1658  futex(0xb6efbb2c, FUTEX_WAIT_PRIVATE, 2, NULL <unfinished ...>
1652  <... futex resumed> )             = 1
1652  futex(0xb6efbb2c, FUTEX_WAKE_PRIVATE, 1 <unfinished ...>
1658  <... futex resumed> )             = 0
1658  futex(0xb6efbb2c, FUTEX_WAKE_PRIVATE, 1) = 0
1658  futex(0xb6efbb4c, FUTEX_WAIT_PRIVATE, 39, NULL <unfinished ...>
1652  <... futex resumed> )             = 1
1652  write(5, "a\t59\t 0 106 80 102 100 102\n", 27) = 27
1652  lseek(10, 0, SEEK_SET)            = 0
1652  read(10, "1656 (mbrola) S 1649", 20) = 20
1652  poll([{fd=6, events=POLLIN}, {fd=8, events=POLLIN}], 2, 0) = 1 ([{fd=6, revents=POLLIN}])
1652  read(6, "\0\0\0\0\0\0\0\0\0\0\0\0\0\0\0\0\0\0\0\0\0\0\0\0\0\0\0\0\0\0\0\0"..., 2444) = 2444
1652  lseek(10, 0, SEEK_SET)            = 0
1652  read(10, "1656 (mbrola) S 1649", 20) = 20
1652  poll([{fd=6, events=POLLIN}, {fd=8, events=POLLIN}], 2, 0 <unfinished ...>
1649  <... nanosleep resumed> NULL)     = 0
1649  nanosleep({tv_sec=0, tv_nsec=20000000},  <unfinished ...>
1652  <... poll resumed> )              = 1 ([{fd=6, revents=POLLIN}])
1652  read(6, "w\2\216\2O\2\375\0014\2>\2\377\1\372\1F\2+\2\337\1\243\1\222\1j\1\376\0-\1"..., 202) = 202
1652  getpid()                          = 1649
1652  getpid()                          = 1649
1652  write(4, "W", 1 <unfinished ...>
1657  <... poll resumed> )              = 1 ([{fd=3, revents=POLLIN}])
1657  futex(0xb0f006e8, FUTEX_LOCK_PI_PRIVATE, NULL <unfinished ...>
1652  <... write resumed> )             = 1
1652  getpid()                          = 1649
1652  futex(0xb0f006e8, FUTEX_UNLOCK_PI_PRIVATE <unfinished ...>
1657  <... futex resumed> )             = 0
1657  write(7, "\1\0\0\0\0\0\0\0", 8)   = 8
1657  read(3, "W", 10)                  = 1
1657  clock_gettime(CLOCK_MONOTONIC, {tv_sec=4624, tv_nsec=290890347}) = 0
1657  futex(0xb0f006e8, FUTEX_UNLOCK_PI_PRIVATE) = 0
1657  poll([{fd=3, events=POLLIN}, {fd=9, events=POLLIN}, {fd=11, events=POLLIN}], 3, 270 <unfinished ...>
1652  <... futex resumed> )             = 0
1652  futex(0xb0f05d54, FUTEX_WAIT_REQUEUE_PI_PRIVATE, 39, NULL, 0xb0f006e8 <unfinished ...>
1649  <... nanosleep resumed> NULL)     = 0
1649  nanosleep({tv_sec=0, tv_nsec=20000000}, NULL) = 0
1649  nanosleep({tv_sec=0, tv_nsec=20000000},  <unfinished ...>
1657  <... poll resumed> )              = 1 ([{fd=11, revents=POLLIN}])
1657  clock_gettime(CLOCK_MONOTONIC, {tv_sec=4624, tv_nsec=339870856}) = 0
1657  read(11, "\1\0\0\0\0\0\0\0", 8)   = 8
1657  futex(0xb0f05d54, FUTEX_CMP_REQUEUE_PI_PRIVATE, 1, 2147483647, 0xb0f006e8, 40 <unfinished ...>
1649  <... nanosleep resumed> NULL)     = 0
1649  nanosleep({tv_sec=0, tv_nsec=20000000},  <unfinished ...>
1657  <... futex resumed> )             = 1
1657  read(3, 0xb18adb10, 10)           = -1 EAGAIN (Resource temporarily unavailable)
1657  clock_gettime(CLOCK_MONOTONIC, {tv_sec=4624, tv_nsec=341689801}) = 0
1657  futex(0xb0f006e8, FUTEX_UNLOCK_PI_PRIVATE) = 0
1657  poll([{fd=3, events=POLLIN}, {fd=9, events=POLLIN}, {fd=11, events=POLLIN}], 3, 220 <unfinished ...>
1652  <... futex resumed> )             = 0
1652  getpid()                          = 1649
1652  getpid()                          = 1649
1652  write(4, "W", 1 <unfinished ...>
1657  <... poll resumed> )              = 1 ([{fd=3, revents=POLLIN}])
1657  futex(0xb0f006e8, FUTEX_LOCK_PI_PRIVATE, NULL <unfinished ...>
1652  <... write resumed> )             = 1
1652  futex(0xb0f006e8, FUTEX_UNLOCK_PI_PRIVATE <unfinished ...>
1657  <... futex resumed> )             = 0
1657  write(7, "\1\0\0\0\0\0\0\0", 8)   = 8
1657  read(3, "W", 10)                  = 1
1657  clock_gettime(CLOCK_MONOTONIC, {tv_sec=4624, tv_nsec=349665558}) = 0
1657  futex(0xb0f006e8, FUTEX_UNLOCK_PI_PRIVATE) = 0
1657  poll([{fd=3, events=POLLIN}, {fd=9, events=POLLIN}, {fd=11, events=POLLIN}], 3, 212 <unfinished ...>
1652  <... futex resumed> )             = 0
1652  futex(0xb6efbb4c, FUTEX_WAKE_OP_PRIVATE, 1, 1, 0xb6efbb48, FUTEX_OP_SET<<28|0<<12|FUTEX_OP_CMP_GT<<24|0x1 <unfinished ...>
1658  <... futex resumed> )             = 0
1658  futex(0xb6efbb2c, FUTEX_WAIT_PRIVATE, 2, NULL <unfinished ...>
1652  <... futex resumed> )             = 1
1652  futex(0xb6efbb2c, FUTEX_WAKE_PRIVATE, 1 <unfinished ...>
1658  <... futex resumed> )             = 0
1658  futex(0xb6efbb2c, FUTEX_WAKE_PRIVATE, 1) = 0
1658  futex(0xb6efbb4c, FUTEX_WAIT_PRIVATE, 41, NULL <unfinished ...>
1652  <... futex resumed> )             = 1
1652  write(5, "b\t95\n", 5)            = 5
1652  lseek(10, 0, SEEK_SET)            = 0
1652  read(10, "1656 (mbrola) S 1649", 20) = 20
1652  poll([{fd=6, events=POLLIN}, {fd=8, events=POLLIN}], 2, 0) = 1 ([{fd=6, revents=POLLIN}])
1652  read(6,  <unfinished ...>
1656  <... write resumed> )             = 4096
1656  _llseek(3, 2252800, [2252800], SEEK_SET) = 0
1649  <... nanosleep resumed> NULL)     = 0
1649  nanosleep({tv_sec=0, tv_nsec=20000000},  <unfinished ...>
1656  read(3, "\177\376\207\376\224\376\241\376\245\376\301\376\323\376\371\376\22\3770\377N\377{\377\251\377\314\377\374\3772\0"..., 4096) = 4096
1656  read(3, "U\374\232\373\244\372H\3727\3729\372\256\371Q\370m\367\337\367R\371q\372\222\372\241\372\373\372\263\373"..., 4096) = 4096
1656  write(1, "(\376\201\3d\10%\f\v\0170\20\272\17\322\16/\0163\rW\v\213\t\262\7\327\4k\1q\374"..., 4096 <unfinished ...>
1652  <... read resumed> "\7\t\241\10\330\10\205\10\357\7\314\6\310\5\276\4%\4R\3\304\2{\1\265\0\375\377&\377\36\376"..., 1270) = 1270
1652  lseek(10, 0, SEEK_SET)            = 0
1652  read(10, "1656 (mbrola) S 1649", 20) = 20
1652  poll([{fd=6, events=POLLIN}, {fd=8, events=POLLIN}], 2, 0) = 1 ([{fd=6, revents=POLLIN}])
1652  read(6, "\4\375s\374\314\373~\374\252\375N\376\201\375\223\373g\372\262\371\336\371\321\371e\371~\370M\367\306\365"..., 1376) = 1376
1652  getpid()                          = 1649
1652  getpid()                          = 1649
1652  write(4, "W", 1 <unfinished ...>
1657  <... poll resumed> )              = 1 ([{fd=3, revents=POLLIN}])
1657  futex(0xb0f006e8, FUTEX_LOCK_PI_PRIVATE, NULL <unfinished ...>
1652  <... write resumed> )             = 1
1652  getpid()                          = 1649
1652  futex(0xb0f006e8, FUTEX_UNLOCK_PI_PRIVATE <unfinished ...>
1657  <... futex resumed> )             = 0
1657  write(7, "\1\0\0\0\0\0\0\0", 8)   = 8
1657  read(3, "W", 10)                  = 1
1657  clock_gettime(CLOCK_MONOTONIC, {tv_sec=4624, tv_nsec=372470864}) = 0
1657  futex(0xb0f006e8, FUTEX_UNLOCK_PI_PRIVATE) = 0
1657  poll([{fd=3, events=POLLIN}, {fd=9, events=POLLIN}, {fd=11, events=POLLIN}], 3, 189 <unfinished ...>
1652  <... futex resumed> )             = 0
1652  futex(0xb0f05d54, FUTEX_WAIT_REQUEUE_PI_PRIVATE, 41, NULL, 0xb0f006e8 <unfinished ...>
1649  <... nanosleep resumed> NULL)     = 0
1649  nanosleep({tv_sec=0, tv_nsec=20000000}, NULL) = 0
1649  nanosleep({tv_sec=0, tv_nsec=20000000},  <unfinished ...>
1657  <... poll resumed> )              = 1 ([{fd=11, revents=POLLIN}])
1657  clock_gettime(CLOCK_MONOTONIC, {tv_sec=4624, tv_nsec=422227349}) = 0
1657  read(11, "\1\0\0\0\0\0\0\0", 8)   = 8
1657  futex(0xb0f05d54, FUTEX_CMP_REQUEUE_PI_PRIVATE, 1, 2147483647, 0xb0f006e8, 42) = 1
1657  read(3, 0xb18adb10, 10)           = -1 EAGAIN (Resource temporarily unavailable)
1657  clock_gettime(CLOCK_MONOTONIC,  <unfinished ...>
1649  <... nanosleep resumed> NULL)     = 0
1649  nanosleep({tv_sec=0, tv_nsec=20000000},  <unfinished ...>
1657  <... clock_gettime resumed> {tv_sec=4624, tv_nsec=423949296}) = 0
1657  futex(0xb0f006e8, FUTEX_UNLOCK_PI_PRIVATE) = 0
1657  poll([{fd=3, events=POLLIN}, {fd=9, events=POLLIN}, {fd=11, events=POLLIN}], 3, 137 <unfinished ...>
1652  <... futex resumed> )             = 0
1652  getpid()                          = 1649
1652  getpid()                          = 1649
1652  write(4, "W", 1 <unfinished ...>
1657  <... poll resumed> )              = 1 ([{fd=3, revents=POLLIN}])
1657  futex(0xb0f006e8, FUTEX_LOCK_PI_PRIVATE, NULL <unfinished ...>
1652  <... write resumed> )             = 1
1652  futex(0xb0f006e8, FUTEX_UNLOCK_PI_PRIVATE <unfinished ...>
1657  <... futex resumed> )             = 0
1657  write(7, "\1\0\0\0\0\0\0\0", 8)   = 8
1657  read(3, "W", 10)                  = 1
1657  clock_gettime(CLOCK_MONOTONIC, {tv_sec=4624, tv_nsec=432122048}) = 0
1657  futex(0xb0f006e8, FUTEX_UNLOCK_PI_PRIVATE) = 0
1657  poll([{fd=3, events=POLLIN}, {fd=9, events=POLLIN}, {fd=11, events=POLLIN}], 3, 129 <unfinished ...>
1652  <... futex resumed> )             = 0
1652  futex(0xb6efbb4c, FUTEX_WAKE_OP_PRIVATE, 1, 1, 0xb6efbb48, FUTEX_OP_SET<<28|0<<12|FUTEX_OP_CMP_GT<<24|0x1 <unfinished ...>
1658  <... futex resumed> )             = 0
1658  futex(0xb6efbb2c, FUTEX_WAIT_PRIVATE, 2, NULL <unfinished ...>
1652  <... futex resumed> )             = 1
1652  futex(0xb6efbb2c, FUTEX_WAKE_PRIVATE, 1 <unfinished ...>
1658  <... futex resumed> )             = 0
1658  futex(0xb6efbb2c, FUTEX_WAKE_PRIVATE, 1) = 0
1658  futex(0xb6efbb4c, FUTEX_WAIT_PRIVATE, 43, NULL <unfinished ...>
1652  <... futex resumed> )             = 1
1652  write(5, "D\t95\n", 5)            = 5
1652  lseek(10, 0, SEEK_SET)            = 0
1652  read(10, "1656 (mbrola) S 1649", 20) = 20
1649  <... nanosleep resumed> NULL)     = 0
1649  nanosleep({tv_sec=0, tv_nsec=20000000},  <unfinished ...>
1652  poll([{fd=6, events=POLLIN}, {fd=8, events=POLLIN}], 2, 0) = 1 ([{fd=6, revents=POLLIN}])
1652  read(6, "!\5\347\4\210\4\26\4\33\4\17\4\344\3a\3m\2\240\1C\1?\1|\1e\1\242\1-\1"..., 896) = 896
1652  lseek(10, 0, SEEK_SET)            = 0
1652  read(10, "1656 (mbrola) S 1649", 20) = 20
1652  poll([{fd=6, events=POLLIN}, {fd=8, events=POLLIN}], 2, 0) = 1 ([{fd=6, revents=POLLIN}])
1652  read(6, "5\364\237\364\347\364d\365\374\365m\366\367\366\320\367\232\370\206\371.\372\377\372\327\373\245\374\376\374\t\375"..., 1750) = 1750
1652  getpid()                          = 1649
1652  getpid()                          = 1649
1652  write(4, "W", 1 <unfinished ...>
1657  <... poll resumed> )              = 1 ([{fd=3, revents=POLLIN}])
1657  futex(0xb0f006e8, FUTEX_LOCK_PI_PRIVATE, NULL <unfinished ...>
1652  <... write resumed> )             = 1
1652  getpid()                          = 1649
1652  futex(0xb0f006e8, FUTEX_UNLOCK_PI_PRIVATE <unfinished ...>
1657  <... futex resumed> )             = 0
1657  write(7, "\1\0\0\0\0\0\0\0", 8)   = 8
1657  read(3, "W", 10)                  = 1
1657  clock_gettime(CLOCK_MONOTONIC, {tv_sec=4624, tv_nsec=459807205}) = 0
1657  futex(0xb0f006e8, FUTEX_UNLOCK_PI_PRIVATE) = 0
1657  poll([{fd=3, events=POLLIN}, {fd=9, events=POLLIN}, {fd=11, events=POLLIN}], 3, 102 <unfinished ...>
1652  <... futex resumed> )             = 0
1652  futex(0xb0f05d54, FUTEX_WAIT_REQUEUE_PI_PRIVATE, 43, NULL, 0xb0f006e8 <unfinished ...>
1649  <... nanosleep resumed> NULL)     = 0
1649  nanosleep({tv_sec=0, tv_nsec=20000000}, NULL) = 0
1649  nanosleep({tv_sec=0, tv_nsec=20000000}, NULL) = 0
1649  nanosleep({tv_sec=0, tv_nsec=20000000},  <unfinished ...>
1657  <... poll resumed> )              = 1 ([{fd=11, revents=POLLIN}])
1657  clock_gettime(CLOCK_MONOTONIC, {tv_sec=4624, tv_nsec=509248700}) = 0
1657  read(11, "\1\0\0\0\0\0\0\0", 8)   = 8
1657  futex(0xb0f05d54, FUTEX_CMP_REQUEUE_PI_PRIVATE, 1, 2147483647, 0xb0f006e8, 44) = 1
1657  read(3, 0xb18adb10, 10)           = -1 EAGAIN (Resource temporarily unavailable)
1657  clock_gettime(CLOCK_MONOTONIC, {tv_sec=4624, tv_nsec=510631658}) = 0
1657  futex(0xb0f006e8, FUTEX_UNLOCK_PI_PRIVATE) = 0
1657  poll([{fd=3, events=POLLIN}, {fd=9, events=POLLIN}, {fd=11, events=POLLIN}], 3, 51 <unfinished ...>
1652  <... futex resumed> )             = 0
1652  getpid()                          = 1649
1652  getpid()                          = 1649
1652  write(4, "W", 1 <unfinished ...>
1657  <... poll resumed> )              = 1 ([{fd=3, revents=POLLIN}])
1657  futex(0xb0f006e8, FUTEX_LOCK_PI_PRIVATE, NULL <unfinished ...>
1652  <... write resumed> )             = 1
1652  futex(0xb0f006e8, FUTEX_UNLOCK_PI_PRIVATE <unfinished ...>
1657  <... futex resumed> )             = 0
1657  write(7, "\1\0\0\0\0\0\0\0", 8)   = 8
1657  read(3, "W", 10)                  = 1
1657  clock_gettime(CLOCK_MONOTONIC, {tv_sec=4624, tv_nsec=521822317}) = 0
1657  futex(0xb0f006e8, FUTEX_UNLOCK_PI_PRIVATE) = 0
1657  poll([{fd=3, events=POLLIN}, {fd=9, events=POLLIN}, {fd=11, events=POLLIN}], 3, 40 <unfinished ...>
1652  <... futex resumed> )             = 0
1652  futex(0xb6efbb4c, FUTEX_WAKE_OP_PRIVATE, 1, 1, 0xb6efbb48, FUTEX_OP_SET<<28|0<<12|FUTEX_OP_CMP_GT<<24|0x1 <unfinished ...>
1658  <... futex resumed> )             = 0
1658  futex(0xb6efbb2c, FUTEX_WAIT_PRIVATE, 2, NULL <unfinished ...>
1652  <... futex resumed> )             = 1
1652  futex(0xb6efbb2c, FUTEX_WAKE_PRIVATE, 1 <unfinished ...>
1658  <... futex resumed> )             = 0
1658  futex(0xb6efbb2c, FUTEX_WAKE_PRIVATE, 1) = 0
1658  futex(0xb6efbb4c, FUTEX_WAIT_PRIVATE, 45, NULL <unfinished ...>
1652  <... futex resumed> )             = 1
1652  write(5, "u\t92\t 0 108 80 101 100 101\n", 27) = 27
1652  lseek(10, 0, SEEK_SET)            = 0
1652  read(10, "1656 (mbrola) S 1649", 20) = 20
1652  poll([{fd=6, events=POLLIN}, {fd=8, events=POLLIN}], 2, 0) = 1 ([{fd=6, revents=POLLIN}])
1652  read(6,  <unfinished ...>
1656  <... write resumed> )             = 4096
1656  _llseek(3, 3244032, [3244032], SEEK_SET) = 0
1656  read(3, "\376\376\314\376\222\376\316\3765\377m\377%\377v\376\n\376\306\375\322\375\311\375\236\375D\375\317\3745\374"..., 4096) = 4096
1656  read(3, "\255\373\226\374\330\375\346\376\265\377\267\0\310\1\314\2\236\3d\4M\5B\6\f\7\231\7\t\10f\10"..., 4096) = 4096
1656  read(3, "\10\0\317\377\0\0\302\377\326\377\372\377\275\377\341\377\323\377\327\377\276\377\315\377\300\377\356\377\270\377\274\377"..., 4096) = 4096
1656  _llseek(3, 4038656,  <unfinished ...>
1649  <... nanosleep resumed> NULL)     = 0
1649  nanosleep({tv_sec=0, tv_nsec=20000000},  <unfinished ...>
1656  <... _llseek resumed> [4038656], SEEK_SET) = 0
1656  read(3, "\20\0\n\0\17\0\7\0\6\0\1\0\376\377\374\377\0\0\375\377\1\0\0\0\n\0\5\0\4\0\377\377"..., 4096) = 4096
1656  read(3, "\326\1Z\2\275\2\26\3\376\2\256\2\231\0025\0023\1\302\0\232\0\361\377\321\377&\0\310\3777\377"..., 4096) = 4096
1656  write(1, "\271\5\1\5z\4\350\3q\3\0\3\226\2,\2\327\1}\1\f\1\304\0`\0\17\0\203\377\26\377"..., 4096 <unfinished ...>
1652  <... read resumed> ",\377/\377\322\377\34\1g\374D\0(\0\305\1N\374\31\1\250\375X\2\217\375\375\376\375\374\207\5"..., 2646) = 2646
1652  getpid()                          = 1649
1652  getpid()                          = 1649
1652  write(4, "W", 1 <unfinished ...>
1657  <... poll resumed> )              = 1 ([{fd=3, revents=POLLIN}])
1657  futex(0xb0f006e8, FUTEX_LOCK_PI_PRIVATE, NULL <unfinished ...>
1652  <... write resumed> )             = 1
1652  getpid()                          = 1649
1652  futex(0xb0f006e8, FUTEX_UNLOCK_PI_PRIVATE <unfinished ...>
1657  <... futex resumed> )             = 0
1657  write(7, "\1\0\0\0\0\0\0\0", 8)   = 8
1657  read(3, "W", 10)                  = 1
1657  clock_gettime(CLOCK_MONOTONIC, {tv_sec=4624, tv_nsec=540640744}) = 0
1657  futex(0xb0f006e8, FUTEX_UNLOCK_PI_PRIVATE) = 0
1657  poll([{fd=3, events=POLLIN}, {fd=9, events=POLLIN}, {fd=11, events=POLLIN}], 3, 21 <unfinished ...>
1652  <... futex resumed> )             = 0
1652  futex(0xb0f05d54, FUTEX_WAIT_REQUEUE_PI_PRIVATE, 45, NULL, 0xb0f006e8 <unfinished ...>
1649  <... nanosleep resumed> NULL)     = 0
1649  nanosleep({tv_sec=0, tv_nsec=20000000},  <unfinished ...>
1657  <... poll resumed> )              = 0 (Timeout)
1657  clock_gettime(CLOCK_MONOTONIC, {tv_sec=4624, tv_nsec=562824069}) = 0
1657  getpid()                          = 1649
1657  gettimeofday({tv_sec=1536936045, tv_usec=793273}, NULL) = 0
1657  write(4, "W", 1)                  = 1
1657  clock_gettime(CLOCK_MONOTONIC, {tv_sec=4624, tv_nsec=564027032}) = 0
1657  write(4, "W", 1)                  = 1
1657  clock_gettime(CLOCK_MONOTONIC, {tv_sec=4624, tv_nsec=564621014}) = 0
1657  write(4, "W", 1)                  = 1
1657  read(3, "WWW", 10)                = 3
1657  write(7, "\1\0\0\0\0\0\0\0", 8)   = 8
1657  gettimeofday({tv_sec=1536936045, tv_usec=799212}, NULL) = 0
1657  clock_gettime(CLOCK_MONOTONIC, {tv_sec=4624, tv_nsec=569663861}) = 0
1657  futex(0xb0f05d54, FUTEX_CMP_REQUEUE_PI_PRIVATE, 1, 2147483647, 0xb0f006e8, 46) = 1
1657  read(3,  <unfinished ...>
1649  <... nanosleep resumed> NULL)     = 0
1649  nanosleep({tv_sec=0, tv_nsec=20000000},  <unfinished ...>
1657  <... read resumed> 0xb18adb10, 10) = -1 EAGAIN (Resource temporarily unavailable)
1657  clock_gettime(CLOCK_MONOTONIC, {tv_sec=4624, tv_nsec=573979729}) = 0
1657  futex(0xb0f006e8, FUTEX_UNLOCK_PI_PRIVATE) = 0
1657  poll([{fd=3, events=POLLIN}, {fd=9, events=POLLIN}, {fd=11, events=POLLIN}], 3, 1271) = 1 ([{fd=11, revents=POLLIN}])
1657  futex(0xb0f006e8, FUTEX_LOCK_PI_PRIVATE, NULL <unfinished ...>
1652  <... futex resumed> )             = 0
1652  getpid()                          = 1649
1652  getpid()                          = 1649
1652  write(4, "W", 1)                  = 1
1652  futex(0xb0f006e8, FUTEX_UNLOCK_PI_PRIVATE <unfinished ...>
1657  <... futex resumed> )             = 0
1657  write(7, "\1\0\0\0\0\0\0\0", 8)   = 8
1657  read(3, "W", 10)                  = 1
1657  clock_gettime(CLOCK_MONOTONIC, {tv_sec=4624, tv_nsec=580407534}) = 0
1657  futex(0xb0f006e8, FUTEX_UNLOCK_PI_PRIVATE) = 0
1657  poll([{fd=3, events=POLLIN}, {fd=9, events=POLLIN}, {fd=11, events=POLLIN}], 3, 1265) = 1 ([{fd=11, revents=POLLIN}])
1657  clock_gettime(CLOCK_MONOTONIC, {tv_sec=4624, tv_nsec=588733280}) = 0
1657  read(11, "\1\0\0\0\0\0\0\0", 8)   = 8
1657  read(3, 0xb18adb10, 10)           = -1 EAGAIN (Resource temporarily unavailable)
1657  clock_gettime(CLOCK_MONOTONIC, {tv_sec=4624, tv_nsec=589629253}) = 0
1657  poll([{fd=3, events=POLLIN}, {fd=9, events=POLLIN}, {fd=11, events=POLLIN}], 3, 1255 <unfinished ...>
1652  <... futex resumed> )             = 0
1652  lseek(10, 0, SEEK_SET)            = 0
1652  read(10, "1656 (mbrola) S 1649", 20) = 20
1652  poll([{fd=6, events=POLLIN}, {fd=8, events=POLLIN}], 2, 0) = 1 ([{fd=6, revents=POLLIN}])
1652  read(6, "\37\376t\377\242\1j\376\305\376.\0}\377\360\0\0\377/\377z\1\262\3765\375\316\1\302\377N\376"..., 212) = 212
1652  lseek(10, 0, SEEK_SET)            = 0
1652  read(10, "1656 (mbrola) S 1649", 20) = 20
1652  poll([{fd=6, events=POLLIN}, {fd=8, events=POLLIN}], 2, 0) = 1 ([{fd=6, revents=POLLIN}])
1652  read(6,  <unfinished ...>
1656  <... write resumed> )             = 4096
1649  <... nanosleep resumed> NULL)     = 0
1649  nanosleep({tv_sec=0, tv_nsec=20000000},  <unfinished ...>
1656  _llseek(3, 1916928, [1916928], SEEK_SET) = 0
1656  read(3, "\17\0\v\0\t\0\t\0\6\0\t\0\0\0\5\0\375\377\10\0\372\377\n\0\376\377\5\0\3\0\4\0"..., 4096) = 4096
1656  read(3, "\244\1\212\1\314\1\306\1l\1\\\1c\1\23\1\302\0\351\0\17\1\262\0N\0\234\377\306\376\241\375"..., 4096) = 4096
1656  write(1, "\25\362 \365L\370\311\372\323\374\333\377+\3`\7\24\f\177\17\326\17\30\21\310\23\261\27\24\32\300\33"..., 4096 <unfinished ...>
1652  <... read resumed> "\26\1\6\377\251\377\26\1>\0\215\376\313\376\327\0\200\0\270\376<\377}\0\313\376N\376\"\0\333\377"..., 2434) = 2434
1652  getpid()                          = 1649
1652  getpid()                          = 1649
1652  write(4, "W", 1 <unfinished ...>
1657  <... poll resumed> )              = 1 ([{fd=3, revents=POLLIN}])
1657  futex(0xb0f006e8, FUTEX_LOCK_PI_PRIVATE, NULL <unfinished ...>
1652  <... write resumed> )             = 1
1652  getpid()                          = 1649
1652  futex(0xb0f006e8, FUTEX_UNLOCK_PI_PRIVATE <unfinished ...>
1657  <... futex resumed> )             = 0
1657  write(7, "\1\0\0\0\0\0\0\0", 8)   = 8
1657  futex(0xb0f05d50, FUTEX_WAIT_PRIVATE, 2, NULL <unfinished ...>
1652  <... futex resumed> )             = 0
1652  futex(0xb0f05d50, FUTEX_WAKE_PRIVATE, 1 <unfinished ...>
1657  <... futex resumed> )             = 0
1657  futex(0xb0f05d50, FUTEX_WAKE_PRIVATE, 1) = 0
1657  futex(0xb0f05d54, FUTEX_CMP_REQUEUE_PI_PRIVATE, 1, 2147483647, 0xb0f006e8, 48) = 0
1649  <... nanosleep resumed> NULL)     = 0
1649  nanosleep({tv_sec=0, tv_nsec=20000000},  <unfinished ...>
1657  read(3, "W", 10)                  = 1
1657  clock_gettime(CLOCK_MONOTONIC, {tv_sec=4624, tv_nsec=615800456}) = 0
1657  futex(0xb0f006e8, FUTEX_UNLOCK_PI_PRIVATE) = 0
1657  poll([{fd=3, events=POLLIN}, {fd=9, events=POLLIN}, {fd=11, events=POLLIN}], 3, 1229) = 1 ([{fd=11, revents=POLLIN}])
1657  clock_gettime(CLOCK_MONOTONIC, {tv_sec=4624, tv_nsec=616999420}) = 0
1657  read(11, "\1\0\0\0\0\0\0\0", 8)   = 8
1657  read(3, 0xb18adb10, 10)           = -1 EAGAIN (Resource temporarily unavailable)
1657  clock_gettime(CLOCK_MONOTONIC, {tv_sec=4624, tv_nsec=619857333}) = 0
1657  poll([{fd=3, events=POLLIN}, {fd=9, events=POLLIN}, {fd=11, events=POLLIN}], 3, 1225 <unfinished ...>
1652  <... futex resumed> )             = 1
1652  futex(0xb0f05d54, FUTEX_WAIT_REQUEUE_PI_PRIVATE, 47, NULL, 0xb0f006e8) = -1 EAGAIN (Resource temporarily unavailable)
1652  getpid()                          = 1649
1652  getpid()                          = 1649
1652  write(4, "W", 1 <unfinished ...>
1657  <... poll resumed> )              = 1 ([{fd=3, revents=POLLIN}])
1657  futex(0xb0f006e8, FUTEX_LOCK_PI_PRIVATE, NULL <unfinished ...>
1652  <... write resumed> )             = 1
1652  getpid()                          = 1649
1652  futex(0xb0f006e8, FUTEX_UNLOCK_PI_PRIVATE <unfinished ...>
1657  <... futex resumed> )             = 0
1657  write(7, "\1\0\0\0\0\0\0\0", 8)   = 8
1657  read(3, "W", 10)                  = 1
1657  clock_gettime(CLOCK_MONOTONIC, {tv_sec=4624, tv_nsec=628465071}) = 0
1657  futex(0xb0f006e8, FUTEX_UNLOCK_PI_PRIVATE) = 0
1657  poll([{fd=3, events=POLLIN}, {fd=9, events=POLLIN}, {fd=11, events=POLLIN}], 3, 1217 <unfinished ...>
1652  <... futex resumed> )             = 0
1652  futex(0xb0f05d54, FUTEX_WAIT_REQUEUE_PI_PRIVATE, 49, NULL, 0xb0f006e8 <unfinished ...>
1649  <... nanosleep resumed> NULL)     = 0
1649  nanosleep({tv_sec=0, tv_nsec=20000000}, NULL) = 0
1649  nanosleep({tv_sec=0, tv_nsec=20000000}, NULL) = 0
1649  nanosleep({tv_sec=0, tv_nsec=20000000}, NULL) = 0
1649  nanosleep({tv_sec=0, tv_nsec=20000000},  <unfinished ...>
1657  <... poll resumed> )              = 1 ([{fd=11, revents=POLLIN}])
1657  clock_gettime(CLOCK_MONOTONIC, {tv_sec=4624, tv_nsec=705174735}) = 0
1657  read(11, "\1\0\0\0\0\0\0\0", 8)   = 8
1657  futex(0xb0f05d54, FUTEX_CMP_REQUEUE_PI_PRIVATE, 1, 2147483647, 0xb0f006e8, 50) = 1
1657  read(3, 0xb18adb10, 10)           = -1 EAGAIN (Resource temporarily unavailable)
1657  clock_gettime(CLOCK_MONOTONIC, {tv_sec=4624, tv_nsec=706480696}) = 0
1657  futex(0xb0f006e8, FUTEX_UNLOCK_PI_PRIVATE) = 0
1657  poll([{fd=3, events=POLLIN}, {fd=9, events=POLLIN}, {fd=11, events=POLLIN}], 3, 1139 <unfinished ...>
1652  <... futex resumed> )             = 0
1652  getpid()                          = 1649
1652  getpid()                          = 1649
1652  write(4, "W", 1 <unfinished ...>
1657  <... poll resumed> )              = 1 ([{fd=3, revents=POLLIN}])
1657  futex(0xb0f006e8, FUTEX_LOCK_PI_PRIVATE, NULL <unfinished ...>
1649  <... nanosleep resumed> NULL)     = 0
1649  nanosleep({tv_sec=0, tv_nsec=20000000},  <unfinished ...>
1652  <... write resumed> )             = 1
1652  futex(0xb0f006e8, FUTEX_UNLOCK_PI_PRIVATE <unfinished ...>
1657  <... futex resumed> )             = 0
1657  write(7, "\1\0\0\0\0\0\0\0", 8)   = 8
1657  read(3, "W", 10)                  = 1
1657  clock_gettime(CLOCK_MONOTONIC, {tv_sec=4624, tv_nsec=720428271}) = 0
1657  futex(0xb0f006e8, FUTEX_UNLOCK_PI_PRIVATE) = 0
1657  poll([{fd=3, events=POLLIN}, {fd=9, events=POLLIN}, {fd=11, events=POLLIN}], 3, 1125 <unfinished ...>
1652  <... futex resumed> )             = 0
1652  futex(0xb6efbb4c, FUTEX_WAKE_OP_PRIVATE, 1, 1, 0xb6efbb48, FUTEX_OP_SET<<28|0<<12|FUTEX_OP_CMP_GT<<24|0x1 <unfinished ...>
1658  <... futex resumed> )             = 0
1658  futex(0xb6efbb2c, FUTEX_WAIT_PRIVATE, 2, NULL <unfinished ...>
1652  <... futex resumed> )             = 1
1652  futex(0xb6efbb2c, FUTEX_WAKE_PRIVATE, 1 <unfinished ...>
1658  <... futex resumed> )             = 0
1658  futex(0xb6efbb2c, FUTEX_WAKE_PRIVATE, 1) = 0
1658  futex(0xb6efbb4c, FUTEX_WAIT_PRIVATE, 47, NULL <unfinished ...>
1652  <... futex resumed> )             = 1
1652  write(5, "l\t95\n", 5)            = 5
1652  lseek(10, 0, SEEK_SET)            = 0
1652  read(10, "1656 (mbrola) S 1649", 20) = 20
1652  poll([{fd=6, events=POLLIN}, {fd=8, events=POLLIN}], 2, 0) = 1 ([{fd=6, revents=POLLIN}])
1652  read(6, "\16\345\262\345\370\347{\353\357\357\335\364D\372\213\377[\5\355\n=\17J\22\214\23\306\23K\0225\17"..., 1630) = 1630
1652  lseek(10, 0, SEEK_SET)            = 0
1652  read(10, "1656 (mbrola) S 1649", 20) = 20
1652  poll([{fd=6, events=POLLIN}, {fd=8, events=POLLIN}], 2, 0) = 1 ([{fd=6, revents=POLLIN}])
1652  read(6, "\375\10e\7Z\4\243\0d\374\374\367k\365\177\366X\367\220\365\20\364\22\364\23\366Z\370U\370\356\370"..., 1016) = 1016
1652  getpid()                          = 1649
1652  getpid()                          = 1649
1652  write(4, "W", 1 <unfinished ...>
1657  <... poll resumed> )              = 1 ([{fd=3, revents=POLLIN}])
1657  futex(0xb0f006e8, FUTEX_LOCK_PI_PRIVATE, NULL <unfinished ...>
1652  <... write resumed> )             = 1
1652  futex(0xb0f006e8, FUTEX_UNLOCK_PI_PRIVATE <unfinished ...>
1657  <... futex resumed> )             = 0
1657  write(7, "\1\0\0\0\0\0\0\0", 8)   = 8
1657  read(3, "W", 10)                  = 1
1657  clock_gettime(CLOCK_MONOTONIC, {tv_sec=4624, tv_nsec=731156944}) = 0
1657  futex(0xb0f006e8, FUTEX_UNLOCK_PI_PRIVATE) = 0
1657  poll([{fd=3, events=POLLIN}, {fd=9, events=POLLIN}, {fd=11, events=POLLIN}], 3, 1114 <unfinished ...>
1652  <... futex resumed> )             = 0
1652  futex(0xb6efbb4c, FUTEX_WAKE_OP_PRIVATE, 1, 1, 0xb6efbb48, FUTEX_OP_SET<<28|0<<12|FUTEX_OP_CMP_GT<<24|0x1 <unfinished ...>
1658  <... futex resumed> )             = 0
1658  futex(0xb6efbb2c, FUTEX_WAIT_PRIVATE, 2, NULL <unfinished ...>
1652  <... futex resumed> )             = 1
1652  futex(0xb6efbb2c, FUTEX_WAKE_PRIVATE, 1 <unfinished ...>
1658  <... futex resumed> )             = 0
1649  <... nanosleep resumed> NULL)     = 0
1649  nanosleep({tv_sec=0, tv_nsec=20000000},  <unfinished ...>
1658  futex(0xb6efbb2c, FUTEX_WAKE_PRIVATE, 1) = 0
1658  futex(0xb6efbb4c, FUTEX_WAIT_PRIVATE, 49, NULL <unfinished ...>
1652  <... futex resumed> )             = 1
1652  write(5, "a\t69\t 0 101 80 97 100 97\n", 25) = 25
1652  lseek(10, 0, SEEK_SET)            = 0
1652  read(10, "1656 (mbrola) S 1649", 20) = 20
1652  poll([{fd=6, events=POLLIN}, {fd=8, events=POLLIN}], 2, 0) = 1 ([{fd=6, revents=POLLIN}])
1652  read(6,  <unfinished ...>
1656  <... write resumed> )             = 4096
1656  _llseek(3, 1982464, [1982464], SEEK_SET) = 0
1656  read(3, "\306\376\221\376F\376\17\376-\376v\376\306\376\346\376\300\376\244\376\237\376\343\376F\377\214\377\277\377\343\377"..., 4096) = 4096
1656  read(3, "\32\0\7\0\332\377\235\377\204\377Z\377\t\377\204\376\336\375C\375\236\374\356\373I\373\312\372\200\372d\372"..., 4096) = 4096
1656  _llseek(3, 3698688, [3698688], SEEK_SET) = 0
1656  read(3, "\210\0|\0|\0i\0]\0S\0J\0?\0:\0001\0\37\0\33\0\377\377\377\377\367\377\353\377"..., 4096) = 4096
1656  read(3, "\374\2\"\3H\3{\3y\3{\3Q\3&\3\324\2n\2\271\1\303\0\233\377\237\376\234\375\262\374"..., 4096) = 4096
1656  read(3, "\210\0\344\0\342\0\245\0e\0\243\377O\377\303\376\200\376:\375\254\373\374\371\30\370-\366\334\364[\364"..., 4096) = 4096
1656  write(1, "\361\34c\36\311\35\377\33\241\31e\27c\24\272\17S\v\316\6\345\1\257\375\303\371k\367\377\364{\364"..., 4096 <unfinished ...>
1652  <... read resumed> "\310\2K\3\357\3L\4\331\3\310\2L\2\365\1\31\2:\2\362\1\326\1?\2\336\2\316\3X\4"..., 2024) = 2024
1652  lseek(10, 0, SEEK_SET)            = 0
1652  read(10, "1656 (mbrola) S 1649", 20) = 20
1652  poll([{fd=6, events=POLLIN}, {fd=8, events=POLLIN}], 2, 0) = 1 ([{fd=6, revents=POLLIN}])
1652  read(6, "\275\36% L \255\37\251\37\366\37o s\37\10\36&\34\356\32\v\31|\27V\25\21\22?\16"..., 622) = 622
1652  getpid()                          = 1649
1652  getpid()                          = 1649
1652  write(4, "W", 1 <unfinished ...>
1657  <... poll resumed> )              = 1 ([{fd=3, revents=POLLIN}])
1657  futex(0xb0f006e8, FUTEX_LOCK_PI_PRIVATE, NULL <unfinished ...>
1652  <... write resumed> )             = 1
1652  getpid()                          = 1649
1652  futex(0xb0f006e8, FUTEX_UNLOCK_PI_PRIVATE <unfinished ...>
1657  <... futex resumed> )             = 0
1657  write(7, "\1\0\0\0\0\0\0\0", 8 <unfinished ...>
1649  <... nanosleep resumed> NULL)     = 0
1649  nanosleep({tv_sec=0, tv_nsec=20000000},  <unfinished ...>
1657  <... write resumed> )             = 8
1657  futex(0xb0f05d50, FUTEX_WAIT_PRIVATE, 2, NULL <unfinished ...>
1652  <... futex resumed> )             = 0
1652  futex(0xb0f05d50, FUTEX_WAKE_PRIVATE, 1 <unfinished ...>
1657  <... futex resumed> )             = 0
1657  futex(0xb0f05d50, FUTEX_WAKE_PRIVATE, 1) = 0
1657  futex(0xb0f05d54, FUTEX_CMP_REQUEUE_PI_PRIVATE, 1, 2147483647, 0xb0f006e8, 52) = 0
1657  read(3, "W", 10)                  = 1
1657  clock_gettime(CLOCK_MONOTONIC, {tv_sec=4624, tv_nsec=763260967}) = 0
1657  futex(0xb0f006e8, FUTEX_UNLOCK_PI_PRIVATE) = 0
1657  poll([{fd=3, events=POLLIN}, {fd=9, events=POLLIN}, {fd=11, events=POLLIN}], 3, 1082) = 1 ([{fd=11, revents=POLLIN}])
1657  clock_gettime(CLOCK_MONOTONIC, {tv_sec=4624, tv_nsec=764227938}) = 0
1657  read(11, "\1\0\0\0\0\0\0\0", 8)   = 8
1657  read(3, 0xb18adb10, 10)           = -1 EAGAIN (Resource temporarily unavailable)
1657  clock_gettime(CLOCK_MONOTONIC, {tv_sec=4624, tv_nsec=765146910}) = 0
1657  poll([{fd=3, events=POLLIN}, {fd=9, events=POLLIN}, {fd=11, events=POLLIN}], 3, 1080 <unfinished ...>
1652  <... futex resumed> )             = 1
1652  futex(0xb0f05d54, FUTEX_WAIT_REQUEUE_PI_PRIVATE, 51, NULL, 0xb0f006e8) = -1 EAGAIN (Resource temporarily unavailable)
1652  getpid()                          = 1649
1652  getpid()                          = 1649
1652  write(4, "W", 1 <unfinished ...>
1657  <... poll resumed> )              = 1 ([{fd=3, revents=POLLIN}])
1657  futex(0xb0f006e8, FUTEX_LOCK_PI_PRIVATE, NULL <unfinished ...>
1652  <... write resumed> )             = 1
1652  getpid()                          = 1649
1652  futex(0xb0f006e8, FUTEX_UNLOCK_PI_PRIVATE <unfinished ...>
1657  <... futex resumed> )             = 0
1657  write(7, "\1\0\0\0\0\0\0\0", 8)   = 8
1657  read(3, "W", 10)                  = 1
1657  clock_gettime(CLOCK_MONOTONIC, {tv_sec=4624, tv_nsec=775092607}) = 0
1657  futex(0xb0f006e8, FUTEX_UNLOCK_PI_PRIVATE) = 0
1657  poll([{fd=3, events=POLLIN}, {fd=9, events=POLLIN}, {fd=11, events=POLLIN}], 3, 1070 <unfinished ...>
1652  <... futex resumed> )             = 0
1652  futex(0xb0f05d54, FUTEX_WAIT_REQUEUE_PI_PRIVATE, 53, NULL, 0xb0f006e8 <unfinished ...>
1649  <... nanosleep resumed> NULL)     = 0
1649  nanosleep({tv_sec=0, tv_nsec=20000000}, NULL) = 0
1649  nanosleep({tv_sec=0, tv_nsec=20000000}, NULL) = 0
1649  nanosleep({tv_sec=0, tv_nsec=20000000}, NULL) = 0
1649  nanosleep({tv_sec=0, tv_nsec=20000000},  <unfinished ...>
1657  <... poll resumed> )              = 1 ([{fd=11, revents=POLLIN}])
1657  clock_gettime(CLOCK_MONOTONIC, {tv_sec=4624, tv_nsec=852702248}) = 0
1657  read(11, "\1\0\0\0\0\0\0\0", 8)   = 8
1657  futex(0xb0f05d54, FUTEX_CMP_REQUEUE_PI_PRIVATE, 1, 2147483647, 0xb0f006e8, 54) = 1
1657  read(3, 0xb18adb10, 10)           = -1 EAGAIN (Resource temporarily unavailable)
1657  clock_gettime(CLOCK_MONOTONIC, {tv_sec=4624, tv_nsec=854004209}) = 0
1657  futex(0xb0f006e8, FUTEX_UNLOCK_PI_PRIVATE) = 0
1657  poll([{fd=3, events=POLLIN}, {fd=9, events=POLLIN}, {fd=11, events=POLLIN}], 3, 991 <unfinished ...>
1652  <... futex resumed> )             = 0
1652  getpid()                          = 1649
1652  getpid()                          = 1649
1652  write(4, "W", 1 <unfinished ...>
1657  <... poll resumed> )              = 1 ([{fd=3, revents=POLLIN}])
1657  futex(0xb0f006e8, FUTEX_LOCK_PI_PRIVATE, NULL <unfinished ...>
1652  <... write resumed> )             = 1
1652  futex(0xb0f006e8, FUTEX_UNLOCK_PI_PRIVATE <unfinished ...>
1657  <... futex resumed> )             = 0
1657  write(7, "\1\0\0\0\0\0\0\0", 8)   = 8
1657  read(3, "W", 10)                  = 1
1657  clock_gettime(CLOCK_MONOTONIC, {tv_sec=4624, tv_nsec=860713005}) = 0
1657  futex(0xb0f006e8, FUTEX_UNLOCK_PI_PRIVATE) = 0
1657  poll([{fd=3, events=POLLIN}, {fd=9, events=POLLIN}, {fd=11, events=POLLIN}], 3, 984 <unfinished ...>
1652  <... futex resumed> )             = 0
1652  futex(0xb6efbb4c, FUTEX_WAKE_OP_PRIVATE, 1, 1, 0xb6efbb48, FUTEX_OP_SET<<28|0<<12|FUTEX_OP_CMP_GT<<24|0x1 <unfinished ...>
1649  <... nanosleep resumed> NULL)     = 0
1649  nanosleep({tv_sec=0, tv_nsec=20000000},  <unfinished ...>
1658  <... futex resumed> )             = 0
1658  futex(0xb6efbb2c, FUTEX_WAIT_PRIVATE, 2, NULL <unfinished ...>
1652  <... futex resumed> )             = 1
1652  futex(0xb6efbb2c, FUTEX_WAKE_PRIVATE, 1 <unfinished ...>
1658  <... futex resumed> )             = 0
1658  futex(0xb6efbb2c, FUTEX_WAKE_PRIVATE, 1) = 0
1658  futex(0xb6efbb4c, FUTEX_WAIT_PRIVATE, 51, NULL <unfinished ...>
1652  <... futex resumed> )             = 1
1652  write(5, "k\t162\n", 6)           = 6
1652  lseek(10, 0, SEEK_SET)            = 0
1652  read(10, "1656 (mbrola) S 1649", 20) = 20
1652  poll([{fd=6, events=POLLIN}, {fd=8, events=POLLIN}], 2, 0) = 1 ([{fd=6, revents=POLLIN}])
1652  read(6, "\253\27\216\31\356\0278\31P\0328\35\25\35\314\35\360\34\26\36\353\34\251\34&\32\210\27[\25\232\25"..., 1586) = 1586
1652  lseek(10, 0, SEEK_SET)            = 0
1652  read(10, "1656 (mbrola) S 1649", 20) = 20
1652  poll([{fd=6, events=POLLIN}, {fd=8, events=POLLIN}], 2, 0) = 1 ([{fd=6, revents=POLLIN}])
1652  read(6,  <unfinished ...>
1656  <... write resumed> )             = 4096
1656  _llseek(3, 1875968, [1875968], SEEK_SET) = 0
1656  read(3, "r\0\\\1\236\2*\1I\377p\376\374\374C\374\\\374s\372\5\370S\367\\\366\373\364\252\365\362\366"..., 4096) = 4096
1656  read(3, "a\2\312\1H\1M\1\267\1U\2\336\2\247\3\253\4(\5\325\5\256\6/\7\256\7/\10y\10"..., 4096) = 4096
1656  read(3, "\272\375n\374q\373\221\372\326\371\27\372~\372~\372\327\372(\373\274\373\7\375\241\376\257\0\363\2E\5"..., 4096) = 4096
1656  _llseek(3, 679936, [679936], SEEK_SET) = 0
1656  read(3, "\327\377\322\377\317\377\320\377\325\377\333\377\334\377\334\377\327\377\316\377\314\377\310\377\324\377\334\377\343\377\356\377"..., 4096) = 4096
1656  read(3,  <unfinished ...>
1649  <... nanosleep resumed> NULL)     = 0
1649  nanosleep({tv_sec=0, tv_nsec=20000000},  <unfinished ...>
1656  <... read resumed> "{\367\221\366\27\366\354\365\302\365r\366O\367\372\370\32\373\213\375/\0=\2=\4\262\5w\6\231\6"..., 4096) = 4096
1656  write(1, "\313\2\212\2\26\2|\1\17\1\356\0G\1\310\1\311\1\210\1\344\0\204\0\326\0K\1\306\1H\2"..., 4096 <unfinished ...>
1652  <... read resumed> "\327\4X\4\307\3>\3'\2\356\1\276\1\207\0g\377\231\376\276\374n\374k\374\252\373\233\372R\372"..., 1060) = 1060
1652  getpid()                          = 1649
1652  getpid()                          = 1649
1652  write(4, "W", 1 <unfinished ...>
1657  <... poll resumed> )              = 1 ([{fd=3, revents=POLLIN}])
1657  futex(0xb0f006e8, FUTEX_LOCK_PI_PRIVATE, NULL <unfinished ...>
1652  <... write resumed> )             = 1
1652  getpid()                          = 1649
1652  futex(0xb0f006e8, FUTEX_UNLOCK_PI_PRIVATE <unfinished ...>
1657  <... futex resumed> )             = 0
1657  write(7, "\1\0\0\0\0\0\0\0", 8)   = 8
1657  read(3, "W", 10)                  = 1
1657  clock_gettime(CLOCK_MONOTONIC, {tv_sec=4624, tv_nsec=894989963}) = 0
1657  futex(0xb0f006e8, FUTEX_UNLOCK_PI_PRIVATE) = 0
1657  poll([{fd=3, events=POLLIN}, {fd=9, events=POLLIN}, {fd=11, events=POLLIN}], 3, 950 <unfinished ...>
1652  <... futex resumed> )             = 0
1652  futex(0xb0f05d54, FUTEX_WAIT_REQUEUE_PI_PRIVATE, 55, NULL, 0xb0f006e8 <unfinished ...>
1649  <... nanosleep resumed> NULL)     = 0
1649  nanosleep({tv_sec=0, tv_nsec=20000000}, NULL) = 0
1649  nanosleep({tv_sec=0, tv_nsec=20000000},  <unfinished ...>
1657  <... poll resumed> )              = 1 ([{fd=11, revents=POLLIN}])
1657  clock_gettime(CLOCK_MONOTONIC, {tv_sec=4624, tv_nsec=943683484}) = 0
1657  read(11, "\1\0\0\0\0\0\0\0", 8)   = 8
1657  futex(0xb0f05d54, FUTEX_CMP_REQUEUE_PI_PRIVATE, 1, 2147483647, 0xb0f006e8, 56) = 1
1657  read(3, 0xb18adb10, 10)           = -1 EAGAIN (Resource temporarily unavailable)
1657  clock_gettime(CLOCK_MONOTONIC, {tv_sec=4624, tv_nsec=944985444}) = 0
1657  futex(0xb0f006e8, FUTEX_UNLOCK_PI_PRIVATE) = 0
1657  poll([{fd=3, events=POLLIN}, {fd=9, events=POLLIN}, {fd=11, events=POLLIN}], 3, 900 <unfinished ...>
1652  <... futex resumed> )             = 0
1652  getpid()                          = 1649
1649  <... nanosleep resumed> NULL)     = 0
1649  nanosleep({tv_sec=0, tv_nsec=20000000},  <unfinished ...>
1652  getpid()                          = 1649
1652  write(4, "W", 1 <unfinished ...>
1657  <... poll resumed> )              = 1 ([{fd=3, revents=POLLIN}])
1657  futex(0xb0f006e8, FUTEX_LOCK_PI_PRIVATE, NULL <unfinished ...>
1652  <... write resumed> )             = 1
1652  futex(0xb0f006e8, FUTEX_UNLOCK_PI_PRIVATE <unfinished ...>
1657  <... futex resumed> )             = 0
1657  write(7, "\1\0\0\0\0\0\0\0", 8)   = 8
1657  read(3, "W", 10)                  = 1
1657  clock_gettime(CLOCK_MONOTONIC, {tv_sec=4624, tv_nsec=951784238}) = 0
1657  futex(0xb0f006e8, FUTEX_UNLOCK_PI_PRIVATE) = 0
1657  poll([{fd=3, events=POLLIN}, {fd=9, events=POLLIN}, {fd=11, events=POLLIN}], 3, 893 <unfinished ...>
1652  <... futex resumed> )             = 0
1652  futex(0xb6efbb4c, FUTEX_WAKE_OP_PRIVATE, 1, 1, 0xb6efbb48, FUTEX_OP_SET<<28|0<<12|FUTEX_OP_CMP_GT<<24|0x1 <unfinished ...>
1658  <... futex resumed> )             = 0
1658  futex(0xb6efbb2c, FUTEX_WAIT_PRIVATE, 2, NULL <unfinished ...>
1652  <... futex resumed> )             = 1
1652  futex(0xb6efbb2c, FUTEX_WAKE_PRIVATE, 1 <unfinished ...>
1658  <... futex resumed> )             = 0
1658  futex(0xb6efbb2c, FUTEX_WAKE_PRIVATE, 1) = 0
1658  futex(0xb6efbb4c, FUTEX_WAIT_PRIVATE, 53, NULL <unfinished ...>
1652  <... futex resumed> )             = 1
1652  futex(0xb6efbb4c, FUTEX_WAKE_OP_PRIVATE, 1, 1, 0xb6efbb48, FUTEX_OP_SET<<28|0<<12|FUTEX_OP_CMP_GT<<24|0x1 <unfinished ...>
1658  <... futex resumed> )             = 0
1658  futex(0xb6efbb2c, FUTEX_WAIT_PRIVATE, 2, NULL <unfinished ...>
1652  <... futex resumed> )             = 1
1652  futex(0xb6efbb2c, FUTEX_WAKE_PRIVATE, 1 <unfinished ...>
1658  <... futex resumed> )             = 0
1658  futex(0xb6efbb2c, FUTEX_WAKE_PRIVATE, 1) = 0
1658  futex(0xb6efbb4c, FUTEX_WAIT_PRIVATE, 55, NULL <unfinished ...>
1652  <... futex resumed> )             = 1
1652  write(5, "u\t101\t 0 104 80 97 100 97\n", 26) = 26
1652  lseek(10, 0, SEEK_SET)            = 0
1652  read(10, "1656 (mbrola) S 1649", 20) = 20
1652  poll([{fd=6, events=POLLIN}, {fd=8, events=POLLIN}], 2, 0) = 1 ([{fd=6, revents=POLLIN}])
1649  <... nanosleep resumed> NULL)     = 0
1649  nanosleep({tv_sec=0, tv_nsec=20000000},  <unfinished ...>
1652  read(6, ":\21\343\20\36\17\277\n(\5\220\1\10\376\300\371K\367\20\366\352\363x\363\246\364\331\364\242\364\243\364"..., 2396) = 2396
1652  lseek(10, 0, SEEK_SET)            = 0
1652  read(10, "1656 (mbrola) S 1649", 20) = 20
1652  poll([{fd=6, events=POLLIN}, {fd=8, events=POLLIN}], 2, 0) = 1 ([{fd=6, revents=POLLIN}])
1652  read(6, "\230\3447\345M\347T\351(\353\320\355\200\360\231\363\241\367b\373\341\376\10\0027\5.\10\17\n?\v"..., 250) = 250
1652  getpid()                          = 1649
1652  getpid()                          = 1649
1652  write(4, "W", 1 <unfinished ...>
1657  <... poll resumed> )              = 1 ([{fd=3, revents=POLLIN}])
1657  futex(0xb0f006e8, FUTEX_LOCK_PI_PRIVATE, NULL <unfinished ...>
1652  <... write resumed> )             = 1
1652  getpid()                          = 1649
1652  futex(0xb0f006e8, FUTEX_UNLOCK_PI_PRIVATE <unfinished ...>
1657  <... futex resumed> )             = 0
1657  write(7, "\1\0\0\0\0\0\0\0", 8)   = 8
1657  read(3, "W", 10)                  = 1
1657  clock_gettime(CLOCK_MONOTONIC, {tv_sec=4624, tv_nsec=976447488}) = 0
1657  futex(0xb0f006e8, FUTEX_UNLOCK_PI_PRIVATE) = 0
1657  poll([{fd=3, events=POLLIN}, {fd=9, events=POLLIN}, {fd=11, events=POLLIN}], 3, 869 <unfinished ...>
1652  <... futex resumed> )             = 0
1652  futex(0xb0f05d54, FUTEX_WAIT_REQUEUE_PI_PRIVATE, 57, NULL, 0xb0f006e8 <unfinished ...>
1649  <... nanosleep resumed> NULL)     = 0
1649  nanosleep({tv_sec=0, tv_nsec=20000000}, NULL) = 0
1649  nanosleep({tv_sec=0, tv_nsec=20000000}, NULL) = 0
1649  nanosleep({tv_sec=0, tv_nsec=20000000},  <unfinished ...>
1657  <... poll resumed> )              = 1 ([{fd=11, revents=POLLIN}])
1657  clock_gettime(CLOCK_MONOTONIC, {tv_sec=4625, tv_nsec=35241702}) = 0
1657  read(11, "\1\0\0\0\0\0\0\0", 8)   = 8
1657  futex(0xb0f05d54, FUTEX_CMP_REQUEUE_PI_PRIVATE, 1, 2147483647, 0xb0f006e8, 58) = 1
1657  read(3, 0xb18adb10, 10)           = -1 EAGAIN (Resource temporarily unavailable)
1657  clock_gettime(CLOCK_MONOTONIC, {tv_sec=4625, tv_nsec=36564662}) = 0
1657  futex(0xb0f006e8, FUTEX_UNLOCK_PI_PRIVATE) = 0
1657  poll([{fd=3, events=POLLIN}, {fd=9, events=POLLIN}, {fd=11, events=POLLIN}], 3, 809 <unfinished ...>
1652  <... futex resumed> )             = 0
1652  getpid()                          = 1649
1652  getpid()                          = 1649
1652  write(4, "W", 1 <unfinished ...>
1657  <... poll resumed> )              = 1 ([{fd=3, revents=POLLIN}])
1657  futex(0xb0f006e8, FUTEX_LOCK_PI_PRIVATE, NULL <unfinished ...>
1652  <... write resumed> )             = 1
1652  futex(0xb0f006e8, FUTEX_UNLOCK_PI_PRIVATE <unfinished ...>
1657  <... futex resumed> )             = 0
1657  write(7, "\1\0\0\0\0\0\0\0", 8)   = 8
1657  read(3, "W", 10)                  = 1
1657  clock_gettime(CLOCK_MONOTONIC, {tv_sec=4625, tv_nsec=43671446}) = 0
1657  futex(0xb0f006e8, FUTEX_UNLOCK_PI_PRIVATE) = 0
1657  poll([{fd=3, events=POLLIN}, {fd=9, events=POLLIN}, {fd=11, events=POLLIN}], 3, 801 <unfinished ...>
1652  <... futex resumed> )             = 0
1652  futex(0xb6efbb4c, FUTEX_WAKE_OP_PRIVATE, 1, 1, 0xb6efbb48, FUTEX_OP_SET<<28|0<<12|FUTEX_OP_CMP_GT<<24|0x1 <unfinished ...>
1658  <... futex resumed> )             = 0
1658  futex(0xb6efbb2c, FUTEX_WAIT_PRIVATE, 2, NULL <unfinished ...>
1652  <... futex resumed> )             = 1
1652  futex(0xb6efbb2c, FUTEX_WAKE_PRIVATE, 1 <unfinished ...>
1658  <... futex resumed> )             = 0
1658  futex(0xb6efbb2c, FUTEX_WAKE_PRIVATE, 1) = 0
1658  futex(0xb6efbb4c, FUTEX_WAIT_PRIVATE, 57, NULL <unfinished ...>
1652  <... futex resumed> )             = 1
1652  write(5, "l\t95\n", 5 <unfinished ...>
1649  <... nanosleep resumed> NULL)     = 0
1649  nanosleep({tv_sec=0, tv_nsec=20000000},  <unfinished ...>
1652  <... write resumed> )             = 5
1652  lseek(10, 0, SEEK_SET)            = 0
1652  read(10, "1656 (mbrola) S 1649", 20) = 20
1652  poll([{fd=6, events=POLLIN}, {fd=8, events=POLLIN}], 2, 0) = 1 ([{fd=6, revents=POLLIN}])
1652  read(6,  <unfinished ...>
1656  <... write resumed> )             = 4096
1656  _llseek(3, 1986560, [1986560], SEEK_SET) = 0
1656  read(3, "\32\0\7\0\332\377\235\377\204\377Z\377\t\377\204\376\336\375C\375\236\374\356\373I\373\312\372\200\372d\372"..., 4096) = 4096
1656  read(3, "\264\4b\4\345\0035\3\265\2\20\2D\1\37\0010\1V\1\321\1\235\2U\3,\4\4\5\271\5"..., 4096) = 4096
1656  _llseek(3, 3878912, [3878912], SEEK_SET) = 0
1656  read(3, "\\\375f\375r\375~\375\216\375\252\375\320\375\356\375\16\376,\376S\376d\376\235\376\314\376\370\376i\377"..., 4096) = 4096
1656  read(3, "*\374\312\373\370\372\307\371\323\370L\370\327\367X\367\36\367P\367r\367\\\367Z\367\235\367\347\367\\\370"..., 4096) = 4096
1656  write(1, "\331\362'\367\227\372O\0\307\4*\6\236\tV\vW\t\210\tw\v\210\vd\10\332\5d\2\223\376"..., 4096 <unfinished ...>
1652  <... read resumed> "'\r\357\v\205\n\275\ts\ns\t\210\6\356\2\233\377\226\374a\3721\370\270\366\266\365?\365\273\365"..., 2646) = 2646
1652  getpid()                          = 1649
1652  getpid()                          = 1649
1652  write(4, "W", 1 <unfinished ...>
1657  <... poll resumed> )              = 1 ([{fd=3, revents=POLLIN}])
1657  futex(0xb0f006e8, FUTEX_LOCK_PI_PRIVATE, NULL <unfinished ...>
1652  <... write resumed> )             = 1
1652  futex(0xb0f006e8, FUTEX_UNLOCK_PI_PRIVATE <unfinished ...>
1657  <... futex resumed> )             = 0
1657  write(7, "\1\0\0\0\0\0\0\0", 8)   = 8
1657  read(3, "W", 10)                  = 1
1657  clock_gettime(CLOCK_MONOTONIC, {tv_sec=4625, tv_nsec=65044797}) = 0
1657  futex(0xb0f006e8, FUTEX_UNLOCK_PI_PRIVATE) = 0
1657  poll([{fd=3, events=POLLIN}, {fd=9, events=POLLIN}, {fd=11, events=POLLIN}], 3, 780 <unfinished ...>
1652  <... futex resumed> )             = 0
1652  lseek(10, 0, SEEK_SET)            = 0
1652  read(10, "1656 (mbrola) S 1649", 20) = 20
1652  poll([{fd=6, events=POLLIN}, {fd=8, events=POLLIN}], 2, 0) = 1 ([{fd=6, revents=POLLIN}])
1652  read(6, "]\365\30\366\33\367\24\370|\371\262\372\241\373;\374\321\374A\375`\376u\377s\0\315\0\317\0w\0"..., 656) = 656
1649  <... nanosleep resumed> NULL)     = 0
1649  nanosleep({tv_sec=0, tv_nsec=20000000},  <unfinished ...>
1652  lseek(10, 0, SEEK_SET)            = 0
1652  read(10, "1656 (mbrola) S 1649", 20) = 20
1652  poll([{fd=6, events=POLLIN}, {fd=8, events=POLLIN}], 2, 0) = 1 ([{fd=6, revents=POLLIN}])
1652  read(6,  <unfinished ...>
1656  <... write resumed> )             = 4096
1656  _llseek(3, 1941504, [1941504], SEEK_SET) = 0
1656  read(3, "\224\373Q\3735\373%\373(\373g\373\342\373\253\374\265\375\342\376\25\0U\1{\2n\3%\4\210\4"..., 4096) = 4096
1656  read(3, "\273\7\223\7\\\7\20\7\335\6\222\6\r\6\230\0053\5b\4@\0034\2\377\0\275\377\200\376\5\375"..., 4096) = 4096
1656  read(3, "\10\0\24\0,\0\0\0\3\0\20\0\323\377\16\0\1\0I\0\315\377\325\377\242\377\337\377\320\377\375\377"..., 4096) = 4096
1656  write(1, "\211\363\335\367\33\372\f\374.\377t\2l\5|\7\37\t\225\t0\10?\6\202\3\230\0\226\374\22\367"..., 4096 <unfinished ...>
1652  <... read resumed> "V\366\267\365\375\364u\364\314\363\r\363{\362\203\362G\362:\362\310\361\206\361W\361W\361~\361s\361"..., 1990) = 1990
1652  getpid()                          = 1649
1652  getpid()                          = 1649
1652  write(4, "W", 1 <unfinished ...>
1657  <... poll resumed> )              = 1 ([{fd=3, revents=POLLIN}])
1657  futex(0xb0f006e8, FUTEX_LOCK_PI_PRIVATE, NULL <unfinished ...>
1652  <... write resumed> )             = 1
1652  getpid()                          = 1649
1652  futex(0xb0f006e8, FUTEX_UNLOCK_PI_PRIVATE <unfinished ...>
1657  <... futex resumed> )             = 0
1657  write(7, "\1\0\0\0\0\0\0\0", 8)   = 8
1657  futex(0xb0f05d50, FUTEX_WAIT_PRIVATE, 2, NULL <unfinished ...>
1652  <... futex resumed> )             = 0
1652  futex(0xb0f05d50, FUTEX_WAKE_PRIVATE, 1 <unfinished ...>
1657  <... futex resumed> )             = 0
1657  futex(0xb0f05d50, FUTEX_WAKE_PRIVATE, 1) = 0
1657  futex(0xb0f05d54, FUTEX_CMP_REQUEUE_PI_PRIVATE, 1, 2147483647, 0xb0f006e8, 60) = 0
1657  read(3, "W", 10)                  = 1
1657  clock_gettime(CLOCK_MONOTONIC, {tv_sec=4625, tv_nsec=88455085}) = 0
1657  futex(0xb0f006e8, FUTEX_UNLOCK_PI_PRIVATE) = 0
1657  poll([{fd=3, events=POLLIN}, {fd=9, events=POLLIN}, {fd=11, events=POLLIN}], 3, 757) = 1 ([{fd=11, revents=POLLIN}])
1657  clock_gettime(CLOCK_MONOTONIC, {tv_sec=4625, tv_nsec=91827983}) = 0
1657  read(11, "\1\0\0\0\0\0\0\0", 8)   = 8
1657  read(3, 0xb18adb10, 10)           = -1 EAGAIN (Resource temporarily unavailable)
1657  clock_gettime(CLOCK_MONOTONIC, {tv_sec=4625, tv_nsec=92731955}) = 0
1657  poll([{fd=3, events=POLLIN}, {fd=9, events=POLLIN}, {fd=11, events=POLLIN}], 3, 752 <unfinished ...>
1652  <... futex resumed> )             = 1
1652  futex(0xb0f05d54, FUTEX_WAIT_REQUEUE_PI_PRIVATE, 59, NULL, 0xb0f006e8) = -1 EAGAIN (Resource temporarily unavailable)
1652  getpid()                          = 1649
1649  <... nanosleep resumed> NULL)     = 0
1649  nanosleep({tv_sec=0, tv_nsec=20000000},  <unfinished ...>
1652  getpid()                          = 1649
1652  write(4, "W", 1 <unfinished ...>
1657  <... poll resumed> )              = 1 ([{fd=3, revents=POLLIN}])
1657  futex(0xb0f006e8, FUTEX_LOCK_PI_PRIVATE, NULL <unfinished ...>
1652  <... write resumed> )             = 1
1652  getpid()                          = 1649
1652  futex(0xb0f006e8, FUTEX_UNLOCK_PI_PRIVATE <unfinished ...>
1657  <... futex resumed> )             = 0
1657  write(7, "\1\0\0\0\0\0\0\0", 8)   = 8
1657  read(3, "W", 10)                  = 1
1657  clock_gettime(CLOCK_MONOTONIC, {tv_sec=4625, tv_nsec=102040672}) = 0
1657  futex(0xb0f006e8, FUTEX_UNLOCK_PI_PRIVATE) = 0
1657  poll([{fd=3, events=POLLIN}, {fd=9, events=POLLIN}, {fd=11, events=POLLIN}], 3, 743 <unfinished ...>
1652  <... futex resumed> )             = 0
1652  futex(0xb0f05d54, FUTEX_WAIT_REQUEUE_PI_PRIVATE, 61, NULL, 0xb0f006e8 <unfinished ...>
1649  <... nanosleep resumed> NULL)     = 0
1649  nanosleep({tv_sec=0, tv_nsec=20000000}, NULL) = 0
1649  nanosleep({tv_sec=0, tv_nsec=20000000}, NULL) = 0
1649  nanosleep({tv_sec=0, tv_nsec=20000000},  <unfinished ...>
1657  <... poll resumed> )              = 1 ([{fd=11, revents=POLLIN}])
1657  clock_gettime(CLOCK_MONOTONIC, {tv_sec=4625, tv_nsec=170577590}) = 0
1657  read(11, "\1\0\0\0\0\0\0\0", 8)   = 8
1657  futex(0xb0f05d54, FUTEX_CMP_REQUEUE_PI_PRIVATE, 1, 2147483647, 0xb0f006e8, 62) = 1
1657  read(3, 0xb18adb10, 10)           = -1 EAGAIN (Resource temporarily unavailable)
