1657  clock_gettime(CLOCK_MONOTONIC, {tv_sec=4623, tv_nsec=449385984}) = 0
1657  futex(0xb0f006e8, FUTEX_UNLOCK_PI_PRIVATE <unfinished ...>
1649  <... nanosleep resumed> NULL)     = 0
1649  nanosleep({tv_sec=0, tv_nsec=20000000},  <unfinished ...>
1657  <... futex resumed> )             = 0
1657  poll([{fd=3, events=POLLIN}, {fd=9, events=POLLIN}, {fd=11, events=POLLIN}], 3, 142) = 1 ([{fd=11, revents=POLLIN}])
1657  clock_gettime(CLOCK_MONOTONIC, {tv_sec=4623, tv_nsec=450865939}) = 0
1657  read(11, "\1\0\0\0\0\0\0\0", 8)   = 8
1657  read(3, 0xb18adb10, 10)           = -1 EAGAIN (Resource temporarily unavailable)
1657  clock_gettime(CLOCK_MONOTONIC, {tv_sec=4623, tv_nsec=451797910}) = 0
1657  poll([{fd=3, events=POLLIN}, {fd=9, events=POLLIN}, {fd=11, events=POLLIN}], 3, 140 <unfinished ...>
1652  <... futex resumed> )             = 0
1652  futex(0xb6efbb4c, FUTEX_WAKE_OP_PRIVATE, 1, 1, 0xb6efbb48, FUTEX_OP_SET<<28|0<<12|FUTEX_OP_CMP_GT<<24|0x1 <unfinished ...>
1658  <... futex resumed> )             = 0
1658  futex(0xb6efbb2c, FUTEX_WAIT_PRIVATE, 2, NULL <unfinished ...>
1652  <... futex resumed> )             = 1
1652  futex(0xb6efbb2c, FUTEX_WAKE_PRIVATE, 1 <unfinished ...>
1658  <... futex resumed> )             = 0
1658  futex(0xb6efbb2c, FUTEX_WAKE_PRIVATE, 1) = 0
1658  futex(0xb6efbb4c, FUTEX_WAIT_PRIVATE, 15, NULL <unfinished ...>
1652  <... futex resumed> )             = 1
1652  write(5, "n\t95\n", 5)            = 5
1652  lseek(10, 0, SEEK_SET)            = 0
1652  read(10, "1656 (mbrola) S 1649", 20) = 20
1652  poll([{fd=6, events=POLLIN}, {fd=8, events=POLLIN}], 2, 0) = 1 ([{fd=6, revents=POLLIN}])
1652  read(6, "\17\366e\376\f\376\220\364F\360w\366\226\377\34\1d\371\262\364\32\372\253\2%\1\4\371\307\366\32\376"..., 936) = 936
1652  lseek(10, 0, SEEK_SET)            = 0
1652  read(10, "1656 (mbrola) S 1649", 20) = 20
1652  poll([{fd=6, events=POLLIN}, {fd=8, events=POLLIN}], 2, 0) = 1 ([{fd=6, revents=POLLIN}])
1652  read(6,  <unfinished ...>
1656  <... write resumed> )             = 4096
1656  _llseek(3, 1916928, [1916928], SEEK_SET) = 0
1656  read(3, "\17\0\v\0\t\0\t\0\6\0\t\0\0\0\5\0\375\377\10\0\372\377\n\0\376\377\5\0\3\0\4\0"..., 4096) = 4096
1656  read(3, "\244\1\212\1\314\1\306\1l\1\\\1c\1\23\1\302\0\351\0\17\1\262\0N\0\234\377\306\376\241\375"..., 4096) = 4096
1656  _llseek(3, 1982464,  <unfinished ...>
1649  <... nanosleep resumed> NULL)     = 0
1649  nanosleep({tv_sec=0, tv_nsec=20000000},  <unfinished ...>
1656  <... _llseek resumed> [1982464], SEEK_SET) = 0
1656  read(3, "\306\376\221\376F\376\17\376-\376v\376\306\376\346\376\300\376\244\376\237\376\343\376F\377\214\377\277\377\343\377"..., 4096) = 4096
1656  read(3, "\32\0\7\0\332\377\235\377\204\377Z\377\t\377\204\376\336\375C\375\236\374\356\373I\373\312\372\200\372d\372"..., 4096) = 4096
1656  write(1, "\7\363\247\364g\366\334\366\17\367k\370\24\372\261\374\0\377F\0\254\1k\1\201\0%\0\256\377\207\377"..., 4096 <unfinished ...>
1652  <... read resumed> "\200\vw\v\36\vN\v\313\v\346\vm\v\245\n\222\t\235\0100\7S\5\7\3c\1\224\377\266\375"..., 1710) = 1710
1652  getpid()                          = 1649
1652  getpid()                          = 1649
1652  write(4, "W", 1 <unfinished ...>
1657  <... poll resumed> )              = 1 ([{fd=3, revents=POLLIN}])
1657  futex(0xb0f006e8, FUTEX_LOCK_PI_PRIVATE, NULL <unfinished ...>
1652  <... write resumed> )             = 1
1652  getpid()                          = 1649
1652  futex(0xb0f006e8, FUTEX_UNLOCK_PI_PRIVATE <unfinished ...>
1657  <... futex resumed> )             = 0
1657  write(7, "\1\0\0\0\0\0\0\0", 8)   = 8
1657  futex(0xb0f05d50, FUTEX_WAIT_PRIVATE, 2, NULL <unfinished ...>
1652  <... futex resumed> )             = 0
1652  futex(0xb0f05d50, FUTEX_WAKE_PRIVATE, 1 <unfinished ...>
1657  <... futex resumed> )             = 0
1657  futex(0xb0f05d50, FUTEX_WAKE_PRIVATE, 1) = 0
1657  futex(0xb0f05d54, FUTEX_CMP_REQUEUE_PI_PRIVATE, 1, 2147483647, 0xb0f006e8, 20) = 0
1657  read(3, "W", 10)                  = 1
1657  clock_gettime(CLOCK_MONOTONIC, {tv_sec=4623, tv_nsec=488688785}) = 0
1657  futex(0xb0f006e8, FUTEX_UNLOCK_PI_PRIVATE) = 0
1657  poll([{fd=3, events=POLLIN}, {fd=9, events=POLLIN}, {fd=11, events=POLLIN}], 3, 103) = 1 ([{fd=11, revents=POLLIN}])
1657  clock_gettime(CLOCK_MONOTONIC, {tv_sec=4623, tv_nsec=489828750}) = 0
1657  read(11, "\1\0\0\0\0\0\0\0", 8)   = 8
1657  read(3, 0xb18adb10, 10)           = -1 EAGAIN (Resource temporarily unavailable)
1657  clock_gettime(CLOCK_MONOTONIC, {tv_sec=4623, tv_nsec=493603635}) = 0
1657  poll([{fd=3, events=POLLIN}, {fd=9, events=POLLIN}, {fd=11, events=POLLIN}], 3, 98 <unfinished ...>
1652  <... futex resumed> )             = 1
1652  futex(0xb0f05d54, FUTEX_WAIT_REQUEUE_PI_PRIVATE, 19, NULL, 0xb0f006e8) = -1 EAGAIN (Resource temporarily unavailable)
1652  getpid()                          = 1649
1652  getpid()                          = 1649
1652  write(4, "W", 1 <unfinished ...>
1657  <... poll resumed> )              = 1 ([{fd=3, revents=POLLIN}])
1657  futex(0xb0f006e8, FUTEX_LOCK_PI_PRIVATE, NULL <unfinished ...>
1649  <... nanosleep resumed> NULL)     = 0
1649  nanosleep({tv_sec=0, tv_nsec=20000000},  <unfinished ...>
1652  <... write resumed> )             = 1
1652  futex(0xb0f006e8, FUTEX_UNLOCK_PI_PRIVATE <unfinished ...>
1657  <... futex resumed> )             = 0
1657  write(7, "\1\0\0\0\0\0\0\0", 8)   = 8
1657  read(3, "W", 10)                  = 1
1657  clock_gettime(CLOCK_MONOTONIC, {tv_sec=4623, tv_nsec=501083407}) = 0
1657  futex(0xb0f006e8, FUTEX_UNLOCK_PI_PRIVATE) = 0
1657  poll([{fd=3, events=POLLIN}, {fd=9, events=POLLIN}, {fd=11, events=POLLIN}], 3, 90 <unfinished ...>
1652  <... futex resumed> )             = 0
1652  futex(0xb6efbb4c, FUTEX_WAKE_OP_PRIVATE, 1, 1, 0xb6efbb48, FUTEX_OP_SET<<28|0<<12|FUTEX_OP_CMP_GT<<24|0x1 <unfinished ...>
1658  <... futex resumed> )             = 0
1658  futex(0xb6efbb2c, FUTEX_WAIT_PRIVATE, 2, NULL <unfinished ...>
1652  <... futex resumed> )             = 1
1652  futex(0xb6efbb2c, FUTEX_WAKE_PRIVATE, 1 <unfinished ...>
1658  <... futex resumed> )             = 0
1658  futex(0xb6efbb2c, FUTEX_WAKE_PRIVATE, 1) = 0
1658  futex(0xb6efbb4c, FUTEX_WAIT_PRIVATE, 17, NULL <unfinished ...>
1652  <... futex resumed> )             = 1
1652  write(5, "i\t97\t 0 103 80 96 100 96\n", 25) = 25
1652  lseek(10, 0, SEEK_SET)            = 0
1652  read(10, "1656 (mbrola) S 1649", 20) = 20
1652  poll([{fd=6, events=POLLIN}, {fd=8, events=POLLIN}], 2, 0) = 1 ([{fd=6, revents=POLLIN}])
1652  read(6, "(\1(\1/\1(\1%\1,\1\34\1\26\1\31\1\31\1\37\1\363\0\316\0\324\0\270\0\237\0"..., 1330) = 1330
1652  lseek(10, 0, SEEK_SET)            = 0
1652  read(10, "1656 (mbrola) S 1649", 20) = 20
1652  poll([{fd=6, events=POLLIN}, {fd=8, events=POLLIN}], 2, 0) = 1 ([{fd=6, revents=POLLIN}])
1652  read(6, "\v\0u\377\331\376\24\376j\375\0\375\376\374\276\374\312\374\363\374^\375\365\375U\376\177\376\374\376\200\377"..., 1316) = 1316
1652  getpid()                          = 1649
1652  getpid()                          = 1649
1652  write(4, "W", 1 <unfinished ...>
1657  <... poll resumed> )              = 1 ([{fd=3, revents=POLLIN}])
1657  futex(0xb0f006e8, FUTEX_LOCK_PI_PRIVATE, NULL <unfinished ...>
1652  <... write resumed> )             = 1
1652  getpid()                          = 1649
1652  futex(0xb0f006e8, FUTEX_UNLOCK_PI_PRIVATE <unfinished ...>
1657  <... futex resumed> )             = 0
1657  write(7, "\1\0\0\0\0\0\0\0", 8 <unfinished ...>
1649  <... nanosleep resumed> NULL)     = 0
1649  nanosleep({tv_sec=0, tv_nsec=20000000},  <unfinished ...>
1657  <... write resumed> )             = 8
1657  read(3, "W", 10)                  = 1
1657  clock_gettime(CLOCK_MONOTONIC, {tv_sec=4623, tv_nsec=520535814}) = 0
1657  futex(0xb0f006e8, FUTEX_UNLOCK_PI_PRIVATE) = 0
1657  poll([{fd=3, events=POLLIN}, {fd=9, events=POLLIN}, {fd=11, events=POLLIN}], 3, 71 <unfinished ...>
1652  <... futex resumed> )             = 0
1652  futex(0xb0f05d54, FUTEX_WAIT_REQUEUE_PI_PRIVATE, 21, NULL, 0xb0f006e8 <unfinished ...>
1649  <... nanosleep resumed> NULL)     = 0
1649  nanosleep({tv_sec=0, tv_nsec=20000000}, NULL) = 0
1649  nanosleep({tv_sec=0, tv_nsec=20000000},  <unfinished ...>
1657  <... poll resumed> )              = 1 ([{fd=11, revents=POLLIN}])
1657  clock_gettime(CLOCK_MONOTONIC, {tv_sec=4623, tv_nsec=569048334}) = 0
1657  read(11, "\1\0\0\0\0\0\0\0", 8)   = 8
1657  futex(0xb0f05d54, FUTEX_CMP_REQUEUE_PI_PRIVATE, 1, 2147483647, 0xb0f006e8, 22) = 1
1657  read(3, 0xb18adb10, 10)           = -1 EAGAIN (Resource temporarily unavailable)
1657  clock_gettime(CLOCK_MONOTONIC, {tv_sec=4623, tv_nsec=570429292}) = 0
1657  futex(0xb0f006e8, FUTEX_UNLOCK_PI_PRIVATE) = 0
1657  poll([{fd=3, events=POLLIN}, {fd=9, events=POLLIN}, {fd=11, events=POLLIN}], 3, 21 <unfinished ...>
1652  <... futex resumed> )             = 0
1652  getpid()                          = 1649
1652  getpid()                          = 1649
1652  write(4, "W", 1 <unfinished ...>
1657  <... poll resumed> )              = 1 ([{fd=3, revents=POLLIN}])
1657  futex(0xb0f006e8, FUTEX_LOCK_PI_PRIVATE, NULL <unfinished ...>
1652  <... write resumed> )             = 1
1652  futex(0xb0f006e8, FUTEX_UNLOCK_PI_PRIVATE <unfinished ...>
1657  <... futex resumed> )             = 0
1657  write(7, "\1\0\0\0\0\0\0\0", 8)   = 8
1657  read(3, "W", 10)                  = 1
1657  clock_gettime(CLOCK_MONOTONIC, {tv_sec=4623, tv_nsec=576918094}) = 0
1657  futex(0xb0f006e8, FUTEX_UNLOCK_PI_PRIVATE) = 0
1657  poll([{fd=3, events=POLLIN}, {fd=9, events=POLLIN}, {fd=11, events=POLLIN}], 3, 15 <unfinished ...>
1652  <... futex resumed> )             = 0
1652  futex(0xb6efbb4c, FUTEX_WAKE_OP_PRIVATE, 1, 1, 0xb6efbb48, FUTEX_OP_SET<<28|0<<12|FUTEX_OP_CMP_GT<<24|0x1 <unfinished ...>
1658  <... futex resumed> )             = 0
1658  futex(0xb6efbb2c, FUTEX_WAIT_PRIVATE, 2, NULL <unfinished ...>
1652  <... futex resumed> )             = 1
1652  futex(0xb6efbb2c, FUTEX_WAKE_PRIVATE, 1 <unfinished ...>
1658  <... futex resumed> )             = 0
1658  futex(0xb6efbb2c, FUTEX_WAKE_PRIVATE, 1) = 0
1658  futex(0xb6efbb4c, FUTEX_WAIT_PRIVATE, 19, NULL <unfinished ...>
1652  <... futex resumed> )             = 1
1649  <... nanosleep resumed> NULL)     = 0
1649  nanosleep({tv_sec=0, tv_nsec=20000000},  <unfinished ...>
1652  write(5, "h\t105\n", 6)           = 6
1652  lseek(10, 0, SEEK_SET)            = 0
1652  read(10, "1656 (mbrola) S 1649", 20) = 20
1652  poll([{fd=6, events=POLLIN}, {fd=8, events=POLLIN}], 2, 0) = 1 ([{fd=6, revents=POLLIN}])
1652  read(6,  <unfinished ...>
1656  <... write resumed> )             = 4096
1656  _llseek(3, 3739648, [3739648], SEEK_SET) = 0
1656  read(3, "\250\372\302\372\30\373A\373&\373\f\373\273\372\240\372\227\372\232\372\207\372b\372Y\372b\372\231\372\373\372"..., 4096) = 4096
1656  read(3, "l\4\247\5\254\6\371\7\377\10\266\t\342\t\36\n,\nf\n\320\nt\v\215\v?\v\247\n\25\n"..., 4096) = 4096
1656  write(1, "~\351\206\347r\347\f\351\342\352F\355\22\360\266\363\216\370?\377\244\6\246\rz\23\1\31\204\35b\""..., 4096 <unfinished ...>
1657  <... poll resumed> )              = 0 (Timeout)
1657  clock_gettime(CLOCK_MONOTONIC, {tv_sec=4623, tv_nsec=593089601}) = 0
1657  getpid()                          = 1649
1657  gettimeofday({tv_sec=1536936044, tv_usec=823502}, NULL) = 0
1657  write(4, "W", 1)                  = 1
1657  clock_gettime(CLOCK_MONOTONIC, {tv_sec=4623, tv_nsec=594234566}) = 0
1657  write(4, "W", 1)                  = 1
1657  clock_gettime(CLOCK_MONOTONIC, {tv_sec=4623, tv_nsec=594835548}) = 0
1657  write(4, "W", 1)                  = 1
1657  read(3, "WWW", 10)                = 3
1657  write(7, "\1\0\0\0\0\0\0\0", 8)   = 8
1657  gettimeofday({tv_sec=1536936044, tv_usec=829662}, NULL) = 0
1657  clock_gettime(CLOCK_MONOTONIC, {tv_sec=4623, tv_nsec=600208384}) = 0
1657  read(3, 0xb18adb10, 10)           = -1 EAGAIN (Resource temporarily unavailable)
1657  clock_gettime(CLOCK_MONOTONIC, {tv_sec=4623, tv_nsec=600900363}) = 0
1657  poll([{fd=3, events=POLLIN}, {fd=9, events=POLLIN}, {fd=11, events=POLLIN}], 3, 314) = 1 ([{fd=11, revents=POLLIN}])
1657  clock_gettime(CLOCK_MONOTONIC, {tv_sec=4623, tv_nsec=608502131}) = 0
1649  <... nanosleep resumed> NULL)     = 0
1649  nanosleep({tv_sec=0, tv_nsec=20000000},  <unfinished ...>
1657  read(11, "\1\0\0\0\0\0\0\0", 8)   = 8
1657  read(3, 0xb18adb10, 10)           = -1 EAGAIN (Resource temporarily unavailable)
1657  clock_gettime(CLOCK_MONOTONIC, {tv_sec=4623, tv_nsec=609779092}) = 0
1657  poll([{fd=3, events=POLLIN}, {fd=9, events=POLLIN}, {fd=11, events=POLLIN}], 3, 306 <unfinished ...>
1652  <... read resumed> "\244\367\204\372\201\375_\0\337\2&\5F\7I\t{\vc\16\240\21\241\24]\27\264\31\345\33\255\36"..., 892) = 892
1652  lseek(10, 0, SEEK_SET)            = 0
1652  read(10, "1656 (mbrola) S 1649", 20) = 20
1652  poll([{fd=6, events=POLLIN}, {fd=8, events=POLLIN}], 2, 0) = 1 ([{fd=6, revents=POLLIN}])
1652  read(6, "\312\371\312\375n\1\371\4S\10\311\vf\16y\20r\21\263\21D\21\367\20u\21_\23\35\25\n\27"..., 1754) = 1754
1652  getpid()                          = 1649
1652  getpid()                          = 1649
1652  write(4, "W", 1 <unfinished ...>
1657  <... poll resumed> )              = 1 ([{fd=3, revents=POLLIN}])
1657  futex(0xb0f006e8, FUTEX_LOCK_PI_PRIVATE, NULL <unfinished ...>
1652  <... write resumed> )             = 1
1652  getpid()                          = 1649
1652  futex(0xb0f006e8, FUTEX_UNLOCK_PI_PRIVATE <unfinished ...>
1657  <... futex resumed> )             = 0
1657  write(7, "\1\0\0\0\0\0\0\0", 8)   = 8
1657  futex(0xb0f05d50, FUTEX_WAIT_PRIVATE, 2, NULL <unfinished ...>
1652  <... futex resumed> )             = 0
1652  futex(0xb0f05d50, FUTEX_WAKE_PRIVATE, 1 <unfinished ...>
1657  <... futex resumed> )             = 0
1657  futex(0xb0f05d50, FUTEX_WAKE_PRIVATE, 1) = 0
1657  futex(0xb0f05d54, FUTEX_CMP_REQUEUE_PI_PRIVATE, 1, 2147483647, 0xb0f006e8, 24) = 0
1657  read(3, "W", 10)                  = 1
1657  clock_gettime(CLOCK_MONOTONIC, {tv_sec=4623, tv_nsec=620999750}) = 0
1657  futex(0xb0f006e8, FUTEX_UNLOCK_PI_PRIVATE) = 0
1657  poll([{fd=3, events=POLLIN}, {fd=9, events=POLLIN}, {fd=11, events=POLLIN}], 3, 294) = 1 ([{fd=11, revents=POLLIN}])
1657  clock_gettime(CLOCK_MONOTONIC, {tv_sec=4623, tv_nsec=621979720}) = 0
1657  read(11, "\1\0\0\0\0\0\0\0", 8)   = 8
1657  read(3, 0xb18adb10, 10)           = -1 EAGAIN (Resource temporarily unavailable)
1657  clock_gettime(CLOCK_MONOTONIC, {tv_sec=4623, tv_nsec=628990506}) = 0
1649  <... nanosleep resumed> NULL)     = 0
1649  nanosleep({tv_sec=0, tv_nsec=20000000},  <unfinished ...>
1657  poll([{fd=3, events=POLLIN}, {fd=9, events=POLLIN}, {fd=11, events=POLLIN}], 3, 286 <unfinished ...>
1652  <... futex resumed> )             = 1
1652  futex(0xb0f05d54, FUTEX_WAIT_REQUEUE_PI_PRIVATE, 23, NULL, 0xb0f006e8) = -1 EAGAIN (Resource temporarily unavailable)
1652  getpid()                          = 1649
1652  getpid()                          = 1649
1652  write(4, "W", 1 <unfinished ...>
1657  <... poll resumed> )              = 1 ([{fd=3, revents=POLLIN}])
1657  futex(0xb0f006e8, FUTEX_LOCK_PI_PRIVATE, NULL <unfinished ...>
1652  <... write resumed> )             = 1
1652  getpid()                          = 1649
1652  futex(0xb0f006e8, FUTEX_UNLOCK_PI_PRIVATE <unfinished ...>
1657  <... futex resumed> )             = 0
1657  write(7, "\1\0\0\0\0\0\0\0", 8)   = 8
1657  read(3, "W", 10)                  = 1
1657  clock_gettime(CLOCK_MONOTONIC, {tv_sec=4623, tv_nsec=640508155}) = 0
1657  futex(0xb0f006e8, FUTEX_UNLOCK_PI_PRIVATE) = 0
1657  poll([{fd=3, events=POLLIN}, {fd=9, events=POLLIN}, {fd=11, events=POLLIN}], 3, 275 <unfinished ...>
1652  <... futex resumed> )             = 0
1652  futex(0xb0f05d54, FUTEX_WAIT_REQUEUE_PI_PRIVATE, 25, NULL, 0xb0f006e8 <unfinished ...>
1649  <... nanosleep resumed> NULL)     = 0
1649  nanosleep({tv_sec=0, tv_nsec=20000000}, NULL) = 0
1649  nanosleep({tv_sec=0, tv_nsec=20000000}, NULL) = 0
1649  nanosleep({tv_sec=0, tv_nsec=20000000},  <unfinished ...>
1657  <... poll resumed> )              = 1 ([{fd=11, revents=POLLIN}])
1657  clock_gettime(CLOCK_MONOTONIC, {tv_sec=4623, tv_nsec=699448357}) = 0
1657  read(11, "\1\0\0\0\0\0\0\0", 8)   = 8
1657  futex(0xb0f05d54, FUTEX_CMP_REQUEUE_PI_PRIVATE, 1, 2147483647, 0xb0f006e8, 26) = 1
1657  read(3, 0xb18adb10, 10)           = -1 EAGAIN (Resource temporarily unavailable)
1657  clock_gettime(CLOCK_MONOTONIC, {tv_sec=4623, tv_nsec=700842314}) = 0
1657  futex(0xb0f006e8, FUTEX_UNLOCK_PI_PRIVATE) = 0
1657  poll([{fd=3, events=POLLIN}, {fd=9, events=POLLIN}, {fd=11, events=POLLIN}], 3, 214 <unfinished ...>
1652  <... futex resumed> )             = 0
1652  getpid()                          = 1649
1652  getpid()                          = 1649
1652  write(4, "W", 1 <unfinished ...>
1657  <... poll resumed> )              = 1 ([{fd=3, revents=POLLIN}])
1657  futex(0xb0f006e8, FUTEX_LOCK_PI_PRIVATE, NULL <unfinished ...>
1652  <... write resumed> )             = 1
1652  futex(0xb0f006e8, FUTEX_UNLOCK_PI_PRIVATE <unfinished ...>
1657  <... futex resumed> )             = 0
1657  write(7, "\1\0\0\0\0\0\0\0", 8)   = 8
1657  read(3, "W", 10)                  = 1
1657  clock_gettime(CLOCK_MONOTONIC, {tv_sec=4623, tv_nsec=711565987}) = 0
1657  futex(0xb0f006e8, FUTEX_UNLOCK_PI_PRIVATE) = 0
1657  poll([{fd=3, events=POLLIN}, {fd=9, events=POLLIN}, {fd=11, events=POLLIN}], 3, 204 <unfinished ...>
1652  <... futex resumed> )             = 0
1652  futex(0xb6efbb4c, FUTEX_WAKE_OP_PRIVATE, 1, 1, 0xb6efbb48, FUTEX_OP_SET<<28|0<<12|FUTEX_OP_CMP_GT<<24|0x1 <unfinished ...>
1658  <... futex resumed> )             = 0
1658  futex(0xb6efbb2c, FUTEX_WAIT_PRIVATE, 2, NULL <unfinished ...>
1652  <... futex resumed> )             = 1
1652  futex(0xb6efbb2c, FUTEX_WAKE_PRIVATE, 1 <unfinished ...>
1658  <... futex resumed> )             = 0
1658  futex(0xb6efbb2c, FUTEX_WAKE_PRIVATE, 1) = 0
1658  futex(0xb6efbb4c, FUTEX_WAIT_PRIVATE, 21, NULL <unfinished ...>
1652  <... futex resumed> )             = 1
1652  futex(0xb6efbb4c, FUTEX_WAKE_OP_PRIVATE, 1, 1, 0xb6efbb48, FUTEX_OP_SET<<28|0<<12|FUTEX_OP_CMP_GT<<24|0x1 <unfinished ...>
1649  <... nanosleep resumed> NULL)     = 0
1649  nanosleep({tv_sec=0, tv_nsec=20000000},  <unfinished ...>
1658  <... futex resumed> )             = 0
1658  futex(0xb6efbb2c, FUTEX_WAIT_PRIVATE, 2, NULL <unfinished ...>
1652  <... futex resumed> )             = 1
1652  futex(0xb6efbb2c, FUTEX_WAKE_PRIVATE, 1 <unfinished ...>
1658  <... futex resumed> )             = 0
1658  futex(0xb6efbb2c, FUTEX_WAKE_PRIVATE, 1) = 0
1658  futex(0xb6efbb4c, FUTEX_WAIT_PRIVATE, 23, NULL <unfinished ...>
1652  <... futex resumed> )             = 1
1652  write(5, "i\t76\t 0 96 80 92 100 92\n", 24) = 24
1652  write(5, "w\t95\n", 5)            = 5
1652  lseek(10, 0, SEEK_SET)            = 0
1652  read(10, "1656 (mbrola) S 1649", 20) = 20
1652  poll([{fd=6, events=POLLIN}, {fd=8, events=POLLIN}], 2, 0) = 1 ([{fd=6, revents=POLLIN}])
1652  read(6, "\223\f}\fX\f\320\t#\7\253\4y\2j\2\353\377}\377\302\377\340\377h\2\310\5X\6\260\6"..., 1286) = 1286
1652  lseek(10, 0, SEEK_SET)            = 0
1652  read(10, "1656 (mbrola) S 1649", 20) = 20
1652  poll([{fd=6, events=POLLIN}, {fd=8, events=POLLIN}], 2, 0) = 1 ([{fd=6, revents=POLLIN}])
1652  read(6,  <unfinished ...>
1656  <... write resumed> )             = 4096
1656  _llseek(3, 3239936, [3239936], SEEK_SET) = 0
1656  read(3, "T\0;\0\303\1,\3\0\4-\4\203\4\371\4\211\5\233\5\332\5\v\6\30\6\336\4E\3\373\1"..., 4096) = 4096
1656  read(3, "\376\376\314\376\222\376\316\3765\377m\377%\377v\376\n\376\306\375\322\375\311\375\236\375D\375\317\3745\374"..., 4096) = 4096
1656  _llseek(3, 3878912, [3878912], SEEK_SET) = 0
1656  read(3, "\\\375f\375r\375~\375\216\375\252\375\320\375\356\375\16\376,\376S\376d\376\235\376\314\376\370\376i\377"..., 4096) = 4096
1656  read(3, "*\374\312\373\370\372\307\371\323\370L\370\327\367X\367\36\367P\367r\367\\\367Z\367\235\367\347\367\\\370"..., 4096) = 4096
1656  write(1, "\244\2\204\3Q\4|\4j\4\245\3\223\2x\1\r\1\227\0\371\377\250\376\201\374C\372\273\370\35\370"..., 4096 <unfinished ...>
1652  <... read resumed> "\254\370-\371\242\371>\372\240\372~\372\327\371\340\372\265\372\307\372\331\371^\367\325\3655\364\22\363\341\362"..., 1360) = 1360
1652  getpid()                          = 1649
1649  <... nanosleep resumed> NULL)     = 0
1649  nanosleep({tv_sec=0, tv_nsec=20000000},  <unfinished ...>
1652  getpid()                          = 1649
1652  write(4, "W", 1 <unfinished ...>
1657  <... poll resumed> )              = 1 ([{fd=3, revents=POLLIN}])
1657  futex(0xb0f006e8, FUTEX_LOCK_PI_PRIVATE, NULL <unfinished ...>
1652  <... write resumed> )             = 1
1652  getpid()                          = 1649
1652  futex(0xb0f006e8, FUTEX_UNLOCK_PI_PRIVATE <unfinished ...>
1657  <... futex resumed> )             = 0
1657  write(7, "\1\0\0\0\0\0\0\0", 8)   = 8
1657  read(3, "W", 10)                  = 1
1657  clock_gettime(CLOCK_MONOTONIC, {tv_sec=4623, tv_nsec=738179176}) = 0
1657  futex(0xb0f006e8, FUTEX_UNLOCK_PI_PRIVATE) = 0
1657  poll([{fd=3, events=POLLIN}, {fd=9, events=POLLIN}, {fd=11, events=POLLIN}], 3, 177 <unfinished ...>
1652  <... futex resumed> )             = 0
1652  futex(0xb0f05d54, FUTEX_WAIT_REQUEUE_PI_PRIVATE, 27, NULL, 0xb0f006e8 <unfinished ...>
1649  <... nanosleep resumed> NULL)     = 0
1649  nanosleep({tv_sec=0, tv_nsec=20000000}, NULL) = 0
1649  nanosleep({tv_sec=0, tv_nsec=20000000},  <unfinished ...>
1657  <... poll resumed> )              = 1 ([{fd=11, revents=POLLIN}])
1657  clock_gettime(CLOCK_MONOTONIC, {tv_sec=4623, tv_nsec=787274678}) = 0
1657  read(11, "\1\0\0\0\0\0\0\0", 8)   = 8
1657  futex(0xb0f05d54, FUTEX_CMP_REQUEUE_PI_PRIVATE, 1, 2147483647, 0xb0f006e8, 28) = 1
1657  read(3, 0xb18adb10, 10)           = -1 EAGAIN (Resource temporarily unavailable)
1657  clock_gettime(CLOCK_MONOTONIC, {tv_sec=4623, tv_nsec=788589638}) = 0
1657  futex(0xb0f006e8, FUTEX_UNLOCK_PI_PRIVATE) = 0
1657  poll([{fd=3, events=POLLIN}, {fd=9, events=POLLIN}, {fd=11, events=POLLIN}], 3, 127 <unfinished ...>
1652  <... futex resumed> )             = 0
1652  getpid()                          = 1649
1652  getpid()                          = 1649
1652  write(4, "W", 1 <unfinished ...>
1657  <... poll resumed> )              = 1 ([{fd=3, revents=POLLIN}])
1657  futex(0xb0f006e8, FUTEX_LOCK_PI_PRIVATE, NULL <unfinished ...>
1652  <... write resumed> )             = 1
1652  futex(0xb0f006e8, FUTEX_UNLOCK_PI_PRIVATE <unfinished ...>
1657  <... futex resumed> )             = 0
1657  write(7, "\1\0\0\0\0\0\0\0", 8)   = 8
1657  read(3, "W", 10)                  = 1
1657  clock_gettime(CLOCK_MONOTONIC, {tv_sec=4623, tv_nsec=797292373}) = 0
1657  futex(0xb0f006e8, FUTEX_UNLOCK_PI_PRIVATE) = 0
1657  poll([{fd=3, events=POLLIN}, {fd=9, events=POLLIN}, {fd=11, events=POLLIN}], 3, 118 <unfinished ...>
1652  <... futex resumed> )             = 0
1652  futex(0xb6efbb4c, FUTEX_WAKE_OP_PRIVATE, 1, 1, 0xb6efbb48, FUTEX_OP_SET<<28|0<<12|FUTEX_OP_CMP_GT<<24|0x1 <unfinished ...>
1658  <... futex resumed> )             = 0
1658  futex(0xb6efbb2c, FUTEX_WAIT_PRIVATE, 2, NULL <unfinished ...>
1652  <... futex resumed> )             = 1
1652  futex(0xb6efbb2c, FUTEX_WAKE_PRIVATE, 1 <unfinished ...>
1658  <... futex resumed> )             = 0
1658  futex(0xb6efbb2c, FUTEX_WAKE_PRIVATE, 1 <unfinished ...>
1649  <... nanosleep resumed> NULL)     = 0
1649  nanosleep({tv_sec=0, tv_nsec=20000000},  <unfinished ...>
1658  <... futex resumed> )             = 0
1658  futex(0xb6efbb4c, FUTEX_WAIT_PRIVATE, 25, NULL <unfinished ...>
1652  <... futex resumed> )             = 1
1652  lseek(10, 0, SEEK_SET)            = 0
1652  read(10, "1656 (mbrola) S 1649", 20) = 20
1652  poll([{fd=6, events=POLLIN}, {fd=8, events=POLLIN}], 2, 0) = 1 ([{fd=6, revents=POLLIN}])
1652  read(6, "\367\10 \t\233\td\t(\7$\n\250\22\271\33\330\33\300\31\271\27\256\32i\27_\25y\23\f\20"..., 208) = 208
1652  lseek(10, 0, SEEK_SET)            = 0
1652  read(10, "1656 (mbrola) S 1649", 20) = 20
1652  poll([{fd=6, events=POLLIN}, {fd=8, events=POLLIN}], 2, 0) = 1 ([{fd=6, revents=POLLIN}])
1652  read(6, "\205\23\211\30\6\34\27\0353\35\313\35\347\35\21\35\333\34\2\35(\27\223\16\214\10\272\2\255\372\353\363"..., 2438) = 2438
1652  getpid()                          = 1649
1652  getpid()                          = 1649
1652  write(4, "W", 1 <unfinished ...>
1657  <... poll resumed> )              = 1 ([{fd=3, revents=POLLIN}])
1657  futex(0xb0f006e8, FUTEX_LOCK_PI_PRIVATE, NULL <unfinished ...>
1652  <... write resumed> )             = 1
1652  getpid()                          = 1649
1652  futex(0xb0f006e8, FUTEX_UNLOCK_PI_PRIVATE <unfinished ...>
1657  <... futex resumed> )             = 0
1657  write(7, "\1\0\0\0\0\0\0\0", 8)   = 8
1657  read(3, "W", 10)                  = 1
1657  clock_gettime(CLOCK_MONOTONIC, {tv_sec=4623, tv_nsec=815131830}) = 0
1657  futex(0xb0f006e8, FUTEX_UNLOCK_PI_PRIVATE) = 0
1657  poll([{fd=3, events=POLLIN}, {fd=9, events=POLLIN}, {fd=11, events=POLLIN}], 3, 100 <unfinished ...>
1652  <... futex resumed> )             = 0
1652  futex(0xb0f05d54, FUTEX_WAIT_REQUEUE_PI_PRIVATE, 29, NULL, 0xb0f006e8 <unfinished ...>
1649  <... nanosleep resumed> NULL)     = 0
1649  nanosleep({tv_sec=0, tv_nsec=20000000}, NULL) = 0
1649  nanosleep({tv_sec=0, tv_nsec=20000000}, NULL) = 0
1649  nanosleep({tv_sec=0, tv_nsec=20000000},  <unfinished ...>
1657  <... poll resumed> )              = 1 ([{fd=11, revents=POLLIN}])
1657  clock_gettime(CLOCK_MONOTONIC, {tv_sec=4623, tv_nsec=874276029}) = 0
1657  read(11, "\1\0\0\0\0\0\0\0", 8)   = 8
1657  futex(0xb0f05d54, FUTEX_CMP_REQUEUE_PI_PRIVATE, 1, 2147483647, 0xb0f006e8, 30) = 1
1657  read(3, 0xb18adb10, 10)           = -1 EAGAIN (Resource temporarily unavailable)
1657  clock_gettime(CLOCK_MONOTONIC, {tv_sec=4623, tv_nsec=875547991}) = 0
1657  futex(0xb0f006e8, FUTEX_UNLOCK_PI_PRIVATE) = 0
1657  poll([{fd=3, events=POLLIN}, {fd=9, events=POLLIN}, {fd=11, events=POLLIN}], 3, 40 <unfinished ...>
1652  <... futex resumed> )             = 0
1652  getpid()                          = 1649
1652  getpid()                          = 1649
1652  write(4, "W", 1 <unfinished ...>
1657  <... poll resumed> )              = 1 ([{fd=3, revents=POLLIN}])
1657  futex(0xb0f006e8, FUTEX_LOCK_PI_PRIVATE, NULL <unfinished ...>
1652  <... write resumed> )             = 1
1652  futex(0xb0f006e8, FUTEX_UNLOCK_PI_PRIVATE <unfinished ...>
1657  <... futex resumed> )             = 0
1657  write(7, "\1\0\0\0\0\0\0\0", 8)   = 8
1657  read(3, "W", 10)                  = 1
1657  clock_gettime(CLOCK_MONOTONIC, {tv_sec=4623, tv_nsec=881581807}) = 0
1657  futex(0xb0f006e8, FUTEX_UNLOCK_PI_PRIVATE) = 0
1657  poll([{fd=3, events=POLLIN}, {fd=9, events=POLLIN}, {fd=11, events=POLLIN}], 3, 34 <unfinished ...>
1652  <... futex resumed> )             = 0
1652  futex(0xb6efbb4c, FUTEX_WAKE_OP_PRIVATE, 1, 1, 0xb6efbb48, FUTEX_OP_SET<<28|0<<12|FUTEX_OP_CMP_GT<<24|0x1 <unfinished ...>
1658  <... futex resumed> )             = 0
1658  futex(0xb6efbb2c, FUTEX_WAIT_PRIVATE, 2, NULL <unfinished ...>
1652  <... futex resumed> )             = 1
1652  futex(0xb6efbb2c, FUTEX_WAKE_PRIVATE, 1 <unfinished ...>
1658  <... futex resumed> )             = 0
1658  futex(0xb6efbb2c, FUTEX_WAKE_PRIVATE, 1) = 0
1658  futex(0xb6efbb4c, FUTEX_WAIT_PRIVATE, 27, NULL <unfinished ...>
1652  <... futex resumed> )             = 1
1652  write(5, "a\t48\t 0 97 80 93 100 93\n", 24) = 24
1652  lseek(10, 0, SEEK_SET)            = 0
1652  read(10, "1656 (mbrola) S 1649", 20) = 20
1652  poll([{fd=6, events=POLLIN}, {fd=8, events=POLLIN}], 2, 0) = 1 ([{fd=6, revents=POLLIN}])
1649  <... nanosleep resumed> NULL)     = 0
1649  nanosleep({tv_sec=0, tv_nsec=20000000},  <unfinished ...>
1652  read(6, "\347\34e\34\17\34(\33f\32H\30\225\25r\22\267\17+\rq\v\216\t\370\7\240\6\20\5\217\3"..., 602) = 602
1652  lseek(10, 0, SEEK_SET)            = 0
1652  read(10, "1656 (mbrola) S 1649", 20) = 20
1652  poll([{fd=6, events=POLLIN}, {fd=8, events=POLLIN}], 2, 0) = 1 ([{fd=6, revents=POLLIN}])
1652  read(6,  <unfinished ...>
1656  <... write resumed> )             = 4096
1656  _llseek(3, 1916928, [1916928], SEEK_SET) = 0
1656  read(3, "\17\0\v\0\t\0\t\0\6\0\t\0\0\0\5\0\375\377\10\0\372\377\n\0\376\377\5\0\3\0\4\0"..., 4096) = 4096
1656  read(3, "\244\1\212\1\314\1\306\1l\1\\\1c\1\23\1\302\0\351\0\17\1\262\0N\0\234\377\306\376\241\375"..., 4096) = 4096
1656  write(1, "\240\362\205\363Y\3658\366\374\365\203\366\277\367m\3716\372\247\373\222\374\n\375C\375\336\375\312\376\33\1"..., 4096 <unfinished ...>
1652  <... read resumed> "\226\4\355\2v\1\33\0\366\376\314\375\31\375:\374\221\373{\373\16\373\251\372\256\371\6\372q\372\343\372"..., 2044) = 2044
1652  getpid()                          = 1649
1652  getpid()                          = 1649
1652  write(4, "W", 1 <unfinished ...>
1657  <... poll resumed> )              = 1 ([{fd=3, revents=POLLIN}])
1657  futex(0xb0f006e8, FUTEX_LOCK_PI_PRIVATE, NULL <unfinished ...>
1652  <... write resumed> )             = 1
1652  futex(0xb0f006e8, FUTEX_UNLOCK_PI_PRIVATE <unfinished ...>
1657  <... futex resumed> )             = 0
1657  write(7, "\1\0\0\0\0\0\0\0", 8)   = 8
1657  read(3, "W", 10)                  = 1
1657  clock_gettime(CLOCK_MONOTONIC, {tv_sec=4623, tv_nsec=907380022}) = 0
1657  futex(0xb0f006e8, FUTEX_UNLOCK_PI_PRIVATE) = 0
1657  poll([{fd=3, events=POLLIN}, {fd=9, events=POLLIN}, {fd=11, events=POLLIN}], 3, 8 <unfinished ...>
1652  <... futex resumed> )             = 0
1652  futex(0xb6efbb4c, FUTEX_WAKE_OP_PRIVATE, 1, 1, 0xb6efbb48, FUTEX_OP_SET<<28|0<<12|FUTEX_OP_CMP_GT<<24|0x1 <unfinished ...>
1658  <... futex resumed> )             = 0
1658  futex(0xb6efbb2c, FUTEX_WAIT_PRIVATE, 2, NULL <unfinished ...>
1652  <... futex resumed> )             = 1
1652  futex(0xb6efbb2c, FUTEX_WAKE_PRIVATE, 1 <unfinished ...>
1658  <... futex resumed> )             = 0
1658  futex(0xb6efbb2c, FUTEX_WAKE_PRIVATE, 1) = 0
1649  <... nanosleep resumed> NULL)     = 0
1649  nanosleep({tv_sec=0, tv_nsec=20000000},  <unfinished ...>
1658  futex(0xb6efbb4c, FUTEX_WAIT_PRIVATE, 29, NULL <unfinished ...>
1652  <... futex resumed> )             = 1
1652  write(5, "a\t101\t 0 111 80 104 100 104\n", 28) = 28
1652  lseek(10, 0, SEEK_SET)            = 0
1652  read(10, "1656 (mbrola) S 1649", 20) = 20
1652  poll([{fd=6, events=POLLIN}, {fd=8, events=POLLIN}], 2, 0) = 1 ([{fd=6, revents=POLLIN}])
1657  <... poll resumed> )              = 0 (Timeout)
1657  clock_gettime(CLOCK_MONOTONIC, {tv_sec=4623, tv_nsec=916602741}) = 0
1657  getpid()                          = 1649
1657  gettimeofday({tv_sec=1536936045, tv_usec=147052}, NULL) = 0
1657  write(4, "W", 1)                  = 1
1657  clock_gettime(CLOCK_MONOTONIC, {tv_sec=4623, tv_nsec=917806704}) = 0
1657  write(4, "W", 1)                  = 1
1657  clock_gettime(CLOCK_MONOTONIC, {tv_sec=4623, tv_nsec=920877611}) = 0
1657  write(4, "W", 1)                  = 1
1657  read(3, "WWW", 10)                = 3
1657  write(7, "\1\0\0\0\0\0\0\0", 8)   = 8
1657  gettimeofday({tv_sec=1536936045, tv_usec=158307}, NULL) = 0
1657  clock_gettime(CLOCK_MONOTONIC, {tv_sec=4623, tv_nsec=928757371}) = 0
1657  read(3, 0xb18adb10, 10)           = -1 EAGAIN (Resource temporarily unavailable)
1657  clock_gettime(CLOCK_MONOTONIC, {tv_sec=4623, tv_nsec=929585346}) = 0
1657  poll([{fd=3, events=POLLIN}, {fd=9, events=POLLIN}, {fd=11, events=POLLIN}], 3, 632) = 1 ([{fd=11, revents=POLLIN}])
1657  clock_gettime(CLOCK_MONOTONIC, {tv_sec=4623, tv_nsec=930432320}) = 0
1657  read(11, "\1\0\0\0\0\0\0\0", 8)   = 8
1657  read(3, 0xb18adb10, 10)           = -1 EAGAIN (Resource temporarily unavailable)
1657  clock_gettime(CLOCK_MONOTONIC, {tv_sec=4623, tv_nsec=931330293}) = 0
1657  poll([{fd=3, events=POLLIN}, {fd=9, events=POLLIN}, {fd=11, events=POLLIN}], 3, 630 <unfinished ...>
1652  read(6,  <unfinished ...>
1656  <... write resumed> )             = 4096
1656  _llseek(3, 2039808,  <unfinished ...>
1649  <... nanosleep resumed> NULL)     = 0
1649  nanosleep({tv_sec=0, tv_nsec=20000000},  <unfinished ...>
1656  <... _llseek resumed> [2039808], SEEK_SET) = 0
1656  read(3, ":\4\37\4\337\3\225\3\27\3_\2\233\1\4\0013\0#\377\226\376_\376\347\375i\375P\375S\375"..., 4096) = 4096
1656  read(3, "3\377\224\376 \376\371\374,\374P\373\236\372\34\372\313\371\356\371\236\372\227\373\336\374^\376\5\0{\1"..., 4096) = 4096
1656  _llseek(3, 5603328, [5603328], SEEK_SET) = 0
1656  read(3, "\355\377\362\377\362\377\355\377\346\377\332\377\331\377\315\377\304\377\266\377\255\377\245\377\237\377\220\377\236\377\247\377"..., 4096) = 4096
1656  read(3, "\202\5\245\6\377\7\211\t\4\vG\fJ\r\20\16\177\16_\16\r\16\321\rt\r{\f\347\n\7\t"..., 4096) = 4096
1656  read(3, "\270\366f\365\\\364a\363\25\363-\363\220\363J\364\10\366\356\367K\372K\375\350\0I\4\6\10\230\v"..., 4096) = 4096
1656  write(1, "\247\25\333\20\350\10\236\0l\370\347\361\331\354\3\347\356\340\322\332\355\331\330\332\210\3358\340\4\343\230\342"..., 4096 <unfinished ...>
1652  <... read resumed> "\367\366\t\370\213\371j\371\326\371B\372a\372+\373p\374\216\374\341\374M\3761\0M\1\333\2\33\5"..., 2564) = 2564
1652  lseek(10, 0, SEEK_SET)            = 0
1652  read(10, "1656 (mbrola) S 1649", 20) = 20
1652  poll([{fd=6, events=POLLIN}, {fd=8, events=POLLIN}], 2, 0) = 1 ([{fd=6, revents=POLLIN}])
1652  read(6, ">\0\343\1~\376\317\370\222\372\207\0\330\0017\3\250\10\37\tO\5,\6i\6\302\5\307\6\341\4"..., 82) = 82
1652  getpid()                          = 1649
1652  getpid()                          = 1649
1652  write(4, "W", 1 <unfinished ...>
1657  <... poll resumed> )              = 1 ([{fd=3, revents=POLLIN}])
1657  futex(0xb0f006e8, FUTEX_LOCK_PI_PRIVATE, NULL <unfinished ...>
1652  <... write resumed> )             = 1
1652  getpid()                          = 1649
1652  futex(0xb0f006e8, FUTEX_UNLOCK_PI_PRIVATE <unfinished ...>
1657  <... futex resumed> )             = 0
1657  write(7, "\1\0\0\0\0\0\0\0", 8)   = 8
1657  read(3, "W", 10)                  = 1
1657  clock_gettime(CLOCK_MONOTONIC, {tv_sec=4623, tv_nsec=951644674}) = 0
1657  futex(0xb0f006e8, FUTEX_UNLOCK_PI_PRIVATE) = 0
1657  poll([{fd=3, events=POLLIN}, {fd=9, events=POLLIN}, {fd=11, events=POLLIN}], 3, 610 <unfinished ...>
1652  <... futex resumed> )             = 0
1652  futex(0xb0f05d54, FUTEX_WAIT_REQUEUE_PI_PRIVATE, 31, NULL, 0xb0f006e8 <unfinished ...>
1649  <... nanosleep resumed> NULL)     = 0
1649  nanosleep({tv_sec=0, tv_nsec=20000000}, NULL) = 0
1649  nanosleep({tv_sec=0, tv_nsec=20000000}, NULL) = 0
1649  nanosleep({tv_sec=0, tv_nsec=20000000},  <unfinished ...>
1657  <... poll resumed> )              = 1 ([{fd=11, revents=POLLIN}])
1657  clock_gettime(CLOCK_MONOTONIC, {tv_sec=4624, tv_nsec=10624879}) = 0
1657  read(11, "\1\0\0\0\0\0\0\0", 8)   = 8
1657  futex(0xb0f05d54, FUTEX_CMP_REQUEUE_PI_PRIVATE, 1, 2147483647, 0xb0f006e8, 32) = 1
1657  read(3, 0xb18adb10, 10)           = -1 EAGAIN (Resource temporarily unavailable)
1657  clock_gettime(CLOCK_MONOTONIC, {tv_sec=4624, tv_nsec=11938839}) = 0
1657  futex(0xb0f006e8, FUTEX_UNLOCK_PI_PRIVATE) = 0
1657  poll([{fd=3, events=POLLIN}, {fd=9, events=POLLIN}, {fd=11, events=POLLIN}], 3, 549 <unfinished ...>
1652  <... futex resumed> )             = 0
1652  getpid()                          = 1649
1652  getpid()                          = 1649
1652  write(4, "W", 1 <unfinished ...>
1657  <... poll resumed> )              = 1 ([{fd=3, revents=POLLIN}])
1657  futex(0xb0f006e8, FUTEX_LOCK_PI_PRIVATE, NULL <unfinished ...>
1652  <... write resumed> )             = 1
1649  <... nanosleep resumed> NULL)     = 0
1649  nanosleep({tv_sec=0, tv_nsec=20000000},  <unfinished ...>
1652  futex(0xb0f006e8, FUTEX_UNLOCK_PI_PRIVATE <unfinished ...>
1657  <... futex resumed> )             = 0
1657  write(7, "\1\0\0\0\0\0\0\0", 8)   = 8
1657  read(3, "W", 10)                  = 1
1657  clock_gettime(CLOCK_MONOTONIC, {tv_sec=4624, tv_nsec=19401612}) = 0
1657  futex(0xb0f006e8, FUTEX_UNLOCK_PI_PRIVATE) = 0
1657  poll([{fd=3, events=POLLIN}, {fd=9, events=POLLIN}, {fd=11, events=POLLIN}], 3, 542 <unfinished ...>
1652  <... futex resumed> )             = 0
1652  futex(0xb6efbb4c, FUTEX_WAKE_OP_PRIVATE, 1, 1, 0xb6efbb48, FUTEX_OP_SET<<28|0<<12|FUTEX_OP_CMP_GT<<24|0x1 <unfinished ...>
1658  <... futex resumed> )             = 0
1658  futex(0xb6efbb2c, FUTEX_WAIT_PRIVATE, 2, NULL <unfinished ...>
1652  <... futex resumed> )             = 1
1652  futex(0xb6efbb2c, FUTEX_WAKE_PRIVATE, 1 <unfinished ...>
1658  <... futex resumed> )             = 0
1658  futex(0xb6efbb2c, FUTEX_WAKE_PRIVATE, 1) = 0
1658  futex(0xb6efbb4c, FUTEX_WAIT_PRIVATE, 31, NULL <unfinished ...>
1652  <... futex resumed> )             = 1
1652  futex(0xb6efbb4c, FUTEX_WAKE_OP_PRIVATE, 1, 1, 0xb6efbb48, FUTEX_OP_SET<<28|0<<12|FUTEX_OP_CMP_GT<<24|0x1 <unfinished ...>
1658  <... futex resumed> )             = 0
1658  futex(0xb6efbb2c, FUTEX_WAIT_PRIVATE, 2, NULL <unfinished ...>
1652  <... futex resumed> )             = 1
1652  futex(0xb6efbb2c, FUTEX_WAKE_PRIVATE, 1 <unfinished ...>
1658  <... futex resumed> )             = 0
1658  futex(0xb6efbb2c, FUTEX_WAKE_PRIVATE, 1) = 0
1658  futex(0xb6efbb4c, FUTEX_WAIT_PRIVATE, 33, NULL <unfinished ...>
1652  <... futex resumed> )             = 1
1652  write(5, "a\t76\t 0 104 80 100 100 100\n", 27) = 27
1652  write(5, "n\t90\t100 93\n\n", 13) = 13
1652  lseek(10, 0, SEEK_SET)            = 0
1652  read(10, "1656 (mbrola) S 1649", 20) = 20
1652  poll([{fd=6, events=POLLIN}, {fd=8, events=POLLIN}], 2, 0) = 1 ([{fd=6, revents=POLLIN}])
1652  read(6,  <unfinished ...>
1649  <... nanosleep resumed> NULL)     = 0
1649  nanosleep({tv_sec=0, tv_nsec=20000000},  <unfinished ...>
1652  <... read resumed> "\245\2\266\10\251\f\375\fT\17+\20\200\r\262\t|\3\336\376#\375p\375\251\377\202\377m\376\333\377"..., 2638) = 2638
1652  lseek(10, 0, SEEK_SET)            = 0
1652  read(10, "1656 (mbrola) S 1649", 20) = 20
1652  poll([{fd=6, events=POLLIN}, {fd=8, events=POLLIN}], 2, 0) = 1 ([{fd=6, revents=POLLIN}])
1652  read(6, "w\2T\1\330\376\257\377", 8) = 8
1652  getpid()                          = 1649
1652  getpid()                          = 1649
1652  write(4, "W", 1 <unfinished ...>
1657  <... poll resumed> )              = 1 ([{fd=3, revents=POLLIN}])
1657  futex(0xb0f006e8, FUTEX_LOCK_PI_PRIVATE, NULL <unfinished ...>
1652  <... write resumed> )             = 1
1652  getpid()                          = 1649
1652  futex(0xb0f006e8, FUTEX_UNLOCK_PI_PRIVATE <unfinished ...>
1657  <... futex resumed> )             = 0
1657  write(7, "\1\0\0\0\0\0\0\0", 8)   = 8
1657  read(3, "W", 10)                  = 1
1657  clock_gettime(CLOCK_MONOTONIC, {tv_sec=4624, tv_nsec=47883745}) = 0
1657  futex(0xb0f006e8, FUTEX_UNLOCK_PI_PRIVATE) = 0
1657  poll([{fd=3, events=POLLIN}, {fd=9, events=POLLIN}, {fd=11, events=POLLIN}], 3, 513 <unfinished ...>
1652  <... futex resumed> )             = 0
1652  futex(0xb0f05d54, FUTEX_WAIT_REQUEUE_PI_PRIVATE, 33, NULL, 0xb0f006e8 <unfinished ...>
1649  <... nanosleep resumed> NULL)     = 0
1649  nanosleep({tv_sec=0, tv_nsec=20000000}, NULL) = 0
1649  nanosleep({tv_sec=0, tv_nsec=20000000},  <unfinished ...>
1657  <... poll resumed> )              = 1 ([{fd=11, revents=POLLIN}])
1657  clock_gettime(CLOCK_MONOTONIC, {tv_sec=4624, tv_nsec=97041248}) = 0
1657  read(11, "\1\0\0\0\0\0\0\0", 8)   = 8
1657  futex(0xb0f05d54, FUTEX_CMP_REQUEUE_PI_PRIVATE, 1, 2147483647, 0xb0f006e8, 34) = 1
1657  read(3, 0xb18adb10, 10)           = -1 EAGAIN (Resource temporarily unavailable)
1657  clock_gettime(CLOCK_MONOTONIC, {tv_sec=4624, tv_nsec=98400207}) = 0
1657  futex(0xb0f006e8, FUTEX_UNLOCK_PI_PRIVATE) = 0
1657  poll([{fd=3, events=POLLIN}, {fd=9, events=POLLIN}, {fd=11, events=POLLIN}], 3, 463 <unfinished ...>
1652  <... futex resumed> )             = 0
1652  getpid()                          = 1649
1652  getpid()                          = 1649
1652  write(4, "W", 1 <unfinished ...>
1657  <... poll resumed> )              = 1 ([{fd=3, revents=POLLIN}])
1657  futex(0xb0f006e8, FUTEX_LOCK_PI_PRIVATE, NULL <unfinished ...>
1649  <... nanosleep resumed> NULL)     = 0
1649  nanosleep({tv_sec=0, tv_nsec=20000000},  <unfinished ...>
1652  <... write resumed> )             = 1
1652  futex(0xb0f006e8, FUTEX_UNLOCK_PI_PRIVATE <unfinished ...>
1657  <... futex resumed> )             = 0
1657  write(7, "\1\0\0\0\0\0\0\0", 8)   = 8
1657  read(3, "W", 10)                  = 1
1657  clock_gettime(CLOCK_MONOTONIC, {tv_sec=4624, tv_nsec=110656834}) = 0
1657  futex(0xb0f006e8, FUTEX_UNLOCK_PI_PRIVATE) = 0
1657  poll([{fd=3, events=POLLIN}, {fd=9, events=POLLIN}, {fd=11, events=POLLIN}], 3, 451 <unfinished ...>
1652  <... futex resumed> )             = 0
1652  futex(0xb6efbb4c, FUTEX_WAKE_OP_PRIVATE, 1, 1, 0xb6efbb48, FUTEX_OP_SET<<28|0<<12|FUTEX_OP_CMP_GT<<24|0x1 <unfinished ...>
1658  <... futex resumed> )             = 0
1658  futex(0xb6efbb2c, FUTEX_WAIT_PRIVATE, 2, NULL <unfinished ...>
1652  <... futex resumed> )             = 1
1652  futex(0xb6efbb2c, FUTEX_WAKE_PRIVATE, 1 <unfinished ...>
1658  <... futex resumed> )             = 0
1658  futex(0xb6efbb2c, FUTEX_WAKE_PRIVATE, 1) = 0
1658  futex(0xb6efbb4c, FUTEX_WAIT_PRIVATE, 35, NULL <unfinished ...>
1652  <... futex resumed> )             = 1
1652  write(5, "j\t95\n", 5)            = 5
1652  lseek(10, 0, SEEK_SET)            = 0
1652  read(10, "1656 (mbrola) S 1649", 20) = 20
1652  poll([{fd=6, events=POLLIN}, {fd=8, events=POLLIN}], 2, 0) = 1 ([{fd=6, revents=POLLIN}])
1652  read(6,  <unfinished ...>
1656  <... write resumed> )             = 4096
1656  _llseek(3, 2011136, [2011136], SEEK_SET) = 0
1656  read(3, "\334\0\20\0\300\376\305\0\33\1\v\377\373\376[\375\220\374\334\373\31\373\254\372\n\373\274\373N\374\365\374"..., 4096) = 4096
1656  read(3, "\242\377\267\377\37\0\33\0\214\0\261\377\333\377\337\3774\0\341\377R\0\203\3772\0\366\377N\0\324\377"..., 4096) = 4096
1656  _llseek(3, 4583424, [4583424], SEEK_SET) = 0
1656  read(3, "\376\377\3\0\377\377\5\0\4\0\4\0\7\0\373\377\376\377\5\0\366\377\370\377\362\377\366\377\372\377\366\377"..., 4096) = 4096
1656  read(3, "\22\4\16\3\16\2w\1\34\1\365\0\251\0\370\377K\377\331\376\324\376\335\376\351\376\354\376\223\376q\376"..., 4096) = 4096
1656  write(1, "z\375%\376\251\377\346\1\337\4A\10\320\v\371\16q\21'\23\216\23\276\22~\20\357\f\260\10\344\3"..., 4096 <unfinished ...>
1652  <... read resumed> "\37\377\347\375\214\375\270\374\377\373>\3734\373.\374j\374\344\374\26\376\226\376\223\376\316\377\332\0j\0"..., 1976) = 1976
1652  lseek(10, 0, SEEK_SET)            = 0
1652  read(10, "1656 (mbrola) S 1649", 20) = 20
1652  poll([{fd=6, events=POLLIN}, {fd=8, events=POLLIN}], 2, 0) = 1 ([{fd=6, revents=POLLIN}])
1652  read(6, "n\24\332\17\244\t\323\1-\372\212\362\2\353`\344Q\336\354\3321\336>\345\364\346\351\345n\347c\352"..., 670) = 670
1652  getpid()                          = 1649
1652  getpid()                          = 1649
1652  write(4, "W", 1 <unfinished ...>
1657  <... poll resumed> )              = 1 ([{fd=3, revents=POLLIN}])
1657  futex(0xb0f006e8, FUTEX_LOCK_PI_PRIVATE, NULL <unfinished ...>
1652  <... write resumed> )             = 1
1652  getpid()                          = 1649
1652  futex(0xb0f006e8, FUTEX_UNLOCK_PI_PRIVATE <unfinished ...>
1657  <... futex resumed> )             = 0
1657  write(7, "\1\0\0\0\0\0\0\0", 8 <unfinished ...>
1649  <... nanosleep resumed> NULL)     = 0
1649  nanosleep({tv_sec=0, tv_nsec=20000000},  <unfinished ...>
1657  <... write resumed> )             = 8
1657  read(3, "W", 10)                  = 1
1657  clock_gettime(CLOCK_MONOTONIC, {tv_sec=4624, tv_nsec=130105242}) = 0
1657  futex(0xb0f006e8, FUTEX_UNLOCK_PI_PRIVATE) = 0
1657  poll([{fd=3, events=POLLIN}, {fd=9, events=POLLIN}, {fd=11, events=POLLIN}], 3, 431 <unfinished ...>
1652  <... futex resumed> )             = 0
1652  futex(0xb0f05d54, FUTEX_WAIT_REQUEUE_PI_PRIVATE, 35, NULL, 0xb0f006e8 <unfinished ...>
1649  <... nanosleep resumed> NULL)     = 0
1649  nanosleep({tv_sec=0, tv_nsec=20000000}, NULL) = 0
1649  nanosleep({tv_sec=0, tv_nsec=20000000},  <unfinished ...>
1657  <... poll resumed> )              = 1 ([{fd=11, revents=POLLIN}])
1657  clock_gettime(CLOCK_MONOTONIC, {tv_sec=4624, tv_nsec=178715762}) = 0
1657  read(11, "\1\0\0\0\0\0\0\0", 8)   = 8
1657  futex(0xb0f05d54, FUTEX_CMP_REQUEUE_PI_PRIVATE, 1, 2147483647, 0xb0f006e8, 36) = 1
1657  read(3, 0xb18adb10, 10)           = -1 EAGAIN (Resource temporarily unavailable)
1657  clock_gettime(CLOCK_MONOTONIC, {tv_sec=4624, tv_nsec=180245715}) = 0
1657  futex(0xb0f006e8, FUTEX_UNLOCK_PI_PRIVATE) = 0
1657  poll([{fd=3, events=POLLIN}, {fd=9, events=POLLIN}, {fd=11, events=POLLIN}], 3, 381 <unfinished ...>
1652  <... futex resumed> )             = 0
1652  getpid()                          = 1649
1652  getpid()                          = 1649
1652  write(4, "W", 1 <unfinished ...>
1657  <... poll resumed> )              = 1 ([{fd=3, revents=POLLIN}])
1657  futex(0xb0f006e8, FUTEX_LOCK_PI_PRIVATE, NULL <unfinished ...>
1652  <... write resumed> )             = 1
1652  futex(0xb0f006e8, FUTEX_UNLOCK_PI_PRIVATE <unfinished ...>
1657  <... futex resumed> )             = 0
1657  write(7, "\1\0\0\0\0\0\0\0", 8)   = 8
1657  read(3, "W", 10)                  = 1
1657  clock_gettime(CLOCK_MONOTONIC, {tv_sec=4624, tv_nsec=186479525}) = 0
1657  futex(0xb0f006e8, FUTEX_UNLOCK_PI_PRIVATE) = 0
1657  poll([{fd=3, events=POLLIN}, {fd=9, events=POLLIN}, {fd=11, events=POLLIN}], 3, 375 <unfinished ...>
1652  <... futex resumed> )             = 0
1652  futex(0xb6efbb4c, FUTEX_WAKE_OP_PRIVATE, 1, 1, 0xb6efbb48, FUTEX_OP_SET<<28|0<<12|FUTEX_OP_CMP_GT<<24|0x1 <unfinished ...>
1658  <... futex resumed> )             = 0
1658  futex(0xb6efbb2c, FUTEX_WAIT_PRIVATE, 2, NULL <unfinished ...>
1652  <... futex resumed> )             = 1
1652  futex(0xb6efbb2c, FUTEX_WAKE_PRIVATE, 1 <unfinished ...>
1649  <... nanosleep resumed> NULL)     = 0
1649  nanosleep({tv_sec=0, tv_nsec=20000000},  <unfinished ...>
1658  <... futex resumed> )             = 0
1658  futex(0xb6efbb2c, FUTEX_WAKE_PRIVATE, 1) = 0
1658  futex(0xb6efbb4c, FUTEX_WAIT_PRIVATE, 37, NULL <unfinished ...>
1652  <... futex resumed> )             = 1
1652  lseek(10, 0, SEEK_SET)            = 0
1652  read(10, "1656 (mbrola) S 1649", 20) = 20
1652  poll([{fd=6, events=POLLIN}, {fd=8, events=POLLIN}], 2, 0) = 1 ([{fd=6, revents=POLLIN}])
1652  read(6, "\374\20P\21\357\20\277\17L\16=\r\244\f\10\f\375\n)\t\361\6\371\4A\3\34\2\273\0/\377"..., 2370) = 2370
1652  lseek(10, 0, SEEK_SET)            = 0
1652  read(10, "1656 (mbrola) S 1649", 20) = 20
1652  poll([{fd=6, events=POLLIN}, {fd=8, events=POLLIN}], 2, 0) = 1 ([{fd=6, revents=POLLIN}])
1652  read(6,  <unfinished ...>
1656  <... write resumed> )             = 4096
1656  _llseek(3, 1740800, [1740800], SEEK_SET) = 0
1656  read(3, "\31\377\31\377\16\377\10\377\375\376\355\376\346\376\357\376\4\377-\377F\377h\377\210\377\256\377\323\377\372\377"..., 4096) = 4096
1656  read(3, "\346\374\230\375\16\376\267\376\364\377\21\1\266\1h\2o\3\223\4c\5\254\5\207\5@\5\265\4\177\3"..., 4096) = 4096
1656  write(1, "\234\376a\376\273\1\372\1\304\374\226\376\240\377\3\2\361\377\355\376\254\377\f\376\305\2\372\0\243\377\242\375"..., 4096 <unfinished ...>
1652  <... read resumed> "\0\0\0\0\0\0\0\0\0\0\0\0\0\0\0\0\0\0\0\0\0\0\0\0\0\0\0\0\0\0\0\0"..., 276) = 276
1652  getpid()                          = 1649
1652  getpid()                          = 1649
1652  write(4, "W", 1 <unfinished ...>
1657  <... poll resumed> )              = 1 ([{fd=3, revents=POLLIN}])
1657  futex(0xb0f006e8, FUTEX_LOCK_PI_PRIVATE, NULL <unfinished ...>
1652  <... write resumed> )             = 1
1652  getpid()                          = 1649
1652  futex(0xb0f006e8, FUTEX_UNLOCK_PI_PRIVATE <unfinished ...>
1657  <... futex resumed> )             = 0
1657  write(7, "\1\0\0\0\0\0\0\0", 8)   = 8
1657  read(3, "W", 10)                  = 1
1657  clock_gettime(CLOCK_MONOTONIC, {tv_sec=4624, tv_nsec=209553823}) = 0
1657  futex(0xb0f006e8, FUTEX_UNLOCK_PI_PRIVATE) = 0
1657  poll([{fd=3, events=POLLIN}, {fd=9, events=POLLIN}, {fd=11, events=POLLIN}], 3, 352 <unfinished ...>
1652  <... futex resumed> )             = 0
1652  futex(0xb0f05d54, FUTEX_WAIT_REQUEUE_PI_PRIVATE, 37, NULL, 0xb0f006e8 <unfinished ...>
1649  <... nanosleep resumed> NULL)     = 0
1649  nanosleep({tv_sec=0, tv_nsec=20000000}, NULL) = 0
1649  nanosleep({tv_sec=0, tv_nsec=20000000},  <unfinished ...>
1657  <... poll resumed> )              = 1 ([{fd=11, revents=POLLIN}])
1649  <... nanosleep resumed> NULL)     = 0
1649  nanosleep({tv_sec=0, tv_nsec=20000000},  <unfinished ...>
1657  clock_gettime(CLOCK_MONOTONIC, {tv_sec=4624, tv_nsec=258833323}) = 0
1657  read(11, "\1\0\0\0\0\0\0\0", 8)   = 8
1657  futex(0xb0f05d54, FUTEX_CMP_REQUEUE_PI_PRIVATE, 1, 2147483647, 0xb0f006e8, 38) = 1
1657  read(3, 0xb18adb10, 10)           = -1 EAGAIN (Resource temporarily unavailable)
1657  clock_gettime(CLOCK_MONOTONIC, {tv_sec=4624, tv_nsec=260252280}) = 0
1657  futex(0xb0f006e8, FUTEX_UNLOCK_PI_PRIVATE) = 0
1657  poll([{fd=3, events=POLLIN}, {fd=9, events=POLLIN}, {fd=11, events=POLLIN}], 3, 301 <unfinished ...>
1652  <... futex resumed> )             = 0
1652  getpid()                          = 1649
1652  getpid()                          = 1649
1652  write(4, "W", 1 <unfinished ...>
1657  <... poll resumed> )              = 1 ([{fd=3, revents=POLLIN}])
1657  futex(0xb0f006e8, FUTEX_LOCK_PI_PRIVATE, NULL <unfinished ...>
1652  <... write resumed> )             = 1
1652  futex(0xb0f006e8, FUTEX_UNLOCK_PI_PRIVATE <unfinished ...>
1657  <... futex resumed> )             = 0
1657  write(7, "\1\0\0\0\0\0\0\0", 8)   = 8
1657  read(3, "W", 10)                  = 1
1657  clock_gettime(CLOCK_MONOTONIC, {tv_sec=4624, tv_nsec=268483029}) = 0
1657  futex(0xb0f006e8, FUTEX_UNLOCK_PI_PRIVATE) = 0
1657  poll([{fd=3, events=POLLIN}, {fd=9, events=POLLIN}, {fd=11, events=POLLIN}], 3, 293 <unfinished ...>
