1656  read(3, "\327\377\322\377\317\377\320\377\325\377\333\377\334\377\334\377\327\377\316\377\314\377\310\377\324\377\334\377\343\377\356\377"..., 4096) = 4096
1656  read(3, "{\367\221\366\27\366\354\365\302\365r\366O\367\372\370\32\373\213\375/\0=\2=\4\262\5w\6\231\6"..., 4096) = 4096
1656  write(1, "1\375\371\373h\373\226\373\360\373\\\374\376\374\211\375\355\375\316\375\221\375\363\375\331\376\f\0\v\1\304\1"..., 4096 <unfinished ...>
1652  <... read resumed> "\21\363\246\363\314\364<\366\220\367\350\370\301\372j\374\36\375\223\375V\376\0\3770\377\323\377\375\0\274\1"..., 1464) = 1464
1652  getpid()                          = 1649
1652  getpid()                          = 1649
1652  write(4, "W", 1 <unfinished ...>
1657  <... poll resumed> )              = 1 ([{fd=3, revents=POLLIN}])
1657  futex(0xb0f006e8, FUTEX_LOCK_PI_PRIVATE, NULL <unfinished ...>
1652  <... write resumed> )             = 1
1652  futex(0xb0f006e8, FUTEX_UNLOCK_PI_PRIVATE <unfinished ...>
1657  <... futex resumed> )             = 0
1657  write(7, "\1\0\0\0\0\0\0\0", 8)   = 8
1657  read(3, "W", 10)                  = 1
1657  clock_gettime(CLOCK_MONOTONIC, {tv_sec=4626, tv_nsec=62960493}) = 0
1657  futex(0xb0f006e8, FUTEX_UNLOCK_PI_PRIVATE) = 0
1657  poll([{fd=3, events=POLLIN}, {fd=9, events=POLLIN}, {fd=11, events=POLLIN}], 3, 1292 <unfinished ...>
1652  <... futex resumed> )             = 0
1652  futex(0xb6efbb4c, FUTEX_WAKE_OP_PRIVATE, 1, 1, 0xb6efbb48, FUTEX_OP_SET<<28|0<<12|FUTEX_OP_CMP_GT<<24|0x1 <unfinished ...>
1658  <... futex resumed> )             = 0
1658  futex(0xb6efbb2c, FUTEX_WAIT_PRIVATE, 2, NULL <unfinished ...>
1652  <... futex resumed> )             = 1
1652  futex(0xb6efbb2c, FUTEX_WAKE_PRIVATE, 1 <unfinished ...>
1658  <... futex resumed> )             = 0
1658  futex(0xb6efbb2c, FUTEX_WAKE_PRIVATE, 1) = 0
1658  futex(0xb6efbb4c, FUTEX_WAIT_PRIVATE, 83, NULL <unfinished ...>
1652  <... futex resumed> )             = 1
1652  write(5, "i\t72\t 0 96 80 92 100 92\n", 24 <unfinished ...>
1649  <... nanosleep resumed> NULL)     = 0
1649  nanosleep({tv_sec=0, tv_nsec=20000000},  <unfinished ...>
1652  <... write resumed> )             = 24
1652  lseek(10, 0, SEEK_SET)            = 0
1652  read(10, "1656 (mbrola) S 1649", 20) = 20
1652  poll([{fd=6, events=POLLIN}, {fd=8, events=POLLIN}], 2, 0) = 1 ([{fd=6, revents=POLLIN}])
1652  read(6, "Q\361\201\362\244\365\375\367\253\372\354\375m\377I\376-\374*\372\251\371o\372\212\372\v\372!\373\236\375"..., 1896) = 1896
1652  lseek(10, 0, SEEK_SET)            = 0
1652  read(10, "1656 (mbrola) S 1649", 20) = 20
1652  poll([{fd=6, events=POLLIN}, {fd=8, events=POLLIN}], 2, 0) = 1 ([{fd=6, revents=POLLIN}])
1652  read(6, "l\1\23\377\26\375\250\373\33\372\377\367`\365\342\362\10\361z\357\r\357\347\357\35\362C\365\t\371O\375"..., 750) = 750
1652  getpid()                          = 1649
1652  getpid()                          = 1649
1652  write(4, "W", 1 <unfinished ...>
1657  <... poll resumed> )              = 1 ([{fd=3, revents=POLLIN}])
1657  futex(0xb0f006e8, FUTEX_LOCK_PI_PRIVATE, NULL <unfinished ...>
1652  <... write resumed> )             = 1
1652  getpid()                          = 1649
1652  futex(0xb0f006e8, FUTEX_UNLOCK_PI_PRIVATE <unfinished ...>
1657  <... futex resumed> )             = 0
1657  write(7, "\1\0\0\0\0\0\0\0", 8 <unfinished ...>
1649  <... nanosleep resumed> NULL)     = 0
1649  nanosleep({tv_sec=0, tv_nsec=20000000},  <unfinished ...>
1657  <... write resumed> )             = 8
1657  futex(0xb0f05d50, FUTEX_WAIT_PRIVATE, 2, NULL <unfinished ...>
1652  <... futex resumed> )             = 0
1652  futex(0xb0f05d50, FUTEX_WAKE_PRIVATE, 1 <unfinished ...>
1657  <... futex resumed> )             = 0
1657  futex(0xb0f05d50, FUTEX_WAKE_PRIVATE, 1) = 0
1657  futex(0xb0f05d54, FUTEX_CMP_REQUEUE_PI_PRIVATE, 1, 2147483647, 0xb0f006e8, 86) = 0
1657  read(3, "W", 10)                  = 1
1657  clock_gettime(CLOCK_MONOTONIC, {tv_sec=4626, tv_nsec=90804649}) = 0
1657  futex(0xb0f006e8, FUTEX_UNLOCK_PI_PRIVATE) = 0
1657  poll([{fd=3, events=POLLIN}, {fd=9, events=POLLIN}, {fd=11, events=POLLIN}], 3, 1264) = 1 ([{fd=11, revents=POLLIN}])
1657  clock_gettime(CLOCK_MONOTONIC, {tv_sec=4626, tv_nsec=92491597}) = 0
1657  read(11, "\1\0\0\0\0\0\0\0", 8)   = 8
1657  read(3, 0xb18adb10, 10)           = -1 EAGAIN (Resource temporarily unavailable)
1657  clock_gettime(CLOCK_MONOTONIC, {tv_sec=4626, tv_nsec=93374571}) = 0
1657  poll([{fd=3, events=POLLIN}, {fd=9, events=POLLIN}, {fd=11, events=POLLIN}], 3, 1262 <unfinished ...>
1652  <... futex resumed> )             = 1
1652  futex(0xb0f05d54, FUTEX_WAIT_REQUEUE_PI_PRIVATE, 85, NULL, 0xb0f006e8) = -1 EAGAIN (Resource temporarily unavailable)
1652  getpid()                          = 1649
1652  getpid()                          = 1649
1652  write(4, "W", 1 <unfinished ...>
1657  <... poll resumed> )              = 1 ([{fd=3, revents=POLLIN}])
1657  futex(0xb0f006e8, FUTEX_LOCK_PI_PRIVATE, NULL <unfinished ...>
1652  <... write resumed> )             = 1
1652  getpid()                          = 1649
1652  futex(0xb0f006e8, FUTEX_UNLOCK_PI_PRIVATE <unfinished ...>
1657  <... futex resumed> )             = 0
1657  write(7, "\1\0\0\0\0\0\0\0", 8)   = 8
1657  read(3, "W", 10)                  = 1
1657  clock_gettime(CLOCK_MONOTONIC, {tv_sec=4626, tv_nsec=97520445}) = 0
1657  futex(0xb0f006e8, FUTEX_UNLOCK_PI_PRIVATE) = 0
1657  poll([{fd=3, events=POLLIN}, {fd=9, events=POLLIN}, {fd=11, events=POLLIN}], 3, 1257 <unfinished ...>
1652  <... futex resumed> )             = 0
1652  futex(0xb0f05d54, FUTEX_WAIT_REQUEUE_PI_PRIVATE, 87, NULL, 0xb0f006e8 <unfinished ...>
1649  <... nanosleep resumed> NULL)     = 0
1649  nanosleep({tv_sec=0, tv_nsec=20000000}, NULL) = 0
1649  nanosleep({tv_sec=0, tv_nsec=20000000}, NULL) = 0
1649  nanosleep({tv_sec=0, tv_nsec=20000000}, NULL) = 0
1649  nanosleep({tv_sec=0, tv_nsec=20000000},  <unfinished ...>
1657  <... poll resumed> )              = 1 ([{fd=11, revents=POLLIN}])
1657  clock_gettime(CLOCK_MONOTONIC, {tv_sec=4626, tv_nsec=179952945}) = 0
1657  read(11, "\1\0\0\0\0\0\0\0", 8)   = 8
1657  futex(0xb0f05d54, FUTEX_CMP_REQUEUE_PI_PRIVATE, 1, 2147483647, 0xb0f006e8, 88) = 1
1657  read(3, 0xb18adb10, 10)           = -1 EAGAIN (Resource temporarily unavailable)
1657  clock_gettime(CLOCK_MONOTONIC, {tv_sec=4626, tv_nsec=181797889}) = 0
1657  futex(0xb0f006e8, FUTEX_UNLOCK_PI_PRIVATE) = 0
1657  poll([{fd=3, events=POLLIN}, {fd=9, events=POLLIN}, {fd=11, events=POLLIN}], 3, 1173 <unfinished ...>
1652  <... futex resumed> )             = 0
1652  getpid()                          = 1649
1652  getpid()                          = 1649
1652  write(4, "W", 1 <unfinished ...>
1657  <... poll resumed> )              = 1 ([{fd=3, revents=POLLIN}])
1657  futex(0xb0f006e8, FUTEX_LOCK_PI_PRIVATE, NULL <unfinished ...>
1652  <... write resumed> )             = 1
1652  futex(0xb0f006e8, FUTEX_UNLOCK_PI_PRIVATE <unfinished ...>
1657  <... futex resumed> )             = 0
1657  write(7, "\1\0\0\0\0\0\0\0", 8)   = 8
1657  read(3, "W", 10)                  = 1
1657  clock_gettime(CLOCK_MONOTONIC, {tv_sec=4626, tv_nsec=188601683}) = 0
1657  futex(0xb0f006e8, FUTEX_UNLOCK_PI_PRIVATE) = 0
1657  poll([{fd=3, events=POLLIN}, {fd=9, events=POLLIN}, {fd=11, events=POLLIN}], 3, 1166 <unfinished ...>
1652  <... futex resumed> )             = 0
1649  <... nanosleep resumed> NULL)     = 0
1649  nanosleep({tv_sec=0, tv_nsec=20000000},  <unfinished ...>
1652  futex(0xb6efbb4c, FUTEX_WAKE_OP_PRIVATE, 1, 1, 0xb6efbb48, FUTEX_OP_SET<<28|0<<12|FUTEX_OP_CMP_GT<<24|0x1 <unfinished ...>
1658  <... futex resumed> )             = 0
1658  futex(0xb6efbb2c, FUTEX_WAIT_PRIVATE, 2, NULL <unfinished ...>
1652  <... futex resumed> )             = 1
1652  futex(0xb6efbb2c, FUTEX_WAKE_PRIVATE, 1 <unfinished ...>
1658  <... futex resumed> )             = 0
1658  futex(0xb6efbb2c, FUTEX_WAKE_PRIVATE, 1) = 0
1658  futex(0xb6efbb4c, FUTEX_WAIT_PRIVATE, 85, NULL <unfinished ...>
1652  <... futex resumed> )             = 1
1652  futex(0xb6efbb4c, FUTEX_WAKE_OP_PRIVATE, 1, 1, 0xb6efbb48, FUTEX_OP_SET<<28|0<<12|FUTEX_OP_CMP_GT<<24|0x1 <unfinished ...>
1658  <... futex resumed> )             = 0
1658  futex(0xb6efbb2c, FUTEX_WAIT_PRIVATE, 2, NULL <unfinished ...>
1652  <... futex resumed> )             = 1
1652  futex(0xb6efbb2c, FUTEX_WAKE_PRIVATE, 1 <unfinished ...>
1658  <... futex resumed> )             = 0
1658  futex(0xb6efbb2c, FUTEX_WAKE_PRIVATE, 1) = 0
1658  futex(0xb6efbb4c, FUTEX_WAIT_PRIVATE, 87, NULL <unfinished ...>
1652  <... futex resumed> )             = 1
1652  write(5, "?\t85\n", 5)            = 5
1652  lseek(10, 0, SEEK_SET)            = 0
1652  read(10, "1656 (mbrola) S 1649", 20) = 20
1652  poll([{fd=6, events=POLLIN}, {fd=8, events=POLLIN}], 2, 0) = 1 ([{fd=6, revents=POLLIN}])
1652  read(6,  <unfinished ...>
1656  <... write resumed> )             = 4096
1656  _llseek(3, 1916928, [1916928], SEEK_SET) = 0
1656  read(3, "\17\0\v\0\t\0\t\0\6\0\t\0\0\0\5\0\375\377\10\0\372\377\n\0\376\377\5\0\3\0\4\0"..., 4096) = 4096
1656  read(3, "\244\1\212\1\314\1\306\1l\1\\\1c\1\23\1\302\0\351\0\17\1\262\0N\0\234\377\306\376\241\375"..., 4096) = 4096
1656  write(1, "2\ry\20\270\21\261\22\230\24q\27\2\30\\\27a\32f \356#\227!L\36u\33s\27\237\20"..., 4096 <unfinished ...>
1652  <... read resumed> "\277\16\213\17n\16X\v\370\7n\4\223\0&\374\33\367\v\364K\362)\361'\361^\362X\364U\366"..., 2290) = 2290
1652  lseek(10, 0, SEEK_SET)            = 0
1652  read(10, "1656 (mbrola) S 1649", 20) = 20
1652  poll([{fd=6, events=POLLIN}, {fd=8, events=POLLIN}], 2, 0) = 1 ([{fd=6, revents=POLLIN}])
1652  read(6, "\331\1\335\371U\362\356\353\310\346\204\342u\337\213\335\244\334]\334\256\334\t\336%\340\233\342\250\344\234\346"..., 356) = 356
1652  getpid()                          = 1649
1652  getpid()                          = 1649
1652  write(4, "W", 1 <unfinished ...>
1657  <... poll resumed> )              = 1 ([{fd=3, revents=POLLIN}])
1657  futex(0xb0f006e8, FUTEX_LOCK_PI_PRIVATE, NULL <unfinished ...>
1652  <... write resumed> )             = 1
1649  <... nanosleep resumed> NULL)     = 0
1649  nanosleep({tv_sec=0, tv_nsec=20000000},  <unfinished ...>
1652  getpid()                          = 1649
1652  futex(0xb0f006e8, FUTEX_UNLOCK_PI_PRIVATE <unfinished ...>
1657  <... futex resumed> )             = 0
1657  write(7, "\1\0\0\0\0\0\0\0", 8)   = 8
1657  futex(0xb0f05d50, FUTEX_WAIT_PRIVATE, 2, NULL <unfinished ...>
1652  <... futex resumed> )             = 0
1652  futex(0xb0f05d50, FUTEX_WAKE_PRIVATE, 1 <unfinished ...>
1657  <... futex resumed> )             = 0
1657  futex(0xb0f05d50, FUTEX_WAKE_PRIVATE, 1) = 0
1657  futex(0xb0f05d54, FUTEX_CMP_REQUEUE_PI_PRIVATE, 1, 2147483647, 0xb0f006e8, 90) = 0
1657  read(3, "W", 10)                  = 1
1657  clock_gettime(CLOCK_MONOTONIC, {tv_sec=4626, tv_nsec=222123666}) = 0
1657  futex(0xb0f006e8, FUTEX_UNLOCK_PI_PRIVATE) = 0
1657  poll([{fd=3, events=POLLIN}, {fd=9, events=POLLIN}, {fd=11, events=POLLIN}], 3, 1133) = 1 ([{fd=11, revents=POLLIN}])
1657  clock_gettime(CLOCK_MONOTONIC, {tv_sec=4626, tv_nsec=223109637}) = 0
1657  read(11, "\1\0\0\0\0\0\0\0", 8)   = 8
1657  read(3, 0xb18adb10, 10)           = -1 EAGAIN (Resource temporarily unavailable)
1657  clock_gettime(CLOCK_MONOTONIC, {tv_sec=4626, tv_nsec=223991610}) = 0
1657  poll([{fd=3, events=POLLIN}, {fd=9, events=POLLIN}, {fd=11, events=POLLIN}], 3, 1131 <unfinished ...>
1652  <... futex resumed> )             = 1
1652  futex(0xb0f05d54, FUTEX_WAIT_REQUEUE_PI_PRIVATE, 89, NULL, 0xb0f006e8) = -1 EAGAIN (Resource temporarily unavailable)
1652  getpid()                          = 1649
1652  getpid()                          = 1649
1652  write(4, "W", 1 <unfinished ...>
1657  <... poll resumed> )              = 1 ([{fd=3, revents=POLLIN}])
1657  futex(0xb0f006e8, FUTEX_LOCK_PI_PRIVATE, NULL <unfinished ...>
1652  <... write resumed> )             = 1
1652  futex(0xb0f006e8, FUTEX_UNLOCK_PI_PRIVATE <unfinished ...>
1657  <... futex resumed> )             = 0
1657  write(7, "\1\0\0\0\0\0\0\0", 8)   = 8
1657  read(3, "W", 10)                  = 1
1657  clock_gettime(CLOCK_MONOTONIC, {tv_sec=4626, tv_nsec=232135363}) = 0
1657  futex(0xb0f006e8, FUTEX_UNLOCK_PI_PRIVATE) = 0
1649  <... nanosleep resumed> NULL)     = 0
1649  nanosleep({tv_sec=0, tv_nsec=20000000},  <unfinished ...>
1657  poll([{fd=3, events=POLLIN}, {fd=9, events=POLLIN}, {fd=11, events=POLLIN}], 3, 1123 <unfinished ...>
1652  <... futex resumed> )             = 0
1652  futex(0xb6efbb4c, FUTEX_WAKE_OP_PRIVATE, 1, 1, 0xb6efbb48, FUTEX_OP_SET<<28|0<<12|FUTEX_OP_CMP_GT<<24|0x1 <unfinished ...>
1658  <... futex resumed> )             = 0
1658  futex(0xb6efbb2c, FUTEX_WAIT_PRIVATE, 2, NULL <unfinished ...>
1652  <... futex resumed> )             = 1
1652  futex(0xb6efbb2c, FUTEX_WAKE_PRIVATE, 1 <unfinished ...>
1658  <... futex resumed> )             = 0
1658  futex(0xb6efbb2c, FUTEX_WAKE_PRIVATE, 1) = 0
1658  futex(0xb6efbb4c, FUTEX_WAIT_PRIVATE, 89, NULL <unfinished ...>
1652  <... futex resumed> )             = 1
1652  write(5, "i\t75\t 0 103 80 96 100 96\n", 25) = 25
1652  lseek(10, 0, SEEK_SET)            = 0
1652  read(10, "1656 (mbrola) S 1649", 20) = 20
1652  poll([{fd=6, events=POLLIN}, {fd=8, events=POLLIN}], 2, 0) = 1 ([{fd=6, revents=POLLIN}])
1652  read(6, "\333\22d\22\363\24:\31T\31\346\30\330\31\215\33\272\36;\"\272\"\7!\2\0366\32*\24f\r"..., 1180) = 1180
1652  lseek(10, 0, SEEK_SET)            = 0
1652  read(10, "1656 (mbrola) S 1649", 20) = 20
1652  poll([{fd=6, events=POLLIN}, {fd=8, events=POLLIN}], 2, 0) = 1 ([{fd=6, revents=POLLIN}])
1652  read(6,  <unfinished ...>
1656  <... write resumed> )             = 4096
1656  _llseek(3, 1916928, [1916928], SEEK_SET) = 0
1656  read(3, "\17\0\v\0\t\0\t\0\6\0\t\0\0\0\5\0\375\377\10\0\372\377\n\0\376\377\5\0\3\0\4\0"..., 4096) = 4096
1656  read(3,  <unfinished ...>
1649  <... nanosleep resumed> NULL)     = 0
1649  nanosleep({tv_sec=0, tv_nsec=20000000},  <unfinished ...>
1656  <... read resumed> "\244\1\212\1\314\1\306\1l\1\\\1c\1\23\1\302\0\351\0\17\1\262\0N\0\234\377\306\376\241\375"..., 4096) = 4096
1656  _llseek(3, 1953792, [1953792], SEEK_SET) = 0
1656  read(3, "_\376\201\376\226\376\255\376\276\376\313\376\331\376\354\376\371\376\4\377\17\377\23\377\22\377*\377T\377w\377"..., 4096) = 4096
1656  read(3, "\310\4I\5A\5\221\5H\7\16\10\35\6\221\4\240\3\373\2\333\2\26\2\301\0\254\0\25\1\177\1"..., 4096) = 4096
1656  read(3, "\371\377\301\377L\377\310\376\274\376\235\376k\376\204\376\223\376\203\376\241\376\370\376\1\377\322\376\341\376\352\376"..., 4096) = 4096
1656  write(1, "\26\372\236\367\240\363)\357\7\353\213\351p\350\17\351\264\351\177\353q\355\346\360\5\366t\373P\0017\5"..., 4096 <unfinished ...>
1652  <... read resumed> "\341\v\230\t\342\6\22\4i\0 \374\32\370S\364\325\360\352\355\373\353\34\352\357\350\0\351\324\351\247\353"..., 1466) = 1466
1652  getpid()                          = 1649
1652  getpid()                          = 1649
1652  write(4, "W", 1 <unfinished ...>
1657  <... poll resumed> )              = 1 ([{fd=3, revents=POLLIN}])
1657  futex(0xb0f006e8, FUTEX_LOCK_PI_PRIVATE, NULL <unfinished ...>
1652  <... write resumed> )             = 1
1652  getpid()                          = 1649
1652  futex(0xb0f006e8, FUTEX_UNLOCK_PI_PRIVATE <unfinished ...>
1657  <... futex resumed> )             = 0
1657  write(7, "\1\0\0\0\0\0\0\0", 8)   = 8
1657  futex(0xb0f05d50, FUTEX_WAIT_PRIVATE, 2, NULL <unfinished ...>
1652  <... futex resumed> )             = 0
1652  futex(0xb0f05d50, FUTEX_WAKE_PRIVATE, 1 <unfinished ...>
1657  <... futex resumed> )             = 0
1657  futex(0xb0f05d50, FUTEX_WAKE_PRIVATE, 1) = 0
1657  futex(0xb0f05d54, FUTEX_CMP_REQUEUE_PI_PRIVATE, 1, 2147483647, 0xb0f006e8, 92) = 0
1657  read(3, "W", 10)                  = 1
1657  clock_gettime(CLOCK_MONOTONIC, {tv_sec=4626, tv_nsec=271987154}) = 0
1657  futex(0xb0f006e8, FUTEX_UNLOCK_PI_PRIVATE) = 0
1657  poll([{fd=3, events=POLLIN}, {fd=9, events=POLLIN}, {fd=11, events=POLLIN}], 3, 1083) = 1 ([{fd=11, revents=POLLIN}])
1657  clock_gettime(CLOCK_MONOTONIC, {tv_sec=4626, tv_nsec=273018123}) = 0
1657  read(11, "\1\0\0\0\0\0\0\0", 8)   = 8
1657  read(3, 0xb18adb10, 10)           = -1 EAGAIN (Resource temporarily unavailable)
1657  clock_gettime(CLOCK_MONOTONIC, {tv_sec=4626, tv_nsec=273904096}) = 0
1657  poll([{fd=3, events=POLLIN}, {fd=9, events=POLLIN}, {fd=11, events=POLLIN}], 3, 1081 <unfinished ...>
1652  <... futex resumed> )             = 1
1652  futex(0xb0f05d54, FUTEX_WAIT_REQUEUE_PI_PRIVATE, 91, NULL, 0xb0f006e8) = -1 EAGAIN (Resource temporarily unavailable)
1652  getpid()                          = 1649
1652  getpid( <unfinished ...>
1649  <... nanosleep resumed> NULL)     = 0
1649  nanosleep({tv_sec=0, tv_nsec=20000000},  <unfinished ...>
1652  <... getpid resumed> )            = 1649
1652  write(4, "W", 1 <unfinished ...>
1657  <... poll resumed> )              = 1 ([{fd=3, revents=POLLIN}])
1657  futex(0xb0f006e8, FUTEX_LOCK_PI_PRIVATE, NULL <unfinished ...>
1652  <... write resumed> )             = 1
1652  futex(0xb0f006e8, FUTEX_UNLOCK_PI_PRIVATE <unfinished ...>
1657  <... futex resumed> )             = 0
1657  write(7, "\1\0\0\0\0\0\0\0", 8)   = 8
1657  read(3, "W", 10)                  = 1
1657  clock_gettime(CLOCK_MONOTONIC, {tv_sec=4626, tv_nsec=283414808}) = 0
1657  futex(0xb0f006e8, FUTEX_UNLOCK_PI_PRIVATE) = 0
1657  poll([{fd=3, events=POLLIN}, {fd=9, events=POLLIN}, {fd=11, events=POLLIN}], 3, 1071 <unfinished ...>
1652  <... futex resumed> )             = 0
1652  futex(0xb6efbb4c, FUTEX_WAKE_OP_PRIVATE, 1, 1, 0xb6efbb48, FUTEX_OP_SET<<28|0<<12|FUTEX_OP_CMP_GT<<24|0x1 <unfinished ...>
1658  <... futex resumed> )             = 0
1658  futex(0xb6efbb2c, FUTEX_WAIT_PRIVATE, 2, NULL <unfinished ...>
1652  <... futex resumed> )             = 1
1652  futex(0xb6efbb2c, FUTEX_WAKE_PRIVATE, 1 <unfinished ...>
1658  <... futex resumed> )             = 0
1658  futex(0xb6efbb2c, FUTEX_WAKE_PRIVATE, 1) = 0
1658  futex(0xb6efbb4c, FUTEX_WAIT_PRIVATE, 91, NULL <unfinished ...>
1652  <... futex resumed> )             = 1
1652  write(5, "i\t50\t 0 96 80 92 100 92\n", 24) = 24
1652  lseek(10, 0, SEEK_SET)            = 0
1652  read(10, "1656 (mbrola) S 1649", 20) = 20
1652  poll([{fd=6, events=POLLIN}, {fd=8, events=POLLIN}], 2, 0) = 1 ([{fd=6, revents=POLLIN}])
1652  read(6, "W\0\34\0]\0\251\376\237\0E\377\23\1\254\377\31\377H\377\26\1\341\377X\377\367\377+\0\316\377"..., 2646) = 2646
1652  getpid()                          = 1649
1652  getpid()                          = 1649
1652  write(4, "W", 1 <unfinished ...>
1657  <... poll resumed> )              = 1 ([{fd=3, revents=POLLIN}])
1657  futex(0xb0f006e8, FUTEX_LOCK_PI_PRIVATE, NULL <unfinished ...>
1652  <... write resumed> )             = 1
1652  getpid()                          = 1649
1652  futex(0xb0f006e8, FUTEX_UNLOCK_PI_PRIVATE <unfinished ...>
1657  <... futex resumed> )             = 0
1657  write(7, "\1\0\0\0\0\0\0\0", 8)   = 8
1657  read(3, "W", 10)                  = 1
1657  clock_gettime(CLOCK_MONOTONIC,  <unfinished ...>
1649  <... nanosleep resumed> NULL)     = 0
1649  nanosleep({tv_sec=0, tv_nsec=20000000},  <unfinished ...>
1657  <... clock_gettime resumed> {tv_sec=4626, tv_nsec=300095302}) = 0
1657  futex(0xb0f006e8, FUTEX_UNLOCK_PI_PRIVATE) = 0
1657  poll([{fd=3, events=POLLIN}, {fd=9, events=POLLIN}, {fd=11, events=POLLIN}], 3, 1055 <unfinished ...>
1652  <... futex resumed> )             = 0
1652  futex(0xb0f05d54, FUTEX_WAIT_REQUEUE_PI_PRIVATE, 93, NULL, 0xb0f006e8 <unfinished ...>
1649  <... nanosleep resumed> NULL)     = 0
1649  nanosleep({tv_sec=0, tv_nsec=20000000}, NULL) = 0
1649  nanosleep({tv_sec=0, tv_nsec=20000000}, NULL) = 0
1649  nanosleep({tv_sec=0, tv_nsec=20000000},  <unfinished ...>
1657  <... poll resumed> )              = 1 ([{fd=11, revents=POLLIN}])
1657  clock_gettime(CLOCK_MONOTONIC, {tv_sec=4626, tv_nsec=366318294}) = 0
1657  read(11, "\1\0\0\0\0\0\0\0", 8)   = 8
1657  futex(0xb0f05d54, FUTEX_CMP_REQUEUE_PI_PRIVATE, 1, 2147483647, 0xb0f006e8, 94) = 1
1657  read(3, 0xb18adb10, 10)           = -1 EAGAIN (Resource temporarily unavailable)
1657  clock_gettime(CLOCK_MONOTONIC, {tv_sec=4626, tv_nsec=367623254}) = 0
1657  futex(0xb0f006e8, FUTEX_UNLOCK_PI_PRIVATE) = 0
1657  poll([{fd=3, events=POLLIN}, {fd=9, events=POLLIN}, {fd=11, events=POLLIN}], 3, 987 <unfinished ...>
1652  <... futex resumed> )             = 0
1652  getpid()                          = 1649
1652  getpid()                          = 1649
1652  write(4, "W", 1 <unfinished ...>
1657  <... poll resumed> )              = 1 ([{fd=3, revents=POLLIN}])
1657  futex(0xb0f006e8, FUTEX_LOCK_PI_PRIVATE, NULL <unfinished ...>
1652  <... write resumed> )             = 1
1652  futex(0xb0f006e8, FUTEX_UNLOCK_PI_PRIVATE <unfinished ...>
1657  <... futex resumed> )             = 0
1657  write(7, "\1\0\0\0\0\0\0\0", 8)   = 8
1657  read(3, "W", 10)                  = 1
1657  clock_gettime(CLOCK_MONOTONIC, {tv_sec=4626, tv_nsec=379887882}) = 0
1657  futex(0xb0f006e8, FUTEX_UNLOCK_PI_PRIVATE) = 0
1657  poll([{fd=3, events=POLLIN}, {fd=9, events=POLLIN}, {fd=11, events=POLLIN}], 3, 975 <unfinished ...>
1649  <... nanosleep resumed> NULL)     = 0
1649  nanosleep({tv_sec=0, tv_nsec=20000000},  <unfinished ...>
1652  <... futex resumed> )             = 0
1652  lseek(10, 0, SEEK_SET)            = 0
1652  read(10, "1656 (mbrola) S 1649", 20) = 20
1652  poll([{fd=6, events=POLLIN}, {fd=8, events=POLLIN}], 2, 0) = 1 ([{fd=6, revents=POLLIN}])
1652  read(6,  <unfinished ...>
1656  <... write resumed> )             = 4096
1656  _llseek(3, 2879488, [2879488], SEEK_SET) = 0
1656  read(3, "<\1\23\1\304\0\266\0M\0\31\0\353\377\230\377\177\377#\377.\377\277\376\234\376_\376q\376z\376"..., 4096) = 4096
1656  read(3, "T\2\264\2\5\3q\3\321\3\"\4d\4\242\4\312\4\350\4\330\4\257\4\205\4\207\4w\4J\4"..., 4096) = 4096
1656  _llseek(3, 3571712, [3571712], SEEK_SET) = 0
1656  read(3, "Y\377G\376\4\375!\374K\373Y\372x\371M\371\306\371]\372\305\372A\373i\374\243\375\306\376'\0"..., 4096) = 4096
1656  read(3, "\236\374D\374\3\374\300\373\336\373\376\373A\374k\374G\3741\374$\374B\374~\374\356\374\27\3753\375"..., 4096) = 4096
1656  write(1, "\307\17x\17\307\17~\r\200\v\3\23a\33\31\32a\32\232\33e\33\350\32s\31P\30Q\27y\25"..., 4096 <unfinished ...>
1652  <... read resumed> ":\7 \0\365\370\213\364\253\362^\362\207\363\360\363%\362\360\360\271\360\355\360\230\361 \363!\364Y\365"..., 656) = 656
1652  lseek(10, 0, SEEK_SET)            = 0
1652  read(10, "1656 (mbrola) S 1649", 20) = 20
1652  poll([{fd=6, events=POLLIN}, {fd=8, events=POLLIN}], 2, 0) = 1 ([{fd=6, revents=POLLIN}])
1652  read(6, "(\376\201\3d\10%\f\v\0170\20\272\17\322\16/\0163\rW\v\213\t\262\7\327\4k\1q\374"..., 1990) = 1990
1652  getpid()                          = 1649
1652  getpid()                          = 1649
1652  write(4, "W", 1 <unfinished ...>
1657  <... poll resumed> )              = 1 ([{fd=3, revents=POLLIN}])
1657  futex(0xb0f006e8, FUTEX_LOCK_PI_PRIVATE, NULL <unfinished ...>
1652  <... write resumed> )             = 1
1652  getpid()                          = 1649
1652  futex(0xb0f006e8, FUTEX_UNLOCK_PI_PRIVATE <unfinished ...>
1657  <... futex resumed> )             = 0
1657  write(7, "\1\0\0\0\0\0\0\0", 8)   = 8
1657  read(3, "W", 10)                  = 1
1657  clock_gettime(CLOCK_MONOTONIC, {tv_sec=4626, tv_nsec=401922214}) = 0
1649  <... nanosleep resumed> NULL)     = 0
1649  nanosleep({tv_sec=0, tv_nsec=20000000},  <unfinished ...>
1657  futex(0xb0f006e8, FUTEX_UNLOCK_PI_PRIVATE) = 0
1657  poll([{fd=3, events=POLLIN}, {fd=9, events=POLLIN}, {fd=11, events=POLLIN}], 3, 953 <unfinished ...>
1652  <... futex resumed> )             = 0
1652  futex(0xb0f05d54, FUTEX_WAIT_REQUEUE_PI_PRIVATE, 95, NULL, 0xb0f006e8 <unfinished ...>
1649  <... nanosleep resumed> NULL)     = 0
1649  nanosleep({tv_sec=0, tv_nsec=20000000}, NULL) = 0
1649  nanosleep({tv_sec=0, tv_nsec=20000000},  <unfinished ...>
1657  <... poll resumed> )              = 1 ([{fd=11, revents=POLLIN}])
1657  clock_gettime(CLOCK_MONOTONIC, {tv_sec=4626, tv_nsec=450869730}) = 0
1657  read(11, "\1\0\0\0\0\0\0\0", 8)   = 8
1657  futex(0xb0f05d54, FUTEX_CMP_REQUEUE_PI_PRIVATE, 1, 2147483647, 0xb0f006e8, 96) = 1
1657  read(3, 0xb18adb10, 10)           = -1 EAGAIN (Resource temporarily unavailable)
1657  clock_gettime(CLOCK_MONOTONIC, {tv_sec=4626, tv_nsec=452176690}) = 0
1657  futex(0xb0f006e8, FUTEX_UNLOCK_PI_PRIVATE) = 0
1657  poll([{fd=3, events=POLLIN}, {fd=9, events=POLLIN}, {fd=11, events=POLLIN}], 3, 903 <unfinished ...>
1652  <... futex resumed> )             = 0
1652  getpid()                          = 1649
1652  getpid()                          = 1649
1652  write(4, "W", 1 <unfinished ...>
1657  <... poll resumed> )              = 1 ([{fd=3, revents=POLLIN}])
1657  futex(0xb0f006e8, FUTEX_LOCK_PI_PRIVATE, NULL <unfinished ...>
1652  <... write resumed> )             = 1
1652  futex(0xb0f006e8, FUTEX_UNLOCK_PI_PRIVATE <unfinished ...>
1657  <... futex resumed> )             = 0
1657  write(7, "\1\0\0\0\0\0\0\0", 8)   = 8
1657  read(3, "W", 10)                  = 1
1657  clock_gettime(CLOCK_MONOTONIC, {tv_sec=4626, tv_nsec=461330413}) = 0
1657  futex(0xb0f006e8, FUTEX_UNLOCK_PI_PRIVATE) = 0
1657  poll([{fd=3, events=POLLIN}, {fd=9, events=POLLIN}, {fd=11, events=POLLIN}], 3, 894 <unfinished ...>
1652  <... futex resumed> )             = 0
1652  futex(0xb6efbb4c, FUTEX_WAKE_OP_PRIVATE, 1, 1, 0xb6efbb48, FUTEX_OP_SET<<28|0<<12|FUTEX_OP_CMP_GT<<24|0x1 <unfinished ...>
1658  <... futex resumed> )             = 0
1658  futex(0xb6efbb2c, FUTEX_WAIT_PRIVATE, 2, NULL <unfinished ...>
1652  <... futex resumed> )             = 1
1652  futex(0xb6efbb2c, FUTEX_WAKE_PRIVATE, 1 <unfinished ...>
1658  <... futex resumed> )             = 0
1658  futex(0xb6efbb2c, FUTEX_WAKE_PRIVATE, 1) = 0
1658  futex(0xb6efbb4c, FUTEX_WAIT_PRIVATE, 93, NULL <unfinished ...>
1652  <... futex resumed> )             = 1
1652  write(5, "H\t95\n", 5)            = 5
1652  lseek(10, 0, SEEK_SET)            = 0
1652  read(10, "1656 (mbrola) S 1649", 20) = 20
1652  poll([{fd=6, events=POLLIN}, {fd=8, events=POLLIN}], 2, 0 <unfinished ...>
1649  <... nanosleep resumed> NULL)     = 0
1649  nanosleep({tv_sec=0, tv_nsec=20000000},  <unfinished ...>
1652  <... poll resumed> )              = 1 ([{fd=6, revents=POLLIN}])
1652  read(6, "e.[3\301778\0365I-\232 \264\0206\1*\365E\347\1\326\344\306W\272\306\267;\300"..., 1050) = 1050
1652  lseek(10, 0, SEEK_SET)            = 0
1652  read(10, "1656 (mbrola) S 1649", 20) = 20
1652  poll([{fd=6, events=POLLIN}, {fd=8, events=POLLIN}], 2, 0) = 1 ([{fd=6, revents=POLLIN}])
1652  read(6,  <unfinished ...>
1656  <... write resumed> )             = 4096
1656  _llseek(3, 3211264, [3211264], SEEK_SET) = 0
1656  read(3, "w\1\262\1\345\1\355\1\254\1O\1\37\1.\1Z\1x\1j\1:\1\353\0\223\0P\0`\0"..., 4096) = 4096
1656  read(3, "\265\363\262\364\303\365F\3677\371\21\373w\374\307\375\235\377\37\2Z\4K\6\332\7:\tm\n\24\v"..., 4096) = 4096
1656  write(1, "S\376\367\375\317\375\242\375\264\375\350\375d\376\370\376\357\3761\377&\377\226\376e\376\\\376\0\376/\375"..., 4096 <unfinished ...>
1652  <... read resumed> "\247\370\20\372\21\374\312\377\32\3\375\4\3\7\0\nI\r\225\17R\20\314\17\355\16M\r\314\t\277\5"..., 1596) = 1596
1652  getpid()                          = 1649
1652  getpid()                          = 1649
1652  write(4, "W", 1 <unfinished ...>
1657  <... poll resumed> )              = 1 ([{fd=3, revents=POLLIN}])
1657  futex(0xb0f006e8, FUTEX_LOCK_PI_PRIVATE, NULL <unfinished ...>
1652  <... write resumed> )             = 1
1652  getpid()                          = 1649
1652  futex(0xb0f006e8, FUTEX_UNLOCK_PI_PRIVATE <unfinished ...>
1657  <... futex resumed> )             = 0
1657  write(7, "\1\0\0\0\0\0\0\0", 8)   = 8
1657  read(3, "W", 10)                  = 1
1657  clock_gettime(CLOCK_MONOTONIC, {tv_sec=4626, tv_nsec=482997756}) = 0
1657  futex(0xb0f006e8, FUTEX_UNLOCK_PI_PRIVATE) = 0
1657  poll([{fd=3, events=POLLIN}, {fd=9, events=POLLIN}, {fd=11, events=POLLIN}], 3, 872 <unfinished ...>
1652  <... futex resumed> )             = 0
1652  futex(0xb0f05d54, FUTEX_WAIT_REQUEUE_PI_PRIVATE, 97, NULL, 0xb0f006e8 <unfinished ...>
1649  <... nanosleep resumed> NULL)     = 0
1649  nanosleep({tv_sec=0, tv_nsec=20000000}, NULL) = 0
1649  nanosleep({tv_sec=0, tv_nsec=20000000}, NULL) = 0
1649  nanosleep({tv_sec=0, tv_nsec=20000000},  <unfinished ...>
1657  <... poll resumed> )              = 1 ([{fd=11, revents=POLLIN}])
1657  clock_gettime(CLOCK_MONOTONIC, {tv_sec=4626, tv_nsec=532475255}) = 0
1657  read(11, "\1\0\0\0\0\0\0\0", 8)   = 8
1657  futex(0xb0f05d54, FUTEX_CMP_REQUEUE_PI_PRIVATE, 1, 2147483647, 0xb0f006e8, 98) = 1
1657  read(3, 0xb18adb10, 10)           = -1 EAGAIN (Resource temporarily unavailable)
1657  clock_gettime(CLOCK_MONOTONIC, {tv_sec=4626, tv_nsec=533834214}) = 0
1657  futex(0xb0f006e8, FUTEX_UNLOCK_PI_PRIVATE) = 0
1657  poll([{fd=3, events=POLLIN}, {fd=9, events=POLLIN}, {fd=11, events=POLLIN}], 3, 821 <unfinished ...>
1652  <... futex resumed> )             = 0
1652  getpid()                          = 1649
1652  getpid()                          = 1649
1652  write(4, "W", 1 <unfinished ...>
1657  <... poll resumed> )              = 1 ([{fd=3, revents=POLLIN}])
1657  futex(0xb0f006e8, FUTEX_LOCK_PI_PRIVATE, NULL <unfinished ...>
1652  <... write resumed> )             = 1
1652  futex(0xb0f006e8, FUTEX_UNLOCK_PI_PRIVATE <unfinished ...>
1657  <... futex resumed> )             = 0
1657  write(7, "\1\0\0\0\0\0\0\0", 8)   = 8
1657  read(3, "W", 10)                  = 1
1657  clock_gettime(CLOCK_MONOTONIC, {tv_sec=4626, tv_nsec=540348017}) = 0
1657  futex(0xb0f006e8, FUTEX_UNLOCK_PI_PRIVATE) = 0
1657  poll([{fd=3, events=POLLIN}, {fd=9, events=POLLIN}, {fd=11, events=POLLIN}], 3, 815 <unfinished ...>
1652  <... futex resumed> )             = 0
1652  futex(0xb6efbb4c, FUTEX_WAKE_OP_PRIVATE, 1, 1, 0xb6efbb48, FUTEX_OP_SET<<28|0<<12|FUTEX_OP_CMP_GT<<24|0x1 <unfinished ...>
1658  <... futex resumed> )             = 0
1658  futex(0xb6efbb2c, FUTEX_WAIT_PRIVATE, 2, NULL <unfinished ...>
1652  <... futex resumed> )             = 1
1652  futex(0xb6efbb2c, FUTEX_WAKE_PRIVATE, 1 <unfinished ...>
1658  <... futex resumed> )             = 0
1658  futex(0xb6efbb2c, FUTEX_WAKE_PRIVATE, 1) = 0
1658  futex(0xb6efbb4c, FUTEX_WAIT_PRIVATE, 95, NULL <unfinished ...>
1652  <... futex resumed> )             = 1
1652  write(5, "l\t95\n", 5)            = 5
1652  lseek(10, 0, SEEK_SET)            = 0
1652  read(10, "1656 (mbrola) S 1649", 20) = 20
1652  poll([{fd=6, events=POLLIN}, {fd=8, events=POLLIN}], 2, 0) = 1 ([{fd=6, revents=POLLIN}])
1652  read(6, "\263\4\20\5-\5?\5^\5\232\5\330\5\314\5\271\5e\5 \5\1\5\220\4R\4\367\3\271\3"..., 1348) = 1348
1652  lseek(10, 0, SEEK_SET)            = 0
1652  read(10, "1656 (mbrola) S 1649", 20) = 20
1652  poll([{fd=6, events=POLLIN}, {fd=8, events=POLLIN}], 2, 0) = 1 ([{fd=6, revents=POLLIN}])
1652  read(6, "T\377i\377N\377\367\377\f\0f\0p\0\276\1J\0014\2t\0028\3\342\3\31\4\t\0044\5"..., 1298) = 1298
1652  getpid( <unfinished ...>
1649  <... nanosleep resumed> NULL)     = 0
1649  nanosleep({tv_sec=0, tv_nsec=20000000},  <unfinished ...>
1652  <... getpid resumed> )            = 1649
1652  getpid()                          = 1649
1652  write(4, "W", 1 <unfinished ...>
1657  <... poll resumed> )              = 1 ([{fd=3, revents=POLLIN}])
1657  futex(0xb0f006e8, FUTEX_LOCK_PI_PRIVATE, NULL <unfinished ...>
1652  <... write resumed> )             = 1
1652  getpid()                          = 1649
1652  futex(0xb0f006e8, FUTEX_UNLOCK_PI_PRIVATE <unfinished ...>
1657  <... futex resumed> )             = 0
1657  write(7, "\1\0\0\0\0\0\0\0", 8)   = 8
1657  read(3, "W", 10)                  = 1
1657  clock_gettime(CLOCK_MONOTONIC, {tv_sec=4626, tv_nsec=561362379}) = 0
1657  futex(0xb0f006e8, FUTEX_UNLOCK_PI_PRIVATE) = 0
1657  poll([{fd=3, events=POLLIN}, {fd=9, events=POLLIN}, {fd=11, events=POLLIN}], 3, 794 <unfinished ...>
1652  <... futex resumed> )             = 0
1652  futex(0xb0f05d54, FUTEX_WAIT_REQUEUE_PI_PRIVATE, 99, NULL, 0xb0f006e8 <unfinished ...>
1649  <... nanosleep resumed> NULL)     = 0
1649  nanosleep({tv_sec=0, tv_nsec=20000000}, NULL) = 0
1649  nanosleep({tv_sec=0, tv_nsec=20000000}, NULL) = 0
1649  nanosleep({tv_sec=0, tv_nsec=20000000},  <unfinished ...>
1657  <... poll resumed> )              = 1 ([{fd=11, revents=POLLIN}])
1657  clock_gettime(CLOCK_MONOTONIC, {tv_sec=4626, tv_nsec=620465587}) = 0
1657  read(11, "\1\0\0\0\0\0\0\0", 8)   = 8
1657  futex(0xb0f05d54, FUTEX_CMP_REQUEUE_PI_PRIVATE, 1, 2147483647, 0xb0f006e8, 100) = 1
1657  read(3, 0xb18adb10, 10)           = -1 EAGAIN (Resource temporarily unavailable)
1657  clock_gettime(CLOCK_MONOTONIC, {tv_sec=4626, tv_nsec=621783547}) = 0
1657  futex(0xb0f006e8, FUTEX_UNLOCK_PI_PRIVATE) = 0
1657  poll([{fd=3, events=POLLIN}, {fd=9, events=POLLIN}, {fd=11, events=POLLIN}], 3, 733 <unfinished ...>
1652  <... futex resumed> )             = 0
1652  getpid()                          = 1649
1652  getpid()                          = 1649
1652  write(4, "W", 1 <unfinished ...>
1657  <... poll resumed> )              = 1 ([{fd=3, revents=POLLIN}])
1657  futex(0xb0f006e8, FUTEX_LOCK_PI_PRIVATE, NULL <unfinished ...>
1652  <... write resumed> )             = 1
1652  futex(0xb0f006e8, FUTEX_UNLOCK_PI_PRIVATE <unfinished ...>
1657  <... futex resumed> )             = 0
1657  write(7, "\1\0\0\0\0\0\0\0", 8)   = 8
1657  read(3, "W", 10)                  = 1
1657  clock_gettime(CLOCK_MONOTONIC, {tv_sec=4626, tv_nsec=631207261}) = 0
1657  futex(0xb0f006e8, FUTEX_UNLOCK_PI_PRIVATE) = 0
1657  poll([{fd=3, events=POLLIN}, {fd=9, events=POLLIN}, {fd=11, events=POLLIN}], 3, 724 <unfinished ...>
1652  <... futex resumed> )             = 0
1652  futex(0xb6efbb4c, FUTEX_WAKE_OP_PRIVATE, 1, 1, 0xb6efbb48, FUTEX_OP_SET<<28|0<<12|FUTEX_OP_CMP_GT<<24|0x1 <unfinished ...>
1658  <... futex resumed> )             = 0
1658  futex(0xb6efbb2c, FUTEX_WAIT_PRIVATE, 2, NULL <unfinished ...>
1652  <... futex resumed> )             = 1
1652  futex(0xb6efbb2c, FUTEX_WAKE_PRIVATE, 1 <unfinished ...>
1658  <... futex resumed> )             = 0
1658  futex(0xb6efbb2c, FUTEX_WAKE_PRIVATE, 1) = 0
1658  futex(0xb6efbb4c, FUTEX_WAIT_PRIVATE, 97, NULL <unfinished ...>
1652  <... futex resumed> )             = 1
1652  write(5, "a\t50\t 0 97 80 93 100 93\n", 24) = 24
1652  lseek(10, 0, SEEK_SET)            = 0
1652  read(10,  <unfinished ...>
1649  <... nanosleep resumed> NULL)     = 0
1649  nanosleep({tv_sec=0, tv_nsec=20000000},  <unfinished ...>
1652  <... read resumed> "1656 (mbrola) S 1649", 20) = 20
1652  poll([{fd=6, events=POLLIN}, {fd=8, events=POLLIN}], 2, 0) = 1 ([{fd=6, revents=POLLIN}])
1652  read(6,  <unfinished ...>
1656  <... write resumed> )             = 4096
1656  _llseek(3, 2871296, [2871296], SEEK_SET) = 0
1656  read(3, "\\\6\315\5\250\5\221\5\364\4G\4V\3\220\0024\1)\0R\377\326\376\335\376\7\377a\377\355\377"..., 4096) = 4096
1656  read(3, ")\7\10\7G\5\220\5{\5k\4\233\1#\1\375\0c\1\341\377\32\376\177\374\261\373&\372\324\370"..., 4096) = 4096
1656  write(1, "{\377\375\375\317\373\346\371\0\370s\366\340\364\262\363\242\362\261\361g\3619\362\364\363\254\365\336\3658\365"..., 4096 <unfinished ...>
1652  <... read resumed> "\331\3745\376\304\377B\3\357\7j\fs\16O\r\0\17V\22\327\26\307\30_\31)\32\315\34\341\35"..., 1422) = 1422
1652  lseek(10, 0, SEEK_SET)            = 0
1652  read(10, "1656 (mbrola) S 1649", 20) = 20
1652  poll([{fd=6, events=POLLIN}, {fd=8, events=POLLIN}], 2, 0) = 1 ([{fd=6, revents=POLLIN}])
1652  read(6, "\214\375\244\376 \377C\377\321\377\264\0\315\1\215\2\352\2\247\2s\2\220\2\312\2\342\0020\0037\3"..., 1224) = 1224
1652  getpid()                          = 1649
1652  getpid()                          = 1649
1652  write(4, "W", 1 <unfinished ...>
1657  <... poll resumed> )              = 1 ([{fd=3, revents=POLLIN}])
1657  futex(0xb0f006e8, FUTEX_LOCK_PI_PRIVATE, NULL <unfinished ...>
1652  <... write resumed> )             = 1
1652  getpid()                          = 1649
1652  futex(0xb0f006e8, FUTEX_UNLOCK_PI_PRIVATE <unfinished ...>
1657  <... futex resumed> )             = 0
1657  write(7, "\1\0\0\0\0\0\0\0", 8)   = 8
1657  read(3, "W", 10)                  = 1
1657  clock_gettime(CLOCK_MONOTONIC, {tv_sec=4626, tv_nsec=652996601}) = 0
1657  futex(0xb0f006e8, FUTEX_UNLOCK_PI_PRIVATE) = 0
1657  poll([{fd=3, events=POLLIN}, {fd=9, events=POLLIN}, {fd=11, events=POLLIN}], 3, 702 <unfinished ...>
1652  <... futex resumed> )             = 0
1652  futex(0xb0f05d54, FUTEX_WAIT_REQUEUE_PI_PRIVATE, 101, NULL, 0xb0f006e8 <unfinished ...>
1649  <... nanosleep resumed> NULL)     = 0
1649  nanosleep({tv_sec=0, tv_nsec=20000000}, NULL) = 0
1649  nanosleep({tv_sec=0, tv_nsec=20000000}, NULL) = 0
1649  nanosleep({tv_sec=0, tv_nsec=20000000},  <unfinished ...>
1657  <... poll resumed> )              = 1 ([{fd=11, revents=POLLIN}])
1657  clock_gettime(CLOCK_MONOTONIC, {tv_sec=4626, tv_nsec=702573097}) = 0
1657  read(11, "\1\0\0\0\0\0\0\0", 8)   = 8
1657  futex(0xb0f05d54, FUTEX_CMP_REQUEUE_PI_PRIVATE, 1, 2147483647, 0xb0f006e8, 102) = 1
1657  read(3, 0xb18adb10, 10)           = -1 EAGAIN (Resource temporarily unavailable)
1657  clock_gettime(CLOCK_MONOTONIC, {tv_sec=4626, tv_nsec=703935056}) = 0
1657  futex(0xb0f006e8, FUTEX_UNLOCK_PI_PRIVATE) = 0
1657  poll([{fd=3, events=POLLIN}, {fd=9, events=POLLIN}, {fd=11, events=POLLIN}], 3, 651 <unfinished ...>
1652  <... futex resumed> )             = 0
1652  getpid()                          = 1649
1652  getpid()                          = 1649
1652  write(4, "W", 1 <unfinished ...>
1657  <... poll resumed> )              = 1 ([{fd=3, revents=POLLIN}])
1657  futex(0xb0f006e8, FUTEX_LOCK_PI_PRIVATE, NULL <unfinished ...>
1652  <... write resumed> )             = 1
1652  futex(0xb0f006e8, FUTEX_UNLOCK_PI_PRIVATE <unfinished ...>
1657  <... futex resumed> )             = 0
1657  write(7, "\1\0\0\0\0\0\0\0", 8)   = 8
1657  read(3, "W", 10)                  = 1
1657  clock_gettime(CLOCK_MONOTONIC, {tv_sec=4626, tv_nsec=711926814}) = 0
1657  futex(0xb0f006e8, FUTEX_UNLOCK_PI_PRIVATE) = 0
1657  poll([{fd=3, events=POLLIN}, {fd=9, events=POLLIN}, {fd=11, events=POLLIN}], 3, 643 <unfinished ...>
1652  <... futex resumed> )             = 0
1652  futex(0xb6efbb4c, FUTEX_WAKE_OP_PRIVATE, 1, 1, 0xb6efbb48, FUTEX_OP_SET<<28|0<<12|FUTEX_OP_CMP_GT<<24|0x1 <unfinished ...>
1658  <... futex resumed> )             = 0
1658  futex(0xb6efbb2c, FUTEX_WAIT_PRIVATE, 2, NULL <unfinished ...>
1652  <... futex resumed> )             = 1
1652  futex(0xb6efbb2c, FUTEX_WAKE_PRIVATE, 1 <unfinished ...>
1658  <... futex resumed> )             = 0
1658  futex(0xb6efbb2c, FUTEX_WAKE_PRIVATE, 1) = 0
1658  futex(0xb6efbb4c, FUTEX_WAIT_PRIVATE, 99, NULL <unfinished ...>
1652  <... futex resumed> )             = 1
1652  write(5, "a\t97\t 0 111 80 104 100 104\n", 27) = 27
1652  lseek(10, 0, SEEK_SET)            = 0
1652  read(10, "1656 (mbrola) S 1649", 20) = 20
1652  poll([{fd=6, events=POLLIN}, {fd=8, events=POLLIN}], 2, 0) = 1 ([{fd=6, revents=POLLIN}])
1652  read(6, "\313\377\246\377\231\377q\377\246\377\207\377\215\377\215\377\231\377\226\377\243\377\336\377\223\377\265\377\333\377\344\377"..., 2136) = 2136
1652  lseek(10, 0, SEEK_SET)            = 0
1652  read(10, "1656 (mbrola) S 1649", 20) = 20
1652  poll([{fd=6, events=POLLIN}, {fd=8, events=POLLIN}], 2, 0) = 1 ([{fd=6, revents=POLLIN}])
1652  read(6,  <unfinished ...>
1656  <... write resumed> )             = 4096
1656  _llseek(3, 3305472,  <unfinished ...>
1649  <... nanosleep resumed> NULL)     = 0
1649  nanosleep({tv_sec=0, tv_nsec=20000000},  <unfinished ...>
1656  <... _llseek resumed> [3305472], SEEK_SET) = 0
1656  read(3, "w\377j\377d\377\206\377K\377m\377.\377;\377\356\376\376\376\324\376\302\376\311\376\265\376\275\376\242\376"..., 4096) = 4096
1656  read(3, "J\0\244\377\6\377\315\377C\0\334\377\34\377\324\376\"\376p\375\235\374\345\374\202\375\357\375#\375\\\374"..., 4096) = 4096
1656  write(1, "\273\t]\nN\v_\fW\f\21\v\272\t\304\6\332\3\300\1\26\377\362\374\233\372\353\370B\367\5\366"..., 4096 <unfinished ...>
1652  <... read resumed> "\\\376\365\3753\376\222\376\222\376\243\376;\377H\377\355\376l\377y\377\262\376x\376\7\377=\376j\375"..., 510) = 510
1652  getpid()                          = 1649
1652  getpid()                          = 1649
1652  write(4, "W", 1 <unfinished ...>
1657  <... poll resumed> )              = 1 ([{fd=3, revents=POLLIN}])
1657  futex(0xb0f006e8, FUTEX_LOCK_PI_PRIVATE, NULL <unfinished ...>
1652  <... write resumed> )             = 1
1652  getpid()                          = 1649
1652  futex(0xb0f006e8, FUTEX_UNLOCK_PI_PRIVATE <unfinished ...>
1657  <... futex resumed> )             = 0
1657  write(7, "\1\0\0\0\0\0\0\0", 8)   = 8
1657  read(3, "W", 10)                  = 1
1657  clock_gettime(CLOCK_MONOTONIC, {tv_sec=4626, tv_nsec=733409162}) = 0
1657  futex(0xb0f006e8, FUTEX_UNLOCK_PI_PRIVATE) = 0
1657  poll([{fd=3, events=POLLIN}, {fd=9, events=POLLIN}, {fd=11, events=POLLIN}], 3, 621 <unfinished ...>
1652  <... futex resumed> )             = 0
1652  futex(0xb0f05d54, FUTEX_WAIT_REQUEUE_PI_PRIVATE, 103, NULL, 0xb0f006e8 <unfinished ...>
1649  <... nanosleep resumed> NULL)     = 0
1649  nanosleep({tv_sec=0, tv_nsec=20000000}, NULL) = 0
1649  nanosleep({tv_sec=0, tv_nsec=20000000}, NULL) = 0
1649  nanosleep({tv_sec=0, tv_nsec=20000000},  <unfinished ...>
1657  <... poll resumed> )              = 1 ([{fd=11, revents=POLLIN}])
1657  clock_gettime(CLOCK_MONOTONIC, {tv_sec=4626, tv_nsec=792527370}) = 0
1657  read(11, "\1\0\0\0\0\0\0\0", 8)   = 8
1657  futex(0xb0f05d54, FUTEX_CMP_REQUEUE_PI_PRIVATE, 1, 2147483647, 0xb0f006e8, 104) = 1
1657  read(3, 0xb18adb10, 10)           = -1 EAGAIN (Resource temporarily unavailable)
1657  clock_gettime(CLOCK_MONOTONIC, {tv_sec=4626, tv_nsec=794785301}) = 0
1657  futex(0xb0f006e8, FUTEX_UNLOCK_PI_PRIVATE) = 0
1657  poll([{fd=3, events=POLLIN}, {fd=9, events=POLLIN}, {fd=11, events=POLLIN}], 3, 560 <unfinished ...>
1652  <... futex resumed> )             = 0
1652  getpid()                          = 1649
1652  getpid()                          = 1649
1652  write(4, "W", 1 <unfinished ...>
1657  <... poll resumed> )              = 1 ([{fd=3, revents=POLLIN}])
1657  futex(0xb0f006e8, FUTEX_LOCK_PI_PRIVATE, NULL <unfinished ...>
1652  <... write resumed> )             = 1
1652  futex(0xb0f006e8, FUTEX_UNLOCK_PI_PRIVATE <unfinished ...>
1657  <... futex resumed> )             = 0
1657  write(7, "\1\0\0\0\0\0\0\0", 8)   = 8
1657  read(3, "W", 10)                  = 1
1657  clock_gettime(CLOCK_MONOTONIC, {tv_sec=4626, tv_nsec=801500098}) = 0
1657  futex(0xb0f006e8, FUTEX_UNLOCK_PI_PRIVATE) = 0
1657  poll([{fd=3, events=POLLIN}, {fd=9, events=POLLIN}, {fd=11, events=POLLIN}], 3, 553 <unfinished ...>
1652  <... futex resumed> )             = 0
1652  futex(0xb6efbb4c, FUTEX_WAKE_OP_PRIVATE, 1, 1, 0xb6efbb48, FUTEX_OP_SET<<28|0<<12|FUTEX_OP_CMP_GT<<24|0x1 <unfinished ...>
1658  <... futex resumed> )             = 0
1658  futex(0xb6efbb2c, FUTEX_WAIT_PRIVATE, 2, NULL <unfinished ...>
1652  <... futex resumed> )             = 1
1652  futex(0xb6efbb2c, FUTEX_WAKE_PRIVATE, 1 <unfinished ...>
1658  <... futex resumed> )             = 0
1658  futex(0xb6efbb2c, FUTEX_WAKE_PRIVATE, 1) = 0
1658  futex(0xb6efbb4c, FUTEX_WAIT_PRIVATE, 101, NULL <unfinished ...>
1652  <... futex resumed> )             = 1
1652  futex(0xb6efbb4c, FUTEX_WAKE_OP_PRIVATE, 1, 1, 0xb6efbb48, FUTEX_OP_SET<<28|0<<12|FUTEX_OP_CMP_GT<<24|0x1 <unfinished ...>
1658  <... futex resumed> )             = 0
1658  futex(0xb6efbb2c, FUTEX_WAIT_PRIVATE, 2, NULL <unfinished ...>
1652  <... futex resumed> )             = 1
1652  futex(0xb6efbb2c, FUTEX_WAKE_PRIVATE, 1 <unfinished ...>
1658  <... futex resumed> )             = 0
1658  futex(0xb6efbb2c, FUTEX_WAKE_PRIVATE, 1) = 0
1658  futex(0xb6efbb4c, FUTEX_WAIT_PRIVATE, 103, NULL <unfinished ...>
1652  <... futex resumed> )             = 1
1652  write(5, "?\t85\n", 5 <unfinished ...>
1649  <... nanosleep resumed> NULL)     = 0
1649  nanosleep({tv_sec=0, tv_nsec=20000000},  <unfinished ...>
1652  <... write resumed> )             = 5
1652  write(5, "i\t72\t 0 104 80 100 100 100\n", 27) = 27
1652  lseek(10, 0, SEEK_SET)            = 0
1652  read(10, "1656 (mbrola) S 1649", 20) = 20
1652  poll([{fd=6, events=POLLIN}, {fd=8, events=POLLIN}], 2, 0) = 1 ([{fd=6, revents=POLLIN}])
1652  read(6, "\372\23\17\22K\17\307\f\334\n_\10\31\7\347\6\200\10\240\f\266\r\227\r\344\16\340\20\7\23E\24"..., 2530) = 2530
1652  lseek(10, 0, SEEK_SET)            = 0
1652  read(10, "1656 (mbrola) S 1649", 20) = 20
1652  poll([{fd=6, events=POLLIN}, {fd=8, events=POLLIN}], 2, 0) = 1 ([{fd=6, revents=POLLIN}])
1652  read(6, "\223\353\236\354\361\357\261\364\344\3724\2\324\n\234\23,\33\247\37\5#q$\203!6\34\253\0260\21"..., 116) = 116
1652  getpid()                          = 1649
1652  getpid()                          = 1649
1652  write(4, "W", 1 <unfinished ...>
1657  <... poll resumed> )              = 1 ([{fd=3, revents=POLLIN}])
1657  futex(0xb0f006e8, FUTEX_LOCK_PI_PRIVATE, NULL <unfinished ...>
1652  <... write resumed> )             = 1
1652  getpid()                          = 1649
1652  futex(0xb0f006e8, FUTEX_UNLOCK_PI_PRIVATE <unfinished ...>
1657  <... futex resumed> )             = 0
1657  write(7, "\1\0\0\0\0\0\0\0", 8)   = 8
1657  read(3, "W", 10)                  = 1
1657  clock_gettime(CLOCK_MONOTONIC, {tv_sec=4626, tv_nsec=824480403}) = 0
1657  futex(0xb0f006e8, FUTEX_UNLOCK_PI_PRIVATE) = 0
1657  poll([{fd=3, events=POLLIN}, {fd=9, events=POLLIN}, {fd=11, events=POLLIN}], 3, 530 <unfinished ...>
1652  <... futex resumed> )             = 0
1652  futex(0xb0f05d54, FUTEX_WAIT_REQUEUE_PI_PRIVATE, 105, NULL, 0xb0f006e8 <unfinished ...>
1649  <... nanosleep resumed> NULL)     = 0
1649  nanosleep({tv_sec=0, tv_nsec=20000000}, NULL) = 0
1649  nanosleep({tv_sec=0, tv_nsec=20000000}, NULL) = 0
1649  nanosleep({tv_sec=0, tv_nsec=20000000},  <unfinished ...>
1657  <... poll resumed> )              = 1 ([{fd=11, revents=POLLIN}])
1657  clock_gettime(CLOCK_MONOTONIC, {tv_sec=4626, tv_nsec=883404619}) = 0
1657  read(11, "\1\0\0\0\0\0\0\0", 8)   = 8
1657  futex(0xb0f05d54, FUTEX_CMP_REQUEUE_PI_PRIVATE, 1, 2147483647, 0xb0f006e8, 106) = 1
1657  read(3, 0xb18adb10, 10)           = -1 EAGAIN (Resource temporarily unavailable)
1657  clock_gettime(CLOCK_MONOTONIC, {tv_sec=4626, tv_nsec=884719579}) = 0
1657  futex(0xb0f006e8, FUTEX_UNLOCK_PI_PRIVATE) = 0
1657  poll([{fd=3, events=POLLIN}, {fd=9, events=POLLIN}, {fd=11, events=POLLIN}], 3, 470 <unfinished ...>
1652  <... futex resumed> )             = 0
1652  getpid()                          = 1649
1652  getpid()                          = 1649
1652  write(4, "W", 1 <unfinished ...>
1657  <... poll resumed> )              = 1 ([{fd=3, revents=POLLIN}])
1657  futex(0xb0f006e8, FUTEX_LOCK_PI_PRIVATE, NULL <unfinished ...>
1652  <... write resumed> )             = 1
1652  futex(0xb0f006e8, FUTEX_UNLOCK_PI_PRIVATE <unfinished ...>
1657  <... futex resumed> )             = 0
1657  write(7, "\1\0\0\0\0\0\0\0", 8)   = 8
1657  read(3, "W", 10)                  = 1
1657  clock_gettime(CLOCK_MONOTONIC, {tv_sec=4626, tv_nsec=891947361}) = 0
1657  futex(0xb0f006e8, FUTEX_UNLOCK_PI_PRIVATE) = 0
1657  poll([{fd=3, events=POLLIN}, {fd=9, events=POLLIN}, {fd=11, events=POLLIN}], 3, 463 <unfinished ...>
1652  <... futex resumed> )             = 0
1652  futex(0xb6efbb4c, FUTEX_WAKE_OP_PRIVATE, 1, 1, 0xb6efbb48, FUTEX_OP_SET<<28|0<<12|FUTEX_OP_CMP_GT<<24|0x1 <unfinished ...>
1649  <... nanosleep resumed> NULL)     = 0
1649  nanosleep({tv_sec=0, tv_nsec=20000000},  <unfinished ...>
1658  <... futex resumed> )             = 0
1658  futex(0xb6efbb2c, FUTEX_WAIT_PRIVATE, 2, NULL <unfinished ...>
1652  <... futex resumed> )             = 1
1652  futex(0xb6efbb2c, FUTEX_WAKE_PRIVATE, 1 <unfinished ...>
1658  <... futex resumed> )             = 0
1658  futex(0xb6efbb2c, FUTEX_WAKE_PRIVATE, 1) = 0
1658  futex(0xb6efbb4c, FUTEX_WAIT_PRIVATE, 105, NULL <unfinished ...>
1652  <... futex resumed> )             = 1
1652  write(5, "S\t183\n", 6)           = 6
1652  lseek(10, 0, SEEK_SET)            = 0
1652  read(10, "1656 (mbrola) S 1649", 20) = 20
1652  poll([{fd=6, events=POLLIN}, {fd=8, events=POLLIN}], 2, 0) = 1 ([{fd=6, revents=POLLIN}])
1652  read(6,  <unfinished ...>
1656  <... write resumed> )             = 4096
1656  _llseek(3, 5603328, [5603328], SEEK_SET) = 0
1656  read(3, "\355\377\362\377\362\377\355\377\346\377\332\377\331\377\315\377\304\377\266\377\255\377\245\377\237\377\220\377\236\377\247\377"..., 4096) = 4096
1656  read(3, "\202\5\245\6\377\7\211\t\4\vG\fJ\r\20\16\177\16_\16\r\16\321\rt\r{\f\347\n\7\t"..., 4096) = 4096
1656  read(3, "\270\366f\365\\\364a\363\25\363-\363\220\363J\364\10\366\356\367K\372K\375\350\0I\4\6\10\230\v"..., 4096) = 4096
1656  _llseek(3, 1900544, [1900544], SEEK_SET) = 0
1656  read(3, "C\2\26\1\350\0^\0\354\377e\377t\376q\376p\376z\375\3\375\226\375U\376W\377\340\377U\0"..., 4096) = 4096
1656  read(3, "S\22>\21\230\17C\r\250\tz\5\346\1\343\376\346\373I\371\311\366w\364\2\363\24\362\234\361W\362"..., 4096) = 4096
1656  read(3, "[\376\203\376\31\3764\376\234\376 \0\324\0g\1\257\1\263\1\224\2\21\3\250\3}\3!\3\327\2"..., 4096) = 4096
1656  write(1, "\326\355^\361\302\364c\367 \371\363\373\n\0~\3\4\7\224\n\322\20\232\23#\24B\24\30\31\222\34"..., 4096 <unfinished ...>
1652  <... read resumed> "\235\23h\21\363\r\212\t\4\6\211\2\347\3768\374\36\372'\370\2\366{\364\314\363I\364\317\364\244\365"..., 1452) = 1452
1652  lseek(10, 0, SEEK_SET)            = 0
1652  read(10, "1656 (mbrola) S 1649", 20) = 20
1652  poll([{fd=6, events=POLLIN}, {fd=8, events=POLLIN}], 2, 0) = 1 ([{fd=6, revents=POLLIN}])
1652  read(6, "\213\376\310\376S\377\34\0v\0\312\0\370\0:\1\272\1*\2}\2\342\2(\3L\3!\3/\3"..., 1194) = 1194
1652  getpid()                          = 1649
